[ +266 ms] Artifact Instance of 'AndroidGenSnapshotArtifacts' is not required, skipping update.
[   +7 ms] Artifact Instance of 'AndroidInternalBuildArtifacts' is not required, skipping update.
[        ] Artifact Instance of 'IOSEngineArtifacts' is not required, skipping update.
[        ] Artifact Instance of 'FlutterWebSdk' is not required, skipping update.
[        ] Artifact Instance of 'LegacyCanvasKitRemover' is not required, skipping update.
[   +5 ms] Artifact Instance of 'WindowsEngineArtifacts' is not required, skipping update.
[        ] Artifact Instance of 'MacOSEngineArtifacts' is not required, skipping update.
[        ] Artifact Instance of 'LinuxEngineArtifacts' is not required, skipping update.
[        ] Artifact Instance of 'LinuxFuchsiaSDKArtifacts' is not required, skipping update.
[        ] Artifact Instance of 'MacOSFuchsiaSDKArtifacts' is not required, skipping update.
[        ] Artifact Instance of 'FlutterRunnerSDKArtifacts' is not required, skipping update.
[        ] Artifact Instance of 'FlutterRunnerDebugSymbols' is not required, skipping update.
[ +186 ms] Artifact Instance of 'AndroidGenSnapshotArtifacts' is not required, skipping update.
[        ] Artifact Instance of 'AndroidInternalBuildArtifacts' is not required, skipping update.
[        ] Artifact Instance of 'IOSEngineArtifacts' is not required, skipping update.
[   +9 ms] Artifact Instance of 'WindowsEngineArtifacts' is not required, skipping update.
[        ] Artifact Instance of 'MacOSEngineArtifacts' is not required, skipping update.
[        ] Artifact Instance of 'LinuxEngineArtifacts' is not required, skipping update.
[        ] Artifact Instance of 'LinuxFuchsiaSDKArtifacts' is not required, skipping update.
[        ] Artifact Instance of 'MacOSFuchsiaSDKArtifacts' is not required, skipping update.
[        ] Artifact Instance of 'FlutterRunnerSDKArtifacts' is not required, skipping update.
[        ] Artifact Instance of 'FlutterRunnerDebugSymbols' is not required, skipping update.
[ +105 ms] executing: [C:\projects\mathcalcu/] C:\flutter\bin\cache\dart-sdk\bin\dart pub --suppress-analytics --verbose --directory . get --example
flutter : FINE: Pub 3.6.0
At line:1 char:1
+ flutter run -d chrome -v 2>&1 > build_output.txt ; type build_output. ...
+ ~~~~~~~~~~~~~~~~~~~~~~~~~~~~~~~~~~~~~~~~~~~~~~~~
    + CategoryInfo          : NotSpecified: (FINE: Pub 3.6.0:String) [], Remot 
   eException
    + FullyQualifiedErrorId : NativeCommandError
 
MSG : Resolving dependencies...
SLVR: fact: calculus_system is 1.0.0+1
SLVR: derived: calculus_system
SLVR: fact: calculus_system depends on flutter from sdk
SLVR: fact: calculus_system depends on cupertino_icons ^1.0.8
SLVR: fact: calculus_system depends on go_router ^13.0.0
SLVR: fact: calculus_system depends on fl_chart ^0.68.0
SLVR: fact: calculus_system depends on flutter_math_fork ^0.7.2
SLVR: fact: calculus_system depends on provider ^6.1.0
SLVR: fact: calculus_system depends on equatable ^2.0.5
SLVR: fact: calculus_system depends on visibility_detector ^0.4.0+2
SLVR: fact: calculus_system depends on shared_preferences ^2.5.3
SLVR: fact: calculus_system depends on flutter_test from sdk
SLVR: fact: calculus_system depends on flutter_lints ^3.0.0
SLVR: fact: calculus_system depends on flutter_launcher_icons ^0.13.1
SLVR:   selecting calculus_system
SLVR:   derived: flutter_launcher_icons ^0.13.1
SLVR:   derived: flutter_lints ^3.0.0
SLVR:   derived: flutter_test from sdk
SLVR:   derived: shared_preferences ^2.5.3
SLVR:   derived: visibility_detector ^0.4.0+2
SLVR:   derived: equatable ^2.0.5
SLVR:   derived: provider ^6.1.0
SLVR:   derived: flutter_math_fork ^0.7.2
SLVR:   derived: fl_chart ^0.68.0
SLVR:   derived: go_router ^13.0.0
SLVR:   derived: cupertino_icons ^1.0.8
SLVR:   derived: flutter from sdk
SLVR:   fact: flutter_launcher_icons 0.13.1 depends on args ^2.3.2
SLVR:   fact: flutter_launcher_icons 0.13.1 depends on checked_yaml ^2.0.2
SLVR:   fact: flutter_launcher_icons 0.13.1 depends on cli_util ^0.4.0
SLVR:   fact: flutter_launcher_icons 0.13.1 depends on image ^4.0.15
SLVR:   fact: flutter_launcher_icons 0.13.1 depends on json_annotation ^4.8.0
SLVR:   fact: flutter_launcher_icons 0.13.1 depends on path ^1.8.2
SLVR:   fact: flutter_launcher_icons 0.13.1 depends on yaml ^3.1.1
SLVR:     selecting flutter_launcher_icons 0.13.1
SLVR:     derived: yaml ^3.1.1
SLVR:     derived: path ^1.8.2
SLVR:     derived: json_annotation ^4.8.0
SLVR:     derived: image ^4.0.15
SLVR:     derived: cli_util ^0.4.0
SLVR:     derived: checked_yaml ^2.0.2
SLVR:     derived: args ^2.3.2
SLVR:     fact: flutter_lints 3.0.2 depends on lints ^3.0.0
SLVR:       selecting flutter_lints 3.0.2
SLVR:       derived: lints ^3.0.0
SLVR:       fact: flutter_test 0.0.0 from sdk depends on flutter from sdk
SLVR:       fact: flutter_test 0.0.0 from sdk depends on test_api 0.7.3
SLVR:       fact: flutter_test 0.0.0 from sdk depends on matcher 0.12.16+1
SLVR:       fact: flutter_test 0.0.0 from sdk depends on path 1.9.0
SLVR:       fact: flutter_test 0.0.0 from sdk depends on fake_async 1.3.1
SLVR:       fact: flutter_test 0.0.0 from sdk depends on clock 1.1.1
SLVR:       fact: flutter_test 0.0.0 from sdk depends on stack_trace 1.12.0
SLVR:       fact: flutter_test 0.0.0 from sdk depends on vector_math 2.1.4
SLVR:       fact: flutter_test 0.0.0 from sdk depends on 
leak_tracker_flutter_testing 3.0.8
SLVR:       fact: flutter_test 0.0.0 from sdk depends on async 2.11.0
SLVR:       fact: flutter_test 0.0.0 from sdk depends on boolean_selector 2.1.1
SLVR:       fact: flutter_test 0.0.0 from sdk depends on characters 1.3.0
SLVR:       fact: flutter_test 0.0.0 from sdk depends on collection 1.19.0
SLVR:       fact: flutter_test 0.0.0 from sdk depends on leak_tracker 10.0.7
SLVR:       fact: flutter_test 0.0.0 from sdk depends on leak_tracker_testing 
3.0.1
SLVR:       fact: flutter_test 0.0.0 from sdk depends on 
material_color_utilities 0.11.1
SLVR:       fact: flutter_test 0.0.0 from sdk depends on meta 1.15.0
SLVR:       fact: flutter_test 0.0.0 from sdk depends on source_span 1.10.0
SLVR:       fact: flutter_test 0.0.0 from sdk depends on stream_channel 2.1.2
SLVR:       fact: flutter_test 0.0.0 from sdk depends on string_scanner 1.3.0
SLVR:       fact: flutter_test 0.0.0 from sdk depends on term_glyph 1.2.1
SLVR:       fact: flutter_test 0.0.0 from sdk depends on vm_service 14.3.0
SLVR:         selecting flutter_test 0.0.0 from sdk
SLVR:         derived: vm_service 14.3.0
SLVR:         derived: term_glyph 1.2.1
SLVR:         derived: string_scanner 1.3.0
SLVR:         derived: stream_channel 2.1.2
SLVR:         derived: source_span 1.10.0
SLVR:         derived: meta 1.15.0
SLVR:         derived: material_color_utilities 0.11.1
SLVR:         derived: leak_tracker_testing 3.0.1
SLVR:         derived: leak_tracker 10.0.7
SLVR:         derived: collection 1.19.0
SLVR:         derived: characters 1.3.0
SLVR:         derived: boolean_selector 2.1.1
SLVR:         derived: async 2.11.0
SLVR:         derived: leak_tracker_flutter_testing 3.0.8
SLVR:         derived: vector_math 2.1.4
SLVR:         derived: stack_trace 1.12.0
SLVR:         derived: clock 1.1.1
SLVR:         derived: fake_async 1.3.1
SLVR:         derived: path 1.9.0
SLVR:         derived: matcher 0.12.16+1
SLVR:         derived: test_api 0.7.3
SLVR:         fact: shared_preferences 2.5.3 depends on flutter from sdk
SLVR:         fact: shared_preferences 2.5.3 depends on 
shared_preferences_android ^2.3.4
SLVR:         fact: shared_preferences 2.5.3 depends on 
shared_preferences_foundation ^2.5.0
SLVR:         fact: shared_preferences 2.5.3 depends on 
shared_preferences_linux ^2.4.0
SLVR:         fact: shared_preferences 2.5.3 depends on 
shared_preferences_platform_interface ^2.4.0
SLVR:         fact: shared_preferences 2.5.3 depends on shared_preferences_web 
^2.4.0
SLVR:         fact: shared_preferences 2.5.3 depends on 
shared_preferences_windows ^2.4.0
SLVR:           selecting shared_preferences 2.5.3
SLVR:           derived: shared_preferences_windows ^2.4.0
SLVR:           derived: shared_preferences_web ^2.4.0
SLVR:           derived: shared_preferences_platform_interface ^2.4.0
SLVR:           derived: shared_preferences_linux ^2.4.0
SLVR:           derived: shared_preferences_foundation ^2.5.0
SLVR:           derived: shared_preferences_android ^2.3.4
SLVR:           fact: visibility_detector 0.4.0+2 depends on flutter from sdk
SLVR:             selecting visibility_detector 0.4.0+2
SLVR:             fact: equatable 2.0.8 depends on collection ^1.15.0
SLVR:             fact: equatable 2.0.8 depends on meta ^1.3.0
SLVR:               selecting equatable 2.0.8
SLVR:               fact: provider 6.1.5+1 depends on collection ^1.15.0
SLVR:               fact: provider 6.1.5+1 depends on flutter from sdk
SLVR:               fact: provider 6.1.5+1 depends on nested ^1.0.0
SLVR:                 selecting provider 6.1.5+1
SLVR:                 derived: nested ^1.0.0
SLVR:                 fact: flutter_math_fork 0.7.4 depends on flutter from sdk
SLVR:                 fact: flutter_math_fork 0.7.4 depends on flutter_svg 
^2.0.0+1
SLVR:                 fact: flutter_math_fork 0.7.4 depends on provider ^6.0.5
SLVR:                 fact: flutter_math_fork 0.7.4 depends on meta ^1.8.0
SLVR:                 fact: flutter_math_fork 0.7.4 depends on collection 
^1.17.0
SLVR:                 fact: flutter_math_fork 0.7.4 depends on tuple ^2.0.1
SLVR:                   selecting flutter_math_fork 0.7.4
SLVR:                   derived: tuple ^2.0.1
SLVR:                   derived: flutter_svg ^2.0.0+1
SLVR:                   fact: fl_chart 0.68.0 depends on equatable ^2.0.5
SLVR:                   fact: fl_chart 0.68.0 depends on flutter from sdk
SLVR:                     selecting fl_chart 0.68.0
SLVR:                     fact: go_router 13.2.5 depends on collection ^1.15.0
SLVR:                     fact: go_router 13.2.5 depends on flutter from sdk
SLVR:                     fact: go_router 13.2.5 depends on 
flutter_web_plugins from sdk
SLVR:                     fact: go_router 13.2.5 depends on logging ^1.0.0
SLVR:                     fact: go_router 13.2.5 depends on meta ^1.7.0
SLVR:                       selecting go_router 13.2.5
SLVR:                       derived: logging ^1.0.0
SLVR:                       derived: flutter_web_plugins from sdk
SLVR:                         selecting cupertino_icons 1.0.8
SLVR:                         fact: flutter 0.0.0 from sdk depends on 
characters 1.3.0
SLVR:                         fact: flutter 0.0.0 from sdk depends on 
collection 1.19.0
SLVR:                         fact: flutter 0.0.0 from sdk depends on 
material_color_utilities 0.11.1
SLVR:                         fact: flutter 0.0.0 from sdk depends on meta 
1.15.0
SLVR:                         fact: flutter 0.0.0 from sdk depends on 
vector_math 2.1.4
SLVR:                         fact: flutter 0.0.0 from sdk depends on 
sky_engine from sdk
SLVR:                           selecting flutter 0.0.0 from sdk
SLVR:                           derived: sky_engine from sdk
SLVR:                           fact: yaml 3.1.3 depends on collection ^1.15.0
SLVR:                           fact: yaml 3.1.3 depends on source_span ^1.8.0
SLVR:                           fact: yaml 3.1.3 depends on string_scanner 
^1.2.0
SLVR:                             selecting yaml 3.1.3
SLVR:                               selecting path 1.9.0
SLVR:                               fact: json_annotation 4.9.0 depends on 
meta ^1.4.0
SLVR:                                 selecting json_annotation 4.9.0
SLVR:                                 fact: image 4.8.0 depends on archive 
^4.0.7
SLVR:                                 fact: image 4.8.0 depends on meta ^1.3.0
SLVR:                                 fact: image 4.8.0 depends on xml ^6.0.1
SLVR:                                   selecting image 4.8.0
SLVR:                                   derived: xml ^6.0.1
SLVR:                                   derived: archive ^4.0.7
SLVR:                                   fact: cli_util 0.4.2 depends on meta 
^1.7.0
SLVR:                                   fact: cli_util 0.4.2 depends on path 
^1.8.0
SLVR:                                     selecting cli_util 0.4.2
SLVR:                                     fact: checked_yaml 2.0.3 depends on 
json_annotation ^4.3.0
SLVR:                                     fact: checked_yaml 2.0.3 depends on 
source_span ^1.8.0
SLVR:                                     fact: checked_yaml 2.0.3 depends on 
yaml ^3.0.0
SLVR:                                       selecting checked_yaml 2.0.3
SLVR:                                         selecting args 2.7.0
SLVR:                                           selecting lints 3.0.0
SLVR:                                             selecting vm_service 14.3.0
SLVR:                                               selecting term_glyph 1.2.1
SLVR:                                               fact: string_scanner 1.3.0 
depends on source_span ^1.8.0
SLVR:                                                 selecting string_scanner 
1.3.0
SLVR:                                                 fact: stream_channel 
2.1.2 depends on async ^2.5.0
SLVR:                                                   selecting 
stream_channel 2.1.2
SLVR:                                                   fact: source_span 
1.10.0 depends on collection ^1.15.0
SLVR:                                                   fact: source_span 
1.10.0 depends on path ^1.8.0
SLVR:                                                   fact: source_span 
1.10.0 depends on term_glyph ^1.2.0
SLVR:                                                     selecting 
source_span 1.10.0
SLVR:                                                       selecting meta 
1.15.0
SLVR:                                                       fact: 
material_color_utilities 0.11.1 depends on collection ^1.15.0
SLVR:                                                         selecting 
material_color_utilities 0.11.1
SLVR:                                                         fact: 
leak_tracker_testing 3.0.1 depends on leak_tracker >=9.0.0 <11.0.0
SLVR:                                                         fact: 
leak_tracker_testing 3.0.1 depends on matcher ^0.12.16
SLVR:                                                         fact: 
leak_tracker_testing 3.0.1 depends on meta ^1.11.0
SLVR:                                                           selecting 
leak_tracker_testing 3.0.1
SLVR:                                                           fact: 
leak_tracker 10.0.7 depends on clock ^1.1.1
SLVR:                                                           fact: 
leak_tracker 10.0.7 depends on collection ^1.15.0
SLVR:                                                           fact: 
leak_tracker 10.0.7 depends on meta ^1.8.0
SLVR:                                                           fact: 
leak_tracker 10.0.7 depends on path ^1.8.3
SLVR:                                                           fact: 
leak_tracker 10.0.7 depends on vm_service >=11.10.0 <15.0.0
SLVR:                                                             selecting 
leak_tracker 10.0.7
SLVR:                                                               selecting 
collection 1.19.0
SLVR:                                                                 
selecting characters 1.3.0
SLVR:                                                                 fact: 
boolean_selector 2.1.1 depends on source_span ^1.8.0
SLVR:                                                                 fact: 
boolean_selector 2.1.1 depends on string_scanner ^1.1.0
SLVR:                                                                   
selecting boolean_selector 2.1.1
SLVR:                                                                   fact: 
async 2.11.0 depends on collection ^1.15.0
SLVR:                                                                   fact: 
async 2.11.0 depends on meta ^1.1.7
SLVR:                                                                     
selecting async 2.11.0
SLVR:                                                                     
fact: leak_tracker_flutter_testing 3.0.8 depends on flutter from sdk
SLVR:                                                                     
fact: leak_tracker_flutter_testing 3.0.8 depends on leak_tracker ^10.0.7
SLVR:                                                                     
fact: leak_tracker_flutter_testing 3.0.8 depends on leak_tracker_testing ^3.0.1
SLVR:                                                                     
fact: leak_tracker_flutter_testing 3.0.8 depends on matcher ^0.12.16
SLVR:                                                                     
fact: leak_tracker_flutter_testing 3.0.8 depends on meta ^1.8.0
SLVR:                                                                       
selecting leak_tracker_flutter_testing 3.0.8
SLVR:                                                                         
selecting vector_math 2.1.4
SLVR:                                                                         
fact: stack_trace 1.12.0 depends on path ^1.8.0
SLVR:                                                                          
 selecting stack_trace 1.12.0
SLVR:                                                                          
   selecting clock 1.1.1
SLVR:                                                                          
   fact: fake_async 1.3.1 depends on clock ^1.1.0
SLVR:                                                                          
   fact: fake_async 1.3.1 depends on collection ^1.15.0
SLVR:                                                                          
     selecting fake_async 1.3.1
SLVR:                                                                          
     fact: matcher 0.12.16+1 depends on async ^2.10.0
SLVR:                                                                          
     fact: matcher 0.12.16+1 depends on meta ^1.8.0
SLVR:                                                                          
     fact: matcher 0.12.16+1 depends on stack_trace ^1.10.0
SLVR:                                                                          
     fact: matcher 0.12.16+1 depends on term_glyph ^1.2.0
SLVR:                                                                          
     fact: matcher 0.12.16+1 depends on test_api >=0.5.0 <0.8.0
SLVR:                                                                          
       selecting matcher 0.12.16+1
SLVR:                                                                          
       fact: test_api 0.7.3 depends on async ^2.5.0
SLVR:                                                                          
       fact: test_api 0.7.3 depends on boolean_selector ^2.1.0
SLVR:                                                                          
       fact: test_api 0.7.3 depends on collection ^1.15.0
SLVR:                                                                          
       fact: test_api 0.7.3 depends on meta ^1.14.0
SLVR:                                                                          
       fact: test_api 0.7.3 depends on source_span ^1.8.0
SLVR:                                                                          
       fact: test_api 0.7.3 depends on stack_trace ^1.10.0
SLVR:                                                                          
       fact: test_api 0.7.3 depends on stream_channel ^2.1.0
SLVR:                                                                          
       fact: test_api 0.7.3 depends on string_scanner ^1.1.0
SLVR:                                                                          
       fact: test_api 0.7.3 depends on term_glyph ^1.2.0
SLVR:                                                                          
         selecting test_api 0.7.3
SLVR:                                                                          
         fact: shared_preferences_windows 2.4.1 depends on file >=6.0.0 <8.0.0
SLVR:                                                                          
         fact: shared_preferences_windows 2.4.1 depends on flutter from sdk
SLVR:                                                                          
         fact: shared_preferences_windows 2.4.1 depends on path ^1.8.0
SLVR:                                                                          
         fact: shared_preferences_windows 2.4.1 depends on 
path_provider_platform_interface ^2.0.0
SLVR:                                                                          
         fact: shared_preferences_windows 2.4.1 depends on 
path_provider_windows ^2.0.0
SLVR:                                                                          
         fact: shared_preferences_windows 2.4.1 depends on 
shared_preferences_platform_interface ^2.4.0
SLVR:                                                                          
           selecting shared_preferences_windows 2.4.1
SLVR:                                                                          
           derived: path_provider_windows ^2.0.0
SLVR:                                                                          
           derived: path_provider_platform_interface ^2.0.0
SLVR:                                                                          
           derived: file >=6.0.0 <8.0.0
SLVR:                                                                          
           fact: shared_preferences_web 2.4.3 depends on flutter from sdk
SLVR:                                                                          
           fact: shared_preferences_web 2.4.3 depends on flutter_web_plugins 
from sdk
SLVR:                                                                          
           fact: shared_preferences_web 2.4.3 depends on 
shared_preferences_platform_interface ^2.4.0
SLVR:                                                                          
           fact: shared_preferences_web 2.4.3 depends on web >=0.5.1 <2.0.0
SLVR:                                                                          
             selecting shared_preferences_web 2.4.3
SLVR:                                                                          
             derived: web >=0.5.1 <2.0.0
SLVR:                                                                          
             fact: shared_preferences_platform_interface 2.4.1 depends on 
flutter from sdk
SLVR:                                                                          
             fact: shared_preferences_platform_interface 2.4.1 depends on 
plugin_platform_interface ^2.1.7
SLVR:                                                                          
               selecting shared_preferences_platform_interface 2.4.1
SLVR:                                                                          
               derived: plugin_platform_interface ^2.1.7
SLVR:                                                                          
               fact: shared_preferences_linux 2.4.1 depends on file >=6.0.0 
<8.0.0
SLVR:                                                                          
               fact: shared_preferences_linux 2.4.1 depends on flutter from sdk
SLVR:                                                                          
               fact: shared_preferences_linux 2.4.1 depends on path ^1.8.0
SLVR:                                                                          
               fact: shared_preferences_linux 2.4.1 depends on 
path_provider_linux ^2.0.0
SLVR:                                                                          
               fact: shared_preferences_linux 2.4.1 depends on 
path_provider_platform_interface ^2.0.0
SLVR:                                                                          
               fact: shared_preferences_linux 2.4.1 depends on 
shared_preferences_platform_interface ^2.4.0
SLVR:                                                                          
                 selecting shared_preferences_linux 2.4.1
SLVR:                                                                          
                 derived: path_provider_linux ^2.0.0
SLVR:                                                                          
                 fact: shared_preferences_foundation 2.5.4 depends on flutter 
from sdk
SLVR:                                                                          
                 fact: shared_preferences_foundation 2.5.4 depends on 
shared_preferences_platform_interface ^2.4.0
SLVR:                                                                          
                   selecting shared_preferences_foundation 2.5.4
SLVR:                                                                          
                   fact: shared_preferences_android 2.4.11 depends on flutter 
from sdk
SLVR:                                                                          
                   fact: shared_preferences_android 2.4.11 depends on 
shared_preferences_platform_interface ^2.4.0
SLVR:                                                                          
                     selecting shared_preferences_android 2.4.11
SLVR:                                                                          
                     fact: nested 1.0.0 depends on flutter from sdk
SLVR:                                                                          
                       selecting nested 1.0.0
SLVR:                                                                          
                         selecting tuple 2.0.2
SLVR:                                                                          
                         fact: flutter_svg 2.2.0 depends on flutter from sdk
SLVR:                                                                          
                         fact: flutter_svg 2.2.0 depends on http ^1.0.0
SLVR:                                                                          
                         fact: flutter_svg 2.2.0 depends on vector_graphics 
^1.1.13
SLVR:                                                                          
                         fact: flutter_svg 2.2.0 depends on 
vector_graphics_codec ^1.1.11+1
SLVR:                                                                          
                         fact: flutter_svg 2.2.0 depends on 
vector_graphics_compiler ^1.1.14
SLVR:                                                                          
                           selecting flutter_svg 2.2.0
SLVR:                                                                          
                           derived: vector_graphics_compiler ^1.1.14
SLVR:                                                                          
                           derived: vector_graphics_codec ^1.1.11+1
SLVR:                                                                          
                           derived: vector_graphics ^1.1.13
SLVR:                                                                          
                           derived: http ^1.0.0
SLVR:                                                                          
                             selecting logging 1.3.0
SLVR:                                                                          
                             fact: flutter_web_plugins 0.0.0 from sdk depends 
on flutter from sdk
SLVR:                                                                          
                             fact: flutter_web_plugins 0.0.0 from sdk depends 
on characters 1.3.0
SLVR:                                                                          
                             fact: flutter_web_plugins 0.0.0 from sdk depends 
on collection 1.19.0
SLVR:                                                                          
                             fact: flutter_web_plugins 0.0.0 from sdk depends 
on material_color_utilities 0.11.1
SLVR:                                                                          
                             fact: flutter_web_plugins 0.0.0 from sdk depends 
on meta 1.15.0
SLVR:                                                                          
                             fact: flutter_web_plugins 0.0.0 from sdk depends 
on vector_math 2.1.4
SLVR:                                                                          
                               selecting flutter_web_plugins 0.0.0 from sdk
SLVR:                                                                          
                                 selecting sky_engine 0.0.0 from sdk
SLVR:                                                                          
                                 fact: xml 6.5.0 depends on collection ^1.18.0
SLVR:                                                                          
                                 fact: xml 6.5.0 depends on meta ^1.9.0
SLVR:                                                                          
                                 fact: xml 6.5.0 depends on petitparser ^6.0.0
SLVR:                                                                          
                                   selecting xml 6.5.0
SLVR:                                                                          
                                   derived: petitparser ^6.0.0
SLVR:                                                                          
                                   fact: archive 4.0.9 depends on path ^1.8.0
SLVR:                                                                          
                                   fact: archive 4.0.9 depends on posix ^6.0.2
SLVR:                                                                          
                                     selecting archive 4.0.9
SLVR:                                                                          
                                     derived: posix ^6.0.2
SLVR:                                                                          
                                     fact: path_provider_windows 2.3.0 depends 
on ffi ^2.0.0
SLVR:                                                                          
                                     fact: path_provider_windows 2.3.0 depends 
on flutter from sdk
SLVR:                                                                          
                                     fact: path_provider_windows 2.3.0 depends 
on path ^1.8.0
SLVR:                                                                          
                                     fact: path_provider_windows 2.3.0 depends 
on path_provider_platform_interface ^2.1.0
SLVR:                                                                          
                                       selecting path_provider_windows 2.3.0
SLVR:                                                                          
                                       derived: 
path_provider_platform_interface ^2.1.0
SLVR:                                                                          
                                       derived: ffi ^2.0.0
SLVR:                                                                          
                                       fact: path_provider_platform_interface 
2.1.2 depends on flutter from sdk
SLVR:                                                                          
                                       fact: path_provider_platform_interface 
2.1.2 depends on platform ^3.0.0
SLVR:                                                                          
                                       fact: path_provider_platform_interface 
2.1.2 depends on plugin_platform_interface ^2.1.7
SLVR:                                                                          
                                         selecting 
path_provider_platform_interface 2.1.2
SLVR:                                                                          
                                         derived: platform ^3.0.0
SLVR:                                                                          
                                         fact: file 7.0.1 depends on meta 
^1.9.1
SLVR:                                                                          
                                         fact: file 7.0.1 depends on path 
^1.8.3
SLVR:                                                                          
                                           selecting file 7.0.1
SLVR:                                                                          
                                             selecting web 1.1.1
SLVR:                                                                          
                                             fact: plugin_platform_interface 
2.1.8 depends on meta ^1.3.0
SLVR:                                                                          
                                               selecting 
plugin_platform_interface 2.1.8
SLVR:                                                                          
                                               fact: path_provider_linux 2.2.1 
depends on ffi >=1.1.2 <3.0.0
SLVR:                                                                          
                                               fact: path_provider_linux 2.2.1 
depends on flutter from sdk
SLVR:                                                                          
                                               fact: path_provider_linux 2.2.1 
depends on path ^1.8.0
SLVR:                                                                          
                                               fact: path_provider_linux 2.2.1 
depends on path_provider_platform_interface ^2.1.0
SLVR:                                                                          
                                               fact: path_provider_linux 2.2.1 
depends on xdg_directories >=0.2.0 <2.0.0
SLVR:                                                                          
                                                 selecting path_provider_linux 
2.2.1
SLVR:                                                                          
                                                 derived: xdg_directories 
>=0.2.0 <2.0.0
SLVR:                                                                          
                                                 fact: 
vector_graphics_compiler 1.1.18 depends on args ^2.3.0
SLVR:                                                                          
                                                 fact: 
vector_graphics_compiler 1.1.18 depends on meta ^1.7.0
SLVR:                                                                          
                                                 fact: 
vector_graphics_compiler 1.1.18 depends on path ^1.8.0
SLVR:                                                                          
                                                 fact: 
vector_graphics_compiler 1.1.18 depends on path_parsing ^1.0.1
SLVR:                                                                          
                                                 fact: 
vector_graphics_compiler 1.1.18 depends on vector_graphics_codec ^1.1.11+1
SLVR:                                                                          
                                                 fact: 
vector_graphics_compiler 1.1.18 depends on xml >=6.3.0 <=6.5.0
SLVR:                                                                          
                                                   selecting 
vector_graphics_compiler 1.1.18
SLVR:                                                                          
                                                   derived: path_parsing ^1.0.1
SLVR:                                                                          
                                                     selecting 
vector_graphics_codec 1.1.13
SLVR:                                                                          
                                                     fact: vector_graphics 
1.1.19 depends on flutter from sdk
SLVR:                                                                          
                                                     fact: vector_graphics 
1.1.19 depends on http ^1.0.0
SLVR:                                                                          
                                                     fact: vector_graphics 
1.1.19 depends on vector_graphics_codec ^1.1.11+1
SLVR:                                                                          
                                                       selecting 
vector_graphics 1.1.19
SLVR:                                                                          
                                                       fact: http 1.6.0 
depends on async ^2.5.0
SLVR:                                                                          
                                                       fact: http 1.6.0 
depends on http_parser ^4.0.0
SLVR:                                                                          
                                                       fact: http 1.6.0 
depends on meta ^1.3.0
SLVR:                                                                          
                                                       fact: http 1.6.0 
depends on web >=0.5.0 <2.0.0
SLVR:                                                                          
                                                         selecting http 1.6.0
SLVR:                                                                          
                                                         derived: http_parser 
^4.0.0
SLVR:                                                                          
                                                         fact: petitparser 
6.0.2 depends on meta ^1.9.0
SLVR:                                                                          
                                                           selecting 
petitparser 6.0.2
SLVR:                                                                          
                                                           fact: posix 6.5.0 
depends on ffi ^2.0.1
SLVR:                                                                          
                                                           fact: posix 6.5.0 
depends on meta ^1.7.0
SLVR:                                                                          
                                                           fact: posix 6.5.0 
depends on path ^1.8.3
SLVR:                                                                          
                                                             selecting posix 
6.5.0
SLVR:                                                                          
                                                             derived: ffi 
^2.0.1
SLVR:                                                                          
                                                               selecting ffi 
2.1.3
SLVR:                                                                          
                                                                 selecting 
platform 3.1.6
SLVR:                                                                          
                                                                 fact: 
xdg_directories 1.1.0 depends on meta ^1.3.0
SLVR:                                                                          
                                                                 fact: 
xdg_directories 1.1.0 depends on path ^1.8.0
SLVR:                                                                          
                                                                   selecting 
xdg_directories 1.1.0
SLVR:                                                                          
                                                                   fact: 
path_parsing 1.1.0 depends on meta ^1.3.0
SLVR:                                                                          
                                                                   fact: 
path_parsing 1.1.0 depends on vector_math ^2.1.0
SLVR:                                                                          
                                                                     selecting 
path_parsing 1.1.0
SLVR:                                                                          
                                                                     fact: 
http_parser 4.1.2 depends on collection ^1.19.0
SLVR:                                                                          
                                                                     fact: 
http_parser 4.1.2 depends on source_span ^1.8.0
SLVR:                                                                          
                                                                     fact: 
http_parser 4.1.2 depends on string_scanner ^1.1.0
SLVR:                                                                          
                                                                     fact: 
http_parser 4.1.2 depends on typed_data ^1.3.0
SLVR:                                                                          
                                                                       
selecting http_parser 4.1.2
SLVR:                                                                          
                                                                       
derived: typed_data ^1.3.0
SLVR:                                                                          
                                                                       fact: 
typed_data 1.4.0 depends on collection ^1.15.0
SLVR:                                                                          
                                                                         
selecting typed_data 1.4.0
SLVR: Version solving took 0:00:01.040441 seconds.
    | Tried 1 solutions.
FINE: Resolving dependencies finished (1.157s).
MSG : Downloading packages...
FINE: Downloading packages finished (0.092s).
IO  : Get versions from https://pub.dev/api/packages/archive.
IO  : HTTP GET https://pub.dev/api/packages/archive
    | Accept: application/vnd.pub.v2+json
    | X-Pub-OS: windows
    | X-Pub-Command: get
    | X-Pub-Session-ID: 648F26DB-9135-40BD-B632-4F1156360815
    | X-Pub-Environment: flutter_cli:verify:run
    | user-agent: Dart pub 3.6.0
IO  : HTTP response 200 OK for GET https://pub.dev/api/packages/archive
    | took 0:00:00.317305
    | x-goog-storage-class: STANDARD
    | last-modified: Tue, 17 Feb 2026 14:52:57 GMT
    | cache-control: public, max-age=120
    | date: Mon, 06 Apr 2026 04:33:44 GMT
    | access-control-allow-origin: *
    | vary: Accept-Encoding
    | content-encoding: gzip
    | x-goog-stored-content-length: 7728
    | age: 73
    | x-guploader-uploadid: 
AMNfjG0C0_AdeLKFtnndF5zG8Yih4vtytpvGYYdMS4rcthY-L0YrdOg1ki4Z38wuZsZcWkIZ0VHJ91k
    | access-control-expose-headers: ETag,x-goog-hash,Accept,User-Agent
    | x-goog-hash: crc32c=KZy4hg==,md5=LI8RHTPSdX+BBXNIQVfnOA==
    | content-type: application/json; charset="utf-8"
    | x-goog-generation: 1771339977285770
    | server: UploadServer
    | alt-svc: h3=":443"; ma=2592000,h3-29=":443"; ma=2592000
    | x-goog-meta-validated: 2026-03-30T12:23:02.682811
    | accept-ranges: bytes
    | content-length: 7728
    | x-goog-stored-content-encoding: gzip
    | etag: "2c8f111d33d2757f810573484157e738"
    | via: 1.1 google
    | x-goog-metageneration: 14
    | expires: Mon, 06 Apr 2026 04:35:44 GMT
IO  : Writing 66535 characters to text file C:\Users\joashua\AppData\Local\Pub\
Cache\hosted\pub.dev\.cache\archive-versions.json.
FINE: Contents:
    | {"name":"archive","latest":{"version":"4.0.9","pubspec":{"name":"archive"
,"version":"4.0.9","description":"Provides encoders and decoders for various 
archive and compression formats such as zip, tar, bzip2, gzip, and zlib.","repo
sitory":"https://github.com/brendan-duncan/archive","topics":["archive","zip","
tar","gzip","xz"],"environment":{"sdk":">=3.0.0 <4.0.0"},"dependencies":{"path"
:"^1.8.0","posix":"^6.0.2"},"dev_dependencies":{"build_runner":"^2.4.14","build
_web_compilers":"^4.1.0","http":"^1.1.0","lints":"^4.0.0","test":"^1.24.6","web
":"^1.1.0"}},"archive_url":"https://pub.dev/api/archives/archive-4.0.9.tar.gz",
"archive_sha256":"a96e8b390886ee8abb49b7bd3ac8df6f451c621619f52a26e815fdcf56895
9ff","published":"2026-02-17T14:52:25.487906Z"},"versions":[{"version":"1.0.0",
"pubspec":{"version":"1.0.0","name":"archive","dependencies":{"unittest":"any"}
,"author":"Brendan Duncan <brendanduncan@gmail.com>","homepage":"http://bitbuck
et.org/brendan_duncan/archive","description":"Provides encoders and decoders 
for various archive and compression formats, such as zip and tar."},"archive_ur
l":"https://pub.dev/api/archives/archive-1.0.0.tar.gz","archive_sha256":"6f3a35
b8084deef6fa8c21da274be1a7ee6be07ed8818b96689b6ad5e33bdee8","published":"2013-1
2-31T00:47:39.877440Z"},{"version":"1.0.2","pubspec":{"version":"1.0.2","descri
ption":"Provides encoders and decoders for various archive and compression 
formats, such as zip and tar.","author":"Brendan Duncan <brendanduncan@gmail.co
m>","dev_dependencies":{"unittest":"any","args":"any"},"homepage":"http://bitbu
cket.org/brendan_duncan/archive","name":"archive"},"archive_url":"https://pub.d
ev/api/archives/archive-1.0.2.tar.gz","archive_sha256":"0e14920d0013ae397154ca6
ae25c51e2143b1d3ae801af6c140a741c9d578ff6","published":"2014-01-02T23:59:07.879
730Z"},{"version":"1.0.3","pubspec":{"version":"1.0.3","description":"Provides 
encoders and decoders for various archive and compression formats, such as zip 
and tar.","author":"Brendan Duncan <brendanduncan@gmail.com>","dev_dependencies
":{"unittest":"any","args":"any"},"homepage":"http://bitbucket.org/brendan_dunc
an/archive","name":"archive"},"archive_url":"https://pub.dev/api/archives/archi
ve-1.0.3.tar.gz","archive_sha256":"5b96be2120ec2cef2c74ef8b99e5844e2c614502fbe1
a02d8fde25c1271013d4","published":"2014-01-03T23:37:21.602240Z"},{"version":"1.
0.4","pubspec":{"version":"1.0.4","description":"Provides encoders and 
decoders for various archive and compression formats, such as zip and 
tar.","author":"Brendan Duncan <brendanduncan@gmail.com>","dev_dependencies":{"
unittest":"any","args":"any"},"homepage":"http://bitbucket.org/brendan_duncan/a
rchive","name":"archive"},"archive_url":"https://pub.dev/api/archives/archive-1
.0.4.tar.gz","archive_sha256":"1e6da3aacd536c747718389786571d84bb994b2e577eb68e
1e399c079901ebcb","published":"2014-01-04T06:38:10.938210Z"},{"version":"1.0.5"
,"pubspec":{"version":"1.0.5","description":"Provides encoders and decoders 
for various archive and compression formats, such as zip and 
tar.","author":"Brendan Duncan <brendanduncan@gmail.com>","dev_dependencies":{"
unittest":"any","args":"any"},"homepage":"http://bitbucket.org/brendan_duncan/a
rchive","name":"archive"},"archive_url":"https://pub.dev/api/archives/archive-1
.0.5.tar.gz","archive_sha256":"b166e276b16271fcbac344aba456dbc53aa7d2e0da9514a8
491b41fd50e14845","published":"2014-01-04T08:36:33.021200Z"},{"version":"1.0.6"
,"pubspec":{"description":"Provides encoders and decoders for various archive 
and compression formats, such as zip and tar.","author":"Brendan Duncan 
<brendanduncan@gmail.com>","environment":{"sdk":">=1.0.0 
<2.0.0"},"version":"1.0.6","dependencies":{"crypto":">=0.9.0 <1.0.0"},"dev_depe
ndencies":{"unittest":"any","args":"any"},"homepage":"http://bitbucket.org/bren
dan_duncan/archive","name":"archive"},"archive_url":"https://pub.dev/api/archiv
es/archive-1.0.6.tar.gz","archive_sha256":"8f9dd3bdefaf91ad2e4e86a251e42d78811e
cff3a28422dcf8ecdbe0dfb364f6","published":"2014-01-08T20:12:29.462990Z"},{"vers
ion":"1.0.7","pubspec":{"description":"Provides encoders and decoders for 
various archive and compression formats, such as zip and 
tar.","author":"Brendan Duncan 
<brendanduncan@gmail.com>","environment":{"sdk":">=1.0.0 
<2.0.0"},"version":"1.0.7","dependencies":{"crypto":">=0.9.0 <1.0.0"},"dev_depe
ndencies":{"unittest":"any","args":"any"},"homepage":"http://bitbucket.org/bren
dan_duncan/archive","name":"archive"},"archive_url":"https://pub.dev/api/archiv
es/archive-1.0.7.tar.gz","archive_sha256":"d39b52d90a6e08a5432d85a21d01851785d9
248c45ba6e9e7bd8c83df1424369","published":"2014-01-09T18:28:35.312050Z"},{"vers
ion":"1.0.8","pubspec":{"description":"Provides encoders and decoders for 
various archive and compression formats, such as zip and 
tar.","author":"Brendan Duncan <brendanduncan@gmail.com>","documentation":"http
s://github.com/brendan-duncan/archive/wiki","environment":{"sdk":">=1.0.0 
<2.0.0"},"dependencies":{"crypto":">=0.9.0 <1.0.0"},"version":"1.0.8","dev_depe
ndencies":{"unittest":"any","args":"any"},"homepage":"https://github.com/brenda
n-duncan/archive","name":"archive"},"archive_url":"https://pub.dev/api/archives
/archive-1.0.8.tar.gz","archive_sha256":"da45813ca78adcb3ec6ca060efd5e999b6fc6c
e99ec8e8163d341dbae946e292","published":"2014-01-13T18:45:39.611700Z"},{"versio
n":"1.0.9","pubspec":{"description":"Provides encoders and decoders for 
various archive and compression formats, such as zip and 
tar.","author":"Brendan Duncan <brendanduncan@gmail.com>","documentation":"http
s://github.com/brendan-duncan/archive/wiki","environment":{"sdk":">=1.0.0 
<2.0.0"},"dependencies":{"crypto":">=0.9.0 <1.0.0"},"version":"1.0.9","dev_depe
ndencies":{"unittest":"any","args":"any"},"homepage":"https://github.com/brenda
n-duncan/archive","name":"archive"},"archive_url":"https://pub.dev/api/archives
/archive-1.0.9.tar.gz","archive_sha256":"804d21255784a1cbf2c81d10e3472cf1ab6581
ed761b53a9ed04962512bfb426","published":"2014-01-18T00:41:14.070570Z"},{"versio
n":"1.0.10","pubspec":{"description":"Provides encoders and decoders for 
various archive and compression formats, such as zip and 
tar.","author":"Brendan Duncan <brendanduncan@gmail.com>","documentation":"http
s://github.com/brendan-duncan/archive/wiki","environment":{"sdk":">=1.0.0 
<2.0.0"},"version":"1.0.10","dependencies":{"crypto":">=0.9.0 <1.0.0"},"dev_dep
endencies":{"unittest":"any","args":"any"},"homepage":"https://github.com/brend
an-duncan/archive","name":"archive"},"archive_url":"https://pub.dev/api/archive
s/archive-1.0.10.tar.gz","archive_sha256":"28ab87e4ac5ce4ccef9cbf045671aab21e14
fca42e7125bc79debea5f2c8988f","published":"2014-01-19T22:23:48.608030Z"},{"vers
ion":"1.0.11","pubspec":{"description":"Provides encoders and decoders for 
various archive and compression formats, such as zip and 
tar.","author":"Brendan Duncan <brendanduncan@gmail.com>","documentation":"http
s://github.com/brendan-duncan/archive/wiki","environment":{"sdk":">=1.0.0 
<2.0.0"},"dependencies":{"crypto":">=0.9.0 <1.0.0"},"version":"1.0.11","dev_dep
endencies":{"unittest":"any","args":"any"},"homepage":"https://github.com/brend
an-duncan/archive","name":"archive"},"archive_url":"https://pub.dev/api/archive
s/archive-1.0.11.tar.gz","archive_sha256":"79dd20a7bbd53287162cab233ed968b68bbb
4ce9aaef96b01c7bc8c81ee1e3ec","published":"2014-02-02T20:38:22.369040Z"},{"vers
ion":"1.0.12","pubspec":{"description":"Provides encoders and decoders for 
various archive and compression formats, such as zip and 
tar.","author":"Brendan Duncan <brendanduncan@gmail.com>","documentation":"http
s://github.com/brendan-duncan/archive/wiki","environment":{"sdk":">=1.0.0 
<2.0.0"},"dependencies":{"crypto":">=0.9.0 <1.0.0"},"version":"1.0.12","dev_dep
endencies":{"unittest":"any","args":"any","browser":"any"},"homepage":"https://
github.com/brendan-duncan/archive","name":"archive"},"archive_url":"https://pub
.dev/api/archives/archive-1.0.12.tar.gz","archive_sha256":"9d77912572dd2306c4f8
cb98ebef1107d40c3e05fc4218a101a82a1acb1aa177","published":"2014-02-05T06:24:32.
596030Z"},{"version":"1.0.13","pubspec":{"description":"Provides encoders and 
decoders for various archive and compression formats, such as zip and 
tar.","author":"Brendan Duncan <brendanduncan@gmail.com>","documentation":"http
s://github.com/brendan-duncan/archive/wiki","environment":{"sdk":">=1.0.0 
<2.0.0"},"version":"1.0.13","dependencies":{"crypto":">=0.9.0 <1.0.0"},"dev_dep
endencies":{"unittest":"any","args":"any","browser":"any"},"homepage":"https://
github.com/brendan-duncan/archive","name":"archive"},"archive_url":"https://pub
.dev/api/archives/archive-1.0.13.tar.gz","archive_sha256":"134cacc8c6074d95f2a6
744f8619f48f68a478763cebfdc25ef92c35bd6cc586","published":"2014-02-06T19:32:06.
561800Z"},{"version":"1.0.14","pubspec":{"description":"Provides encoders and 
decoders for various archive and compression formats such as zip and 
tar.","author":"Brendan Duncan <brendanduncan@gmail.com>","documentation":"http
s://github.com/brendan-duncan/archive/wiki","environment":{"sdk":">=1.0.0 
<2.0.0"},"dependencies":{"crypto":">=0.9.0 <1.0.0"},"version":"1.0.14","dev_dep
endencies":{"unittest":"any","args":"any","browser":"any"},"homepage":"https://
github.com/brendan-duncan/archive","name":"archive"},"archive_url":"https://pub
.dev/api/archives/archive-1.0.14.tar.gz","archive_sha256":"8178910896dd870813f9
6a3797a656661b50c7318fda1e514f5a7eeb99bd4027","published":"2014-02-13T00:01:04.
297180Z"},{"version":"1.0.15","pubspec":{"description":"Provides encoders and 
decoders for various archive and compression formats such as zip and 
tar.","author":"Brendan Duncan <brendanduncan@gmail.com>","documentation":"http
s://github.com/brendan-duncan/archive/wiki","environment":{"sdk":">=1.0.0 
<2.0.0"},"version":"1.0.15","dependencies":{"crypto":">=0.9.0 <1.0.0"},"dev_dep
endencies":{"unittest":"any","args":"any","browser":"any"},"homepage":"https://
github.com/brendan-duncan/archive","name":"archive"},"archive_url":"https://pub
.dev/api/archives/archive-1.0.15.tar.gz","archive_sha256":"e27ef30085f4e5710f93
9da1690b1f13ca742c6a3087b9e0b29587969bb6fb3b","published":"2014-02-17T06:05:19.
103940Z"},{"version":"1.0.16","pubspec":{"description":"Provides encoders and 
decoders for various archive and compression formats such as zip and 
tar.","author":"Brendan Duncan <brendanduncan@gmail.com>","documentation":"http
s://github.com/brendan-duncan/archive/wiki","environment":{"sdk":">=1.0.0 
<2.0.0"},"version":"1.0.16","dependencies":{"crypto":">=0.9.0 <1.0.0"},"dev_dep
endencies":{"unittest":"any","args":"any","browser":"any"},"homepage":"https://
github.com/brendan-duncan/archive","name":"archive"},"archive_url":"https://pub
.dev/api/archives/archive-1.0.16.tar.gz","archive_sha256":"3c44950c2b7d46f9d0fd
b11c6a728694adb9fa0a90a39c0abd4c3f078df7fc8f","published":"2014-03-06T21:13:48.
239610Z"},{"version":"1.0.17","pubspec":{"description":"Provides encoders and 
decoders for various archive and compression formats such as zip and 
tar.","author":"Brendan Duncan <brendanduncan@gmail.com>","documentation":"http
s://github.com/brendan-duncan/archive/wiki","environment":{"sdk":">=1.0.0 
<2.0.0"},"version":"1.0.17","dependencies":{"crypto":">=0.9.0 <1.0.0"},"dev_dep
endencies":{"unittest":"any","args":"any","browser":"any"},"homepage":"https://
github.com/brendan-duncan/archive","name":"archive"},"archive_url":"https://pub
.dev/api/archives/archive-1.0.17.tar.gz","archive_sha256":"b28b759bbd2b04bf1531
1b8a03333e431c28df4d07cba7b512a7e516ac075424","published":"2014-04-26T08:25:20.
362730Z"},{"version":"1.0.18","pubspec":{"description":"Provides encoders and 
decoders for various archive and compression formats such as zip and 
tar.","author":"Brendan Duncan <brendanduncan@gmail.com>","documentation":"http
s://github.com/brendan-duncan/archive/wiki","environment":{"sdk":">=1.0.0 
<2.0.0"},"version":"1.0.18","dependencies":{"crypto":">=0.9.0 
<1.0.0"},"dev_dependencies":{"unittest":"any","args":">=0.10.0 <1.0.0","browser
":"any"},"homepage":"https://github.com/brendan-duncan/archive","name":"archive
"},"archive_url":"https://pub.dev/api/archives/archive-1.0.18.tar.gz","archive_
sha256":"e975718d7f2ceb839ce16788e5fa539f0e3da95622fb3a1eab70f7c0166cd398","pub
lished":"2014-10-10T03:41:18.238060Z"},{"version":"1.0.19","pubspec":{"descript
ion":"Provides encoders and decoders for various archive and compression 
formats such as zip and tar.","author":"Brendan Duncan <brendanduncan@gmail.com
>","documentation":"https://github.com/brendan-duncan/archive/wiki","environmen
t":{"sdk":">=1.0.0 <2.0.0"},"dependencies":{"crypto":">=0.9.0 <1.0.0"},"version
":"1.0.19","dev_dependencies":{"unittest":"any","args":">=0.10.0 <1.0.0","brows
er":"any"},"homepage":"https://github.com/brendan-duncan/archive","name":"archi
ve"},"archive_url":"https://pub.dev/api/archives/archive-1.0.19.tar.gz","archiv
e_sha256":"d5cb24501b939677827080393de1b59831ff2e548c3902efc6224185a2759fbe","p
ublished":"2015-02-24T05:01:24.265Z"},{"version":"1.0.20","pubspec":{"version":
"1.0.20","dependencies":{"crypto":">=0.9.0 
<1.0.0"},"name":"archive","author":"Brendan Duncan 
<brendanduncan@gmail.com>","description":"Provides encoders and decoders for 
various archive and compression formats such as zip, tar, bzip2, gzip, and zlib
.","homepage":"https://github.com/brendan-duncan/archive","environment":{"sdk":
">=1.0.0 <2.0.0"},"documentation":"https://github.com/brendan-duncan/archive/wi
ki","dev_dependencies":{"test":">=0.12.0 
<1.0.0","browser":"any","args":">=0.10.0 <1.0.0"}},"archive_url":"https://pub.d
ev/api/archives/archive-1.0.20.tar.gz","archive_sha256":"0c9527a88fe6418c2402d6
a4da53c4f98d1de4d2c7b346a6f5a0a48340240347","published":"2015-06-22T04:25:09.65
2Z"},{"version":"1.0.21","pubspec":{"version":"1.0.21","dependencies":{"crypto"
:">=1.0.0 <2.0.0","args":">=0.10.0 <1.0.0"},"name":"archive","author":"Brendan 
Duncan <brendanduncan@gmail.com>","description":"Provides encoders and 
decoders for various archive and compression formats such as zip, tar, bzip2, 
gzip, and zlib.","homepage":"https://github.com/brendan-duncan/archive","enviro
nment":{"sdk":">=1.0.0 <2.0.0"},"documentation":"https://github.com/brendan-dun
can/archive/wiki","dev_dependencies":{"test":">=0.12.13 <1.0.0","browser":"any"
}},"archive_url":"https://pub.dev/api/archives/archive-1.0.21.tar.gz","archive_
sha256":"408e05a5f18777a9af790a9cc4afd3564ad89585f611c0476f5015ce4bbfff0c","pub
lished":"2016-05-13T23:43:35.388Z"},{"version":"1.0.22","pubspec":{"version":"1
.0.22","dependencies":{"crypto":">=0.9.2 <2.0.0","args":">=0.10.0 
<1.0.0"},"name":"archive","author":"Brendan Duncan 
<brendanduncan@gmail.com>","description":"Provides encoders and decoders for 
various archive and compression formats such as zip, tar, bzip2, gzip, and zlib
.","homepage":"https://github.com/brendan-duncan/archive","environment":{"sdk":
">=1.0.0 <2.0.0"},"documentation":"https://github.com/brendan-duncan/archive/wi
ki","dev_dependencies":{"test":">=0.12.13 <1.0.0","browser":"any"}},"archive_ur
l":"https://pub.dev/api/archives/archive-1.0.22.tar.gz","archive_sha256":"cef27
4b8851f3c0ee370082ef369e866794374a149e849b259cabe050c352cd1","published":"2016-
05-17T18:30:24.475Z"},{"version":"1.0.23","pubspec":{"version":"1.0.23","depend
encies":{"crypto":">=0.9.2 <2.0.0"},"name":"archive","author":"Brendan Duncan 
<brendanduncan@gmail.com>","description":"Provides encoders and decoders for 
various archive and compression formats such as zip, tar, bzip2, gzip, and zlib
.","homepage":"https://github.com/brendan-duncan/archive","environment":{"sdk":
">=1.0.0 <2.0.0"},"documentation":"https://github.com/brendan-duncan/archive/wi
ki","dev_dependencies":{"test":">=0.12.13 <1.0.0","browser":"<1.0.0"}},"archive
_url":"https://pub.dev/api/archives/archive-1.0.23.tar.gz","archive_sha256":"26
30b5becbb97c505592941b88f8de41724c67513dee51692722a28070d8fd17","published":"20
16-05-19T21:49:12.598Z"},{"version":"1.0.24","pubspec":{"version":"1.0.24","dep
endencies":{"crypto":">=0.9.2 <3.0.0"},"name":"archive","author":"Brendan 
Duncan <brendanduncan@gmail.com>","description":"Provides encoders and 
decoders for various archive and compression formats such as zip, tar, bzip2, 
gzip, and zlib.","homepage":"https://github.com/brendan-duncan/archive","enviro
nment":{"sdk":">=1.0.0 <2.0.0"},"documentation":"https://github.com/brendan-dun
can/archive/wiki","dev_dependencies":{"test":">=0.12.13 <1.0.0","browser":"<1.0
.0"}},"archive_url":"https://pub.dev/api/archives/archive-1.0.24.tar.gz","archi
ve_sha256":"17fbda4bdb25e0f9dec15100032b1ed3829ec865e350aeb0aea3d13ea71be44f","
published":"2016-06-06T19:54:20.978Z"},{"version":"1.0.25","pubspec":{"version"
:"1.0.25","dependencies":{"crypto":">=0.9.2 
<3.0.0"},"name":"archive","author":"Brendan Duncan 
<brendanduncan@gmail.com>","description":"Provides encoders and decoders for 
various archive and compression formats such as zip, tar, bzip2, gzip, and zlib
.","homepage":"https://github.com/brendan-duncan/archive","environment":{"sdk":
">=1.0.0 <2.0.0"},"documentation":"https://github.com/brendan-duncan/archive/wi
ki","dev_dependencies":{"test":">=0.12.13 <1.0.0","browser":"<1.0.0"}},"archive
_url":"https://pub.dev/api/archives/archive-1.0.25.tar.gz","archive_sha256":"10
4d93f4723bf002eaaa7cb43e3fecb1caa62999697b4279c59a102d03625849","published":"20
16-08-17T17:49:04.387Z"},{"version":"1.0.26","pubspec":{"version":"1.0.26","dep
endencies":{"crypto":">=0.9.2 <3.0.0"},"name":"archive","author":"Brendan 
Duncan <brendanduncan@gmail.com>","description":"Provides encoders and 
decoders for various archive and compression formats such as zip, tar, bzip2, 
gzip, and zlib.","homepage":"https://github.com/brendan-duncan/archive","enviro
nment":{"sdk":">=1.0.0 <2.0.0"},"documentation":"https://github.com/brendan-dun
can/archive/wiki","dev_dependencies":{"test":">=0.12.13 <1.0.0","browser":"<1.0
.0"}},"archive_url":"https://pub.dev/api/archives/archive-1.0.26.tar.gz","archi
ve_sha256":"73c0d27eb056081a5fc32650763c9a9529add61ddbb00ada094400b54ed2b0dc","
published":"2016-11-17T05:09:11.871Z"},{"version":"1.0.27","pubspec":{"version"
:"1.0.27","dependencies":{"crypto":">=0.9.2 
<3.0.0"},"name":"archive","author":"Brendan Duncan 
<brendanduncan@gmail.com>","description":"Provides encoders and decoders for 
various archive and compression formats such as zip, tar, bzip2, gzip, and zlib
.","homepage":"https://github.com/brendan-duncan/archive","environment":{"sdk":
">=1.0.0 <2.0.0"},"documentation":"https://github.com/brendan-duncan/archive/wi
ki","dev_dependencies":{"test":">=0.12.13 <1.0.0","browser":"<1.0.0"}},"archive
_url":"https://pub.dev/api/archives/archive-1.0.27.tar.gz","archive_sha256":"c0
5654256072f7eb0a351fb97605bbfdb02ba191241de2ddec61041982fc3206","published":"20
16-11-23T04:44:23.380Z"},{"version":"1.0.28","pubspec":{"version":"1.0.28","dep
endencies":{"crypto":">=0.9.2 <3.0.0"},"name":"archive","author":"Brendan 
Duncan <brendanduncan@gmail.com>","description":"Provides encoders and 
decoders for various archive and compression formats such as zip, tar, bzip2, 
gzip, and zlib.","homepage":"https://github.com/brendan-duncan/archive","enviro
nment":{"sdk":">=1.0.0 <2.0.0"},"documentation":"https://github.com/brendan-dun
can/archive/wiki","dev_dependencies":{"test":">=0.12.13 <1.0.0","browser":"<1.0
.0"}},"archive_url":"https://pub.dev/api/archives/archive-1.0.28.tar.gz","archi
ve_sha256":"0b3bc7ee11c47cf0782f2b9dd92ad01f99543e3275fb527353db016a53b0e0e8","
published":"2017-02-06T19:40:45.410Z"},{"version":"1.0.29","pubspec":{"version"
:"1.0.29","dependencies":{"crypto":">=0.9.2 <3.0.0","args":">=0.13.7 
<1.0.0"},"name":"archive","author":"Brendan Duncan 
<brendanduncan@gmail.com>","description":"Provides encoders and decoders for 
various archive and compression formats such as zip, tar, bzip2, gzip, and zlib
.","homepage":"https://github.com/brendan-duncan/archive","environment":{"sdk":
">=1.0.0 <2.0.0"},"documentation":"https://github.com/brendan-duncan/archive/wi
ki","dev_dependencies":{"test":">=0.12.13 <1.0.0","browser":"<1.0.0"}},"archive
_url":"https://pub.dev/api/archives/archive-1.0.29.tar.gz","archive_sha256":"60
a380c75834bee5fa371726cf512414f12df3f4df8a3b53c2fe2c0167285ca9","published":"20
17-05-25T20:02:00.439629Z"},{"version":"1.0.31","pubspec":{"version":"1.0.31","
dependencies":{"crypto":">=2.0.0 <3.0.0","args":">=0.13.7 
<1.0.0","path":">=1.4.1 <2.0.0"},"name":"archive","author":"Brendan Duncan 
<brendanduncan@gmail.com>","description":"Provides encoders and decoders for 
various archive and compression formats such as zip, tar, bzip2, gzip, and zlib
.","homepage":"https://github.com/brendan-duncan/archive","environment":{"sdk":
">=1.0.0 <2.0.0"},"documentation":"https://github.com/brendan-duncan/archive/wi
ki","dev_dependencies":{"test":">=0.12.13 <1.0.0","browser":"<1.0.0"}},"archive
_url":"https://pub.dev/api/archives/archive-1.0.31.tar.gz","archive_sha256":"8e
65d0c481aecd2968f45ab8cc583d62a7e21bc9c91b14d4d57c85e6dc026ff0","published":"20
17-06-28T17:31:35.677863Z"},{"version":"1.0.32","pubspec":{"version":"1.0.32","
dependencies":{"crypto":">=2.0.0 <3.0.0","args":">=0.13.7 
<1.0.0","path":">=1.4.1 <2.0.0"},"name":"archive","author":"Brendan Duncan 
<brendanduncan@gmail.com>","description":"Provides encoders and decoders for 
various archive and compression formats such as zip, tar, bzip2, gzip, and zlib
.","homepage":"https://github.com/brendan-duncan/archive","environment":{"sdk":
">=1.0.0 <2.0.0"},"documentation":"https://github.com/brendan-duncan/archive/wi
ki","dev_dependencies":{"test":">=0.12.13 <1.0.0","browser":"<1.0.0"}},"archive
_url":"https://pub.dev/api/archives/archive-1.0.32.tar.gz","archive_sha256":"c7
398c922fdbb95168248778e9859c29ee0276068816afe7f5654980f4fe717f","published":"20
17-10-12T21:06:41.847828Z"},{"version":"1.0.33","pubspec":{"version":"1.0.33","
dependencies":{"crypto":">=2.0.0 <3.0.0","args":">=0.13.7 
<2.0.0","path":">=1.4.1 <2.0.0"},"name":"archive","author":"Brendan Duncan 
<brendanduncan@gmail.com>","description":"Provides encoders and decoders for 
various archive and compression formats such as zip, tar, bzip2, gzip, and zlib
.","homepage":"https://github.com/brendan-duncan/archive","environment":{"sdk":
">=1.0.0 <2.0.0"},"documentation":"https://github.com/brendan-duncan/archive/wi
ki","dev_dependencies":{"test":">=0.12.13 <1.0.0","browser":"<1.0.0"}},"archive
_url":"https://pub.dev/api/archives/archive-1.0.33.tar.gz","archive_sha256":"32
03b92e89ab9a2ef30128a91bd657602f2643305eb801e138df120a28a5b591","published":"20
17-12-13T18:40:24.057750Z"},{"version":"2.0.0","pubspec":{"version":"2.0.0","de
pendencies":{"crypto":">=2.0.0 <3.0.0","args":">=1.4.0 <2.0.0","path":">=1.5.1 
<2.0.0"},"name":"archive","author":"Brendan Duncan 
<brendanduncan@gmail.com>","description":"Provides encoders and decoders for 
various archive and compression formats such as zip, tar, bzip2, gzip, and zlib
.","homepage":"https://github.com/brendan-duncan/archive","environment":{"sdk":
">=2.0.0-dev.49.0 <3.0.0"},"documentation":"https://github.com/brendan-duncan/a
rchive/wiki","dev_dependencies":{"test":">=0.12.13 <1.0.0"}},"archive_url":"htt
ps://pub.dev/api/archives/archive-2.0.0.tar.gz","archive_sha256":"58e81db2edcd2
bd83361d6133b6a211b298f76712b4bee30bad8dca4f60625c9","published":"2018-05-29T05
:52:01.862241Z"},{"version":"2.0.1","pubspec":{"version":"2.0.1","dependencies"
:{"crypto":">=2.0.0 <3.0.0","args":">=1.4.0 <2.0.0","path":">=1.5.1 
<2.0.0"},"name":"archive","author":"Brendan Duncan 
<brendanduncan@gmail.com>","description":"Provides encoders and decoders for 
various archive and compression formats such as zip, tar, bzip2, gzip, and zlib
.","homepage":"https://github.com/brendan-duncan/archive","environment":{"sdk":
">=2.0.0-dev.49.0 <3.0.0"},"documentation":"https://github.com/brendan-duncan/a
rchive/wiki","dev_dependencies":{"test":">=0.12.13 <1.0.0"}},"archive_url":"htt
ps://pub.dev/api/archives/archive-2.0.1.tar.gz","archive_sha256":"cfc92325500c3
539fc188eac6ee063c7f0183064d472eb4316917a1a71dd4ee0","published":"2018-08-05T04
:39:42.064719Z"},{"version":"2.0.2","pubspec":{"version":"2.0.2","dependencies"
:{"crypto":">=2.0.0 <3.0.0","args":">=1.4.0 <2.0.0","path":">=1.5.1 
<2.0.0"},"name":"archive","author":"Brendan Duncan 
<brendanduncan@gmail.com>","description":"Provides encoders and decoders for 
various archive and compression formats such as zip, tar, bzip2, gzip, and zlib
.","homepage":"https://github.com/brendan-duncan/archive","environment":{"sdk":
">=2.0.0-dev.49.0 <3.0.0"},"documentation":"https://github.com/brendan-duncan/a
rchive/wiki","dev_dependencies":{"test":">=0.12.13 <1.0.0"}},"archive_url":"htt
ps://pub.dev/api/archives/archive-2.0.2.tar.gz","archive_sha256":"9644d0f0b5204
3fe1627745792654e3c458f7f2f1f66e23bebafd937fbf26c6f","published":"2018-08-07T03
:17:35.496206Z"},{"version":"2.0.3","pubspec":{"version":"2.0.3","dependencies"
:{"crypto":">=2.0.0 <3.0.0","args":">=1.4.0 <2.0.0","path":">=1.5.1 
<2.0.0"},"name":"archive","author":"Brendan Duncan 
<brendanduncan@gmail.com>","description":"Provides encoders and decoders for 
various archive and compression formats such as zip, tar, bzip2, gzip, and zlib
.","homepage":"https://github.com/brendan-duncan/archive","environment":{"sdk":
">=2.0.0-dev.49.0 <3.0.0"},"documentation":"https://github.com/brendan-duncan/a
rchive/wiki","dev_dependencies":{"test":">=0.12.13 <1.0.0"}},"archive_url":"htt
ps://pub.dev/api/archives/archive-2.0.3.tar.gz","archive_sha256":"4754fb4b0e0b5
ccc8ca49856ee01eabf904ee6220e41c25f79f4fbb26baf7318","published":"2018-08-18T06
:07:25.005993Z"},{"version":"2.0.4","pubspec":{"version":"2.0.4","dependencies"
:{"crypto":">=2.0.0 <3.0.0","args":">=1.4.0 <2.0.0","path":">=1.5.1 
<2.0.0"},"name":"archive","author":"Brendan Duncan 
<brendanduncan@gmail.com>","description":"Provides encoders and decoders for 
various archive and compression formats such as zip, tar, bzip2, gzip, and zlib
.","homepage":"https://github.com/brendan-duncan/archive","environment":{"sdk":
">=2.0.0-dev.49.0 <3.0.0"},"documentation":"https://github.com/brendan-duncan/a
rchive/wiki","dev_dependencies":{"test":">=0.12.13 <2.0.0"}},"archive_url":"htt
ps://pub.dev/api/archives/archive-2.0.4.tar.gz","archive_sha256":"6d9a421f7348a
c54271883ee7ffd9b0dcdcf6f082308c501aad5f4f6ce0a1df3","published":"2018-08-22T03
:18:29.499172Z"},{"version":"2.0.5","pubspec":{"version":"2.0.5","dependencies"
:{"crypto":">=2.0.0 <3.0.0","args":">=1.4.0 <2.0.0","path":">=1.5.1 
<2.0.0"},"name":"archive","author":"Brendan Duncan 
<brendanduncan@gmail.com>","description":"Provides encoders and decoders for 
various archive and compression formats such as zip, tar, bzip2, gzip, and zlib
.","homepage":"https://github.com/brendan-duncan/archive","environment":{"sdk":
">=2.0.0-dev.49.0 <3.0.0"},"documentation":"https://github.com/brendan-duncan/a
rchive/wiki","dev_dependencies":{"build_runner":">=0.8.10 
<2.0.0","test":">=0.12.13 <2.0.0","build_web_compilers":">=0.3.6 <2.0.0"}},"arc
hive_url":"https://pub.dev/api/archives/archive-2.0.5.tar.gz","archive_sha256":
"2390d6cc9611ebbe8d95b116655bc69c6242e093438b104c032db5e4c1ab7f6b","published":
"2018-12-13T04:39:58.256504Z"},{"version":"2.0.6","pubspec":{"version":"2.0.6",
"dependencies":{"crypto":">=2.0.0 <3.0.0","args":">=1.4.0 
<2.0.0","path":">=1.5.1 <2.0.0"},"name":"archive","author":"Brendan Duncan 
<brendanduncan@gmail.com>","description":"Provides encoders and decoders for 
various archive and compression formats such as zip, tar, bzip2, gzip, and zlib
.","homepage":"https://github.com/brendan-duncan/archive","environment":{"sdk":
">=2.0.0-dev.49.0 <3.0.0"},"documentation":"https://github.com/brendan-duncan/a
rchive/wiki","dev_dependencies":{"build_runner":">=0.8.10 
<2.0.0","test":">=0.12.13 <2.0.0","build_web_compilers":">=0.3.6 <2.0.0"}},"arc
hive_url":"https://pub.dev/api/archives/archive-2.0.6.tar.gz","archive_sha256":
"c90da5edf602b4724999187691eead7d11ddc0e0885c6f555799eda9cf4b4555","published":
"2019-01-19T05:16:45.186032Z"},{"version":"2.0.7","pubspec":{"version":"2.0.7",
"dependencies":{"crypto":">=2.0.0 <3.0.0","args":">=1.4.0 
<2.0.0","path":">=1.5.1 <2.0.0"},"name":"archive","author":"Brendan Duncan 
<brendanduncan@gmail.com>","description":"Provides encoders and decoders for 
various archive and compression formats such as zip, tar, bzip2, gzip, and zlib
.","homepage":"https://github.com/brendan-duncan/archive","environment":{"sdk":
">=2.0.0-dev.49.0 <3.0.0"},"documentation":"https://github.com/brendan-duncan/a
rchive/wiki","dev_dependencies":{"build_runner":">=0.8.10 
<2.0.0","test":">=0.12.13 <2.0.0","build_web_compilers":">=0.3.6 <2.0.0"}},"arc
hive_url":"https://pub.dev/api/archives/archive-2.0.7.tar.gz","archive_sha256":
"5147763d8be4e4b282ad990411b92b1e88299cf0f99ab620274f3af6a2e6dd65","published":
"2019-01-20T06:58:01.058717Z"},{"version":"2.0.8","pubspec":{"version":"2.0.8",
"dependencies":{"crypto":">=2.0.0 <3.0.0","args":">=1.4.0 
<2.0.0","path":">=1.5.1 <2.0.0"},"name":"archive","author":"Brendan Duncan 
<brendanduncan@gmail.com>","description":"Provides encoders and decoders for 
various archive and compression formats such as zip, tar, bzip2, gzip, and zlib
.","homepage":"https://github.com/brendan-duncan/archive","environment":{"sdk":
">=2.0.0-dev.49.0 <3.0.0"},"documentation":"https://github.com/brendan-duncan/a
rchive/wiki","dev_dependencies":{"build_runner":">=0.8.10 
<2.0.0","test":">=0.12.13 <2.0.0","build_web_compilers":">=0.3.6 <2.0.0"}},"arc
hive_url":"https://pub.dev/api/archives/archive-2.0.8.tar.gz","archive_sha256":
"4f8bfea46f7ad7efe06084e6b1c9e583bee9f8982efc69cf5827a1ce491d5951","published":
"2019-01-25T05:11:48.696457Z"},{"version":"2.0.9","pubspec":{"version":"2.0.9",
"dependencies":{"crypto":">=2.0.0 <3.0.0","args":">=1.4.0 
<2.0.0","path":">=1.5.1 <2.0.0"},"name":"archive","author":"Brendan Duncan 
<brendanduncan@gmail.com>","description":"Provides encoders and decoders for 
various archive and compression formats such as zip, tar, bzip2, gzip, and zlib
.","homepage":"https://github.com/brendan-duncan/archive","environment":{"sdk":
">=2.0.0-dev.49.0 <3.0.0"},"documentation":"https://github.com/brendan-duncan/a
rchive/wiki","dev_dependencies":{"build_runner":">=0.8.10 
<2.0.0","test":">=0.12.13 
<2.0.0","pedantic":"^1.0.0","build_web_compilers":">=0.3.6 <2.0.0"}},"archive_u
rl":"https://pub.dev/api/archives/archive-2.0.9.tar.gz","archive_sha256":"aeb77
1e05225f4887ca86f2bdc848c818ee81dea5b0bb14e7466cd9b9cc938e5","published":"2019-
05-17T05:00:40.586083Z"},{"version":"2.0.10","pubspec":{"version":"2.0.10","dep
endencies":{"crypto":">=2.0.0 <3.0.0","args":">=1.4.0 <2.0.0","path":">=1.5.1 
<2.0.0"},"name":"archive","author":"Brendan Duncan 
<brendanduncan@gmail.com>","description":"Provides encoders and decoders for 
various archive and compression formats such as zip, tar, bzip2, gzip, and zlib
.","homepage":"https://github.com/brendan-duncan/archive","environment":{"sdk":
">=2.0.0-dev.49.0 <3.0.0"},"documentation":"https://github.com/brendan-duncan/a
rchive/wiki","dev_dependencies":{"build_runner":">=0.8.10 
<2.0.0","test":">=0.12.13 
<2.0.0","pedantic":"^1.0.0","build_web_compilers":">=0.3.6 <2.0.0"}},"archive_u
rl":"https://pub.dev/api/archives/archive-2.0.10.tar.gz","archive_sha256":"61d0
2a97dcf6fe3b8057da48670bec4bde35d4fbe7b3379c28820cfd342e2f08","published":"2019
-06-12T06:40:19.858017Z"},{"version":"2.0.11","pubspec":{"version":"2.0.11","na
me":"archive","dependencies":{"crypto":">=2.0.0 <3.0.0","args":">=1.4.0 
<2.0.0","path":">=1.5.1 <2.0.0"},"description":"Provides encoders and decoders 
for various archive and compression formats such as zip, tar, bzip2, gzip, and 
zlib.","homepage":"https://github.com/brendan-duncan/archive","environment":{"s
dk":">=2.0.0-dev.49.0 <3.0.0"},"documentation":"https://github.com/brendan-dunc
an/archive/wiki","dev_dependencies":{"build_runner":">=0.8.10 
<2.0.0","test":">=0.12.13 
<2.0.0","pedantic":"^1.0.0","build_web_compilers":">=0.3.6 <2.0.0"}},"archive_u
rl":"https://pub.dev/api/archives/archive-2.0.11.tar.gz","archive_sha256":"3cde
b2448d59875cb7dfe827355c6965dfe053b43ae30d61fbf48a8ac9ab83a4","published":"2019
-11-08T23:56:24.861902Z"},{"version":"2.0.12","pubspec":{"name":"archive","vers
ion":"2.0.12","description":"Provides encoders and decoders for various 
archive and compression formats such as zip, tar, bzip2, gzip, and zlib.","home
page":"https://github.com/brendan-duncan/archive","environment":{"sdk":">=2.0.0
-dev.49.0 <3.0.0"},"documentation":"https://github.com/brendan-duncan/archive/w
iki","dependencies":{"crypto":">=2.0.0 <3.0.0","args":">=1.4.0 
<2.0.0","path":">=1.5.1 <2.0.0"},"dev_dependencies":{"test":">=0.12.13 
<2.0.0","build_web_compilers":">=0.3.6 <2.0.0","build_runner":">=0.8.10 <2.0.0"
,"pedantic":"^1.0.0"}},"archive_url":"https://pub.dev/api/archives/archive-2.0.
12.tar.gz","archive_sha256":"6963bfd3955d9d5ebf2bc22cf77a37a0f30e93f73237559bbf
9ed380ad7f35ab","published":"2019-12-30T23:11:39.084830Z"},{"version":"2.0.13",
"pubspec":{"name":"archive","version":"2.0.13","description":"Provides 
encoders and decoders for various archive and compression formats such as zip, 
tar, bzip2, gzip, and zlib.","homepage":"https://github.com/brendan-duncan/arch
ive","environment":{"sdk":">=2.0.0-dev.49.0 <3.0.0"},"documentation":"https://g
ithub.com/brendan-duncan/archive/wiki","dependencies":{"crypto":">=2.0.0 
<3.0.0","args":">=1.4.0 <2.0.0","path":">=1.5.1 
<2.0.0"},"dev_dependencies":{"test":">=0.12.13 
<2.0.0","build_web_compilers":">=0.3.6 <2.0.0","build_runner":">=0.8.10 <2.0.0"
,"pedantic":"^1.0.0"}},"archive_url":"https://pub.dev/api/archives/archive-2.0.
13.tar.gz","archive_sha256":"f06332efd7b0886705a929c5d3b52cda4d6d0979627c1dbe9a
18fc24becf50ae","published":"2020-01-02T20:03:05.349256Z"},{"version":"3.0.0-nu
llsafety.0","pubspec":{"name":"archive","version":"3.0.0-nullsafety.0","descrip
tion":"Provides encoders and decoders for various archive and compression 
formats such as zip, tar, bzip2, gzip, and zlib.","homepage":"https://github.co
m/brendan-duncan/archive","environment":{"sdk":">=2.12.0-0 <3.0.0"},"documentat
ion":"https://github.com/brendan-duncan/archive/wiki","dependencies":{"crypto":
"^3.0.0-nullsafety.0","path":"^1.8.0-nullsafety.3"},"dev_dependencies":{"test":
"^1.16.0-nullsafety.15","pedantic":"^1.10.0-nullsafety.3"}},"archive_url":"http
s://pub.dev/api/archives/archive-3.0.0-nullsafety.0.tar.gz","archive_sha256":"1
62c5842cc58d4316b5beccb590f6e04fba7098b25efbe95d8a4c721a628efaa","published":"2
021-01-20T19:01:05.050676Z"},{"version":"3.0.0","pubspec":{"name":"archive","ve
rsion":"3.0.0","description":"Provides encoders and decoders for various 
archive and compression formats such as zip, tar, bzip2, gzip, and zlib.","repo
sitory":"https://github.com/brendan-duncan/archive","environment":{"sdk":">=2.1
2.0-0 <3.0.0"},"dependencies":{"crypto":"^3.0.0","path":"^1.8.0"},"dev_dependen
cies":{"test":"^1.16.0-nullsafety.15","pedantic":"^1.10.0-nullsafety.3"}},"arch
ive_url":"https://pub.dev/api/archives/archive-3.0.0.tar.gz","archive_sha256":"
e739f05a0aed98dda77aeac57000d35fc6ed4650b8b4e32766f044a411d4dae9","published":"
2021-02-03T20:18:58.659574Z"},{"version":"3.1.1","pubspec":{"name":"archive","v
ersion":"3.1.1","description":"Provides encoders and decoders for various 
archive and compression formats such as zip, tar, bzip2, gzip, and zlib.","repo
sitory":"https://github.com/brendan-duncan/archive","environment":{"sdk":">=2.1
2.0-0 <3.0.0"},"dependencies":{"crypto":"^3.0.0","path":"^1.8.0"},"dev_dependen
cies":{"test":"^1.16.0-nullsafety.15","pedantic":"^1.10.0-nullsafety.3"}},"arch
ive_url":"https://pub.dev/api/archives/archive-3.1.1.tar.gz","archive_sha256":"
5ec27c759d2b03e84b238027addf0ef9dd02d8bd02fe832323077df2dd60b297","published":"
2021-02-28T17:33:10.342801Z"},{"version":"3.1.2","pubspec":{"name":"archive","v
ersion":"3.1.2","description":"Provides encoders and decoders for various 
archive and compression formats such as zip, tar, bzip2, gzip, and zlib.","repo
sitory":"https://github.com/brendan-duncan/archive","environment":{"sdk":">=2.1
2.0-0 <3.0.0"},"dependencies":{"crypto":"^3.0.0","path":"^1.8.0"},"dev_dependen
cies":{"test":"^1.16.0-nullsafety.15","pedantic":"^1.10.0-nullsafety.3"}},"arch
ive_url":"https://pub.dev/api/archives/archive-3.1.2.tar.gz","archive_sha256":"
a92e39b291073bb840a72cf43d96d2a63c74e9a485d227833e8ea0054d16ad16","published":"
2021-03-02T00:30:45.967667Z"},{"version":"3.1.3","pubspec":{"name":"archive","v
ersion":"3.1.3","description":"Provides encoders and decoders for various 
archive and compression formats such as zip, tar, bzip2, gzip, and zlib.","repo
sitory":"https://github.com/brendan-duncan/archive","environment":{"sdk":">=2.1
2.0-0 <3.0.0"},"dependencies":{"crypto":"^3.0.0","path":"^1.8.0"},"dev_dependen
cies":{"lints":"^1.0.0","test":"^1.17.0"}},"archive_url":"https://pub.dev/api/a
rchives/archive-3.1.3.tar.gz","archive_sha256":"aacb8a4d2d9b41590c29b421e579c48
a3305139efcecf428b02c54e735437963","published":"2021-09-29T15:55:38.402116Z"},{
"version":"3.1.4","pubspec":{"name":"archive","version":"3.1.4","description":"
Provides encoders and decoders for various archive and compression formats 
such as zip, tar, bzip2, gzip, and zlib.","repository":"https://github.com/bren
dan-duncan/archive","environment":{"sdk":">=2.12.0-0 <3.0.0"},"dependencies":{"
crypto":"^3.0.0","path":"^1.8.0"},"dev_dependencies":{"lints":"^1.0.0","test":"
^1.17.0"}},"archive_url":"https://pub.dev/api/archives/archive-3.1.4.tar.gz","a
rchive_sha256":"96bf61528c4ff3d8370ab031bc437bec8a5386e2b6ad5c18d7773d7f1fb6d5d
3","published":"2021-09-29T17:19:27.707300Z"},{"version":"3.1.5","pubspec":{"na
me":"archive","version":"3.1.5","description":"Provides encoders and decoders 
for various archive and compression formats such as zip, tar, bzip2, gzip, and 
zlib.","repository":"https://github.com/brendan-duncan/archive","environment":{
"sdk":">=2.12.0-0 <3.0.0"},"dependencies":{"crypto":"^3.0.0","path":"^1.8.0"},"
dev_dependencies":{"lints":"^1.0.0","test":"^1.17.0"}},"archive_url":"https://p
ub.dev/api/archives/archive-3.1.5.tar.gz","archive_sha256":"b64a2605c583cfb68f7
a79a0d38a92dec9d86d0f3425453b9617217742b20ef9","published":"2021-09-29T22:24:48
.528938Z"},{"version":"3.1.6","pubspec":{"name":"archive","version":"3.1.6","de
scription":"Provides encoders and decoders for various archive and compression 
formats such as zip, tar, bzip2, gzip, and zlib.","repository":"https://github.
com/brendan-duncan/archive","environment":{"sdk":">=2.12.0-0 <3.0.0"},"dependen
cies":{"crypto":"^3.0.0","path":"^1.8.0"},"dev_dependencies":{"http":"^0.13.3",
"lints":"^1.0.0","test":"^1.17.0"}},"archive_url":"https://pub.dev/api/archives
/archive-3.1.6.tar.gz","archive_sha256":"ae3e2b5dcfd7262920f3a36df8f04a9f798baf
e395d7dc6cf2a7178ae8aba792","published":"2021-10-11T15:44:36.402744Z"},{"versio
n":"3.1.7","pubspec":{"name":"archive","version":"3.1.7","description":"Provide
s encoders and decoders for various archive and compression formats such as 
zip, tar, bzip2, gzip, and zlib.","repository":"https://github.com/brendan-dunc
an/archive","environment":{"sdk":">=2.12.0-0 <3.0.0"},"dependencies":{"crypto":
"^3.0.0","path":"^1.8.0"},"dev_dependencies":{"http":"^0.13.3","lints":"^1.0.0"
,"test":"^1.17.0"}},"archive_url":"https://pub.dev/api/archives/archive-3.1.7.t
ar.gz","archive_sha256":"f9694ffcb0e96af59a74a8bb9c588e227154fdf5c597df537657ae
3835f27271","published":"2022-01-01T19:49:03.251790Z"},{"version":"3.1.8","pubs
pec":{"name":"archive","version":"3.1.8","description":"Provides encoders and 
decoders for various archive and compression formats such as zip, tar, bzip2, 
gzip, and zlib.","repository":"https://github.com/brendan-duncan/archive","envi
ronment":{"sdk":">=2.12.0-0 <3.0.0"},"dependencies":{"crypto":"^3.0.0","path":"
^1.8.0"},"dev_dependencies":{"http":"^0.13.3","lints":"^1.0.0","test":"^1.17.0"
}},"archive_url":"https://pub.dev/api/archives/archive-3.1.8.tar.gz","archive_s
ha256":"781365ca8aedb3203cb99f2abed8a9e89d6aa358e8d038068acb81664e1ccdad","publ
ished":"2022-01-01T22:11:20.720948Z"},{"version":"3.1.9","pubspec":{"name":"arc
hive","version":"3.1.9","description":"Provides encoders and decoders for 
various archive and compression formats such as zip, tar, bzip2, gzip, and zlib
.","repository":"https://github.com/brendan-duncan/archive","environment":{"sdk
":">=2.12.0 <3.0.0"},"dependencies":{"crypto":"^3.0.0","path":"^1.8.0"},"dev_de
pendencies":{"http":"^0.13.3","lints":"^1.0.0","test":"^1.17.0"}},"archive_url"
:"https://pub.dev/api/archives/archive-3.1.9.tar.gz","archive_sha256":"d1892491
f45480ecd260c7f7e891bed73208f13e2d45f1d34d7466f7a83f359b","published":"2022-01-
20T04:21:11.468529Z"},{"version":"3.1.10","pubspec":{"name":"archive","version"
:"3.1.10","description":"Provides encoders and decoders for various archive 
and compression formats such as zip, tar, bzip2, gzip, and zlib.","repository":
"https://github.com/brendan-duncan/archive","environment":{"sdk":">=2.12.0 <3.0
.0"},"dependencies":{"crypto":"^3.0.0","path":"^1.8.0"},"dev_dependencies":{"ht
tp":"^0.13.3","lints":"^1.0.0","test":"^1.17.0"}},"archive_url":"https://pub.de
v/api/archives/archive-3.1.10.tar.gz","archive_sha256":"d59e0d1e049c5bd66fbf55a
865fe554f2519fd940b2ca672f4d0e2baf79aa417","published":"2022-01-29T18:55:23.124
267Z"},{"version":"3.1.11","pubspec":{"name":"archive","version":"3.1.11","desc
ription":"Provides encoders and decoders for various archive and compression 
formats such as zip, tar, bzip2, gzip, and zlib.","repository":"https://github.
com/brendan-duncan/archive","environment":{"sdk":">=2.12.0 <3.0.0"},"dependenci
es":{"crypto":"^3.0.0","path":"^1.8.0"},"dev_dependencies":{"http":"^0.13.3","l
ints":"^1.0.0","test":"^1.17.0"}},"archive_url":"https://pub.dev/api/archives/a
rchive-3.1.11.tar.gz","archive_sha256":"d65e8c59051d72808ae971dcc2465b593177a33
162edaee29c3b1858b328b98f","published":"2022-01-29T22:42:52.475489Z"},{"version
":"3.2.0","pubspec":{"name":"archive","version":"3.2.0","description":"Provides
 encoders and decoders for various archive and compression formats such as 
zip, tar, bzip2, gzip, and zlib.","repository":"https://github.com/brendan-dunc
an/archive","environment":{"sdk":">=2.12.0 <3.0.0"},"dependencies":{"crypto":"^
3.0.0","path":"^1.8.0"},"dev_dependencies":{"http":"^0.13.3","lints":"^1.0.0","
test":"^1.17.0"}},"archive_url":"https://pub.dev/api/archives/archive-3.2.0.tar
.gz","archive_sha256":"29fa72e85814672ab1e4d8b36f21cfadd34b16ce2c5c35e86a00df56
0e9b7940","published":"2022-02-13T03:20:24.404046Z"},{"version":"3.2.1","pubspe
c":{"name":"archive","version":"3.2.1","description":"Provides encoders and 
decoders for various archive and compression formats such as zip, tar, bzip2, 
gzip, and zlib.","repository":"https://github.com/brendan-duncan/archive","envi
ronment":{"sdk":">=2.12.0 <3.0.0"},"dependencies":{"crypto":"^3.0.0","path":"^1
.8.0"},"dev_dependencies":{"http":"^0.13.3","lints":"^1.0.0","test":"^1.17.0"}}
,"archive_url":"https://pub.dev/api/archives/archive-3.2.1.tar.gz","archive_sha
256":"b4e685f9b52b7c50b6433fa4008572f157ca5841f4dbddda513a112a8c23cb69","publis
hed":"2022-02-18T05:45:40.689421Z"},{"version":"3.2.2","pubspec":{"name":"archi
ve","version":"3.2.2","description":"Provides encoders and decoders for 
various archive and compression formats such as zip, tar, bzip2, gzip, and zlib
.","repository":"https://github.com/brendan-duncan/archive","environment":{"sdk
":">=2.12.0 <3.0.0"},"dependencies":{"crypto":"^3.0.0","path":"^1.8.0"},"dev_de
pendencies":{"http":"^0.13.3","lints":"^1.0.0","test":"^1.17.0"}},"archive_url"
:"https://pub.dev/api/archives/archive-3.2.2.tar.gz","archive_sha256":"cdecf5f4
5a132ba5671845ec126269a17a69979c0f385852ad4a7d8639016441","published":"2022-03-
09T16:54:26.444236Z"},{"version":"3.3.0","pubspec":{"name":"archive","version":
"3.3.0","description":"Provides encoders and decoders for various archive and 
compression formats such as zip, tar, bzip2, gzip, and zlib.","repository":"htt
ps://github.com/brendan-duncan/archive","environment":{"sdk":">=2.12.0 <3.0.0"}
,"dependencies":{"crypto":"^3.0.0","path":"^1.8.0"},"dev_dependencies":{"http":
"^0.13.3","lints":"^1.0.0","test":"^1.17.0"}},"archive_url":"https://pub.dev/ap
i/archives/archive-3.3.0.tar.gz","archive_sha256":"eb33140ede1b4039f4ad631f7bf3
cfa58e24514e8bf87184bc32f17541af87fc","published":"2022-03-25T17:59:02.828040Z"
},{"version":"3.3.1","pubspec":{"name":"archive","version":"3.3.1","description
":"Provides encoders and decoders for various archive and compression formats 
such as zip, tar, bzip2, gzip, and zlib.","repository":"https://github.com/bren
dan-duncan/archive","environment":{"sdk":">=2.12.0 <3.0.0"},"dependencies":{"cr
ypto":"^3.0.0","path":"^1.8.0"},"dev_dependencies":{"http":"^0.13.3","lints":"^
1.0.0","test":"^1.17.0"}},"archive_url":"https://pub.dev/api/archives/archive-3
.3.1.tar.gz","archive_sha256":"793964beb8e297995714326628881437d4211f10fc884353
4bab54129cd896ee","published":"2022-07-20T03:50:59.713217Z"},{"version":"3.3.2"
,"pubspec":{"name":"archive","version":"3.3.2","description":"Provides 
encoders and decoders for various archive and compression formats such as zip, 
tar, bzip2, gzip, and zlib.","repository":"https://github.com/brendan-duncan/ar
chive","environment":{"sdk":">=2.12.0 <3.0.0"},"dependencies":{"crypto":"^3.0.0
","path":"^1.8.0"},"dev_dependencies":{"http":"^0.13.3","lints":"^1.0.0","test"
:"^1.17.0"}},"archive_url":"https://pub.dev/api/archives/archive-3.3.2.tar.gz",
"archive_sha256":"80e5141fafcb3361653ce308776cfd7d45e6e9fbb429e14eec571382c0c5f
ecb","published":"2022-10-16T17:28:10.982626Z"},{"version":"3.3.3","pubspec":{"
name":"archive","version":"3.3.3","description":"Provides encoders and 
decoders for various archive and compression formats such as zip, tar, bzip2, 
gzip, and zlib.","repository":"https://github.com/brendan-duncan/archive","envi
ronment":{"sdk":">=2.12.0 <3.0.0"},"dependencies":{"crypto":"^3.0.0","path":"^1
.8.0","pointycastle":"^3.6.2"},"dev_dependencies":{"http":"^0.13.3","lints":"^1
.0.0","test":"^1.17.0"}},"archive_url":"https://pub.dev/api/archives/archive-3.
3.3.tar.gz","archive_sha256":"3ad98253a850fc6d1bdbfd988f5f9b8b006ad73cdf2e3a37a
a23391fb411253d","published":"2022-11-11T17:56:40.057604Z"},{"version":"3.3.4",
"pubspec":{"name":"archive","version":"3.3.4","description":"Provides encoders 
and decoders for various archive and compression formats such as zip, tar, 
bzip2, gzip, and zlib.","repository":"https://github.com/brendan-duncan/archive
","environment":{"sdk":">=2.12.0 <3.0.0"},"dependencies":{"crypto":"^3.0.0","pa
th":"^1.8.0","pointycastle":"^3.6.2"},"dev_dependencies":{"http":"^0.13.3","lin
ts":"^1.0.0","test":"^1.17.0"}},"archive_url":"https://pub.dev/api/archives/arc
hive-3.3.4.tar.gz","archive_sha256":"76d919e063a09d19d61f99463a20dba1c1e8d0bc3a
5eba91bac2853fac095373","published":"2022-11-11T23:16:47.504017Z"},{"version":"
3.3.5","pubspec":{"name":"archive","version":"3.3.5","description":"Provides 
encoders and decoders for various archive and compression formats such as zip, 
tar, bzip2, gzip, and zlib.","repository":"https://github.com/brendan-duncan/ar
chive","environment":{"sdk":">=2.12.0 <3.0.0"},"dependencies":{"crypto":"^3.0.0
","path":"^1.8.0","pointycastle":"^3.6.2"},"dev_dependencies":{"http":"^0.13.3"
,"lints":"^1.0.0","test":"^1.17.0"}},"archive_url":"https://pub.dev/api/archive
s/archive-3.3.5.tar.gz","archive_sha256":"ed7cc591a948744994714375caf9a2ce89e1d
82e8243997c8a2994d57181c212","published":"2022-11-23T03:44:17.766377Z"},{"versi
on":"3.3.6","pubspec":{"name":"archive","version":"3.3.6","description":"Provid
es encoders and decoders for various archive and compression formats such as 
zip, tar, bzip2, gzip, and zlib.","repository":"https://github.com/brendan-dunc
an/archive","environment":{"sdk":">=2.12.0 <3.0.0"},"dependencies":{"crypto":"^
3.0.0","path":"^1.8.0","pointycastle":"^3.6.2"},"dev_dependencies":{"http":"^0.
13.3","lints":"^1.0.0","test":"^1.17.0"}},"archive_url":"https://pub.dev/api/ar
chives/archive-3.3.6.tar.gz","archive_sha256":"d6347d54a2d8028e0437e3c099f66fdb
8ae02c4720c1e7534c9f24c10351f85d","published":"2023-01-27T19:23:04.850709Z"},{"
version":"3.3.7","pubspec":{"name":"archive","version":"3.3.7","description":"P
rovides encoders and decoders for various archive and compression formats such 
as zip, tar, bzip2, gzip, and zlib.","repository":"https://github.com/brendan-d
uncan/archive","environment":{"sdk":">=2.12.0 <3.0.0"},"dependencies":{"crypto"
:"^3.0.0","path":"^1.8.0","pointycastle":"^3.6.2"},"dev_dependencies":{"http":"
^0.13.3","lints":"^1.0.0","test":"^1.17.0"}},"archive_url":"https://pub.dev/api
/archives/archive-3.3.7.tar.gz","archive_sha256":"0c8368c9b3f0abbc193b9d6133649
a614204b528982bebc7026372d61677ce3a","published":"2023-04-09T05:12:04.130142Z"}
,{"version":"3.3.8","pubspec":{"name":"archive","version":"3.3.8","description"
:"Provides encoders and decoders for various archive and compression formats 
such as zip, tar, bzip2, gzip, and zlib.","repository":"https://github.com/bren
dan-duncan/archive","environment":{"sdk":">=2.12.0 <4.0.0"},"dependencies":{"cr
ypto":"^3.0.0","path":"^1.8.0","pointycastle":"^3.6.2"},"dev_dependencies":{"ht
tp":"^0.13.3","lints":"^1.0.0","test":"^1.17.0"}},"archive_url":"https://pub.de
v/api/archives/archive-3.3.8.tar.gz","archive_sha256":"49b1fad315e57ab0bbc15bcb
b874e83116a1d78f77ebd500a4af6c9407d6b28e","published":"2023-09-03T02:06:28.6361
78Z"},{"version":"3.3.9","pubspec":{"name":"archive","version":"3.3.9","descrip
tion":"Provides encoders and decoders for various archive and compression 
formats such as zip, tar, bzip2, gzip, and zlib.","repository":"https://github.
com/brendan-duncan/archive","environment":{"sdk":">=2.12.0 <4.0.0"},"dependenci
es":{"crypto":"^3.0.0","path":"^1.8.0","pointycastle":"^3.6.2"},"dev_dependenci
es":{"http":"^0.13.3","lints":"^1.0.0","test":"^1.17.0"}},"archive_url":"https:
//pub.dev/api/archives/archive-3.3.9.tar.gz","archive_sha256":"e0902a06f0e00414
e4e3438a084580161279f137aeb862274710f29ec10cf01e","published":"2023-09-11T03:15
:49.178716Z"},{"version":"3.4.0","pubspec":{"name":"archive","version":"3.4.0",
"description":"Provides encoders and decoders for various archive and 
compression formats such as zip, tar, bzip2, gzip, and zlib.","repository":"htt
ps://github.com/brendan-duncan/archive","environment":{"sdk":">=2.12.0 <4.0.0"}
,"dependencies":{"crypto":"^3.0.0","path":"^1.8.0","pointycastle":"^3.6.2"},"de
v_dependencies":{"http":"^0.13.3","lints":"^1.0.0","test":"^1.17.0"}},"archive_
url":"https://pub.dev/api/archives/archive-3.4.0.tar.gz","archive_sha256":"1227
dc3efc4ea571eebb2dfb814506ed2cfb1d4b1b89fb918abdddde617ead3c","published":"2023
-09-22T04:12:07.799911Z"},{"version":"3.4.1","pubspec":{"name":"archive","versi
on":"3.4.1","description":"Provides encoders and decoders for various archive 
and compression formats such as zip, tar, bzip2, gzip, and zlib.","repository":
"https://github.com/brendan-duncan/archive","environment":{"sdk":">=2.12.0 <4.0
.0"},"dependencies":{"crypto":"^3.0.0","path":"^1.8.0","pointycastle":"^3.6.2"}
,"dev_dependencies":{"http":"^0.13.3","lints":"^1.0.0","test":"^1.17.0"}},"arch
ive_url":"https://pub.dev/api/archives/archive-3.4.1.tar.gz","archive_sha256":"
e44ad5bbb3bbe88ae8809c2eb1682c099c2e13c471aed13a5b7e67572f7b57ae","published":"
2023-09-23T15:43:56.464691Z"},{"version":"3.4.2","pubspec":{"name":"archive","v
ersion":"3.4.2","description":"Provides encoders and decoders for various 
archive and compression formats such as zip, tar, bzip2, gzip, and zlib.","repo
sitory":"https://github.com/brendan-duncan/archive","environment":{"sdk":">=2.1
2.0 <4.0.0"},"dependencies":{"crypto":"^3.0.0","path":"^1.8.0","pointycastle":"
^3.6.2"},"dev_dependencies":{"http":"^0.13.3","lints":"^1.0.0","test":"^1.17.0"
}},"archive_url":"https://pub.dev/api/archives/archive-3.4.2.tar.gz","archive_s
ha256":"20071638cbe4e5964a427cfa0e86dce55d060bc7d82d56f3554095d7239a8765","publ
ished":"2023-09-23T16:52:33.513622Z"},{"version":"3.4.3","pubspec":{"name":"arc
hive","version":"3.4.3","description":"Provides encoders and decoders for 
various archive and compression formats such as zip, tar, bzip2, gzip, and zlib
.","repository":"https://github.com/brendan-duncan/archive","environment":{"sdk
":">=2.12.0 <4.0.0"},"dependencies":{"crypto":"^3.0.3","path":"^1.8.0","pointyc
astle":"^3.6.2"},"dev_dependencies":{"http":"^1.1.0","lints":"^2.1.1","test":"^
1.24.6"}},"archive_url":"https://pub.dev/api/archives/archive-3.4.3.tar.gz","ar
chive_sha256":"d4dc11707abb32ef756ab95678c0d6df54003d98277f7c9aeda14c48e7a38c2f
","published":"2023-09-29T03:53:44.208657Z"},{"version":"3.4.4","pubspec":{"nam
e":"archive","version":"3.4.4","description":"Provides encoders and decoders 
for various archive and compression formats such as zip, tar, bzip2, gzip, and 
zlib.","repository":"https://github.com/brendan-duncan/archive","environment":{
"sdk":">=2.12.0 <4.0.0"},"dependencies":{"crypto":"^3.0.3","path":"^1.8.0","poi
ntycastle":"^3.6.2"},"dev_dependencies":{"http":"^1.1.0","lints":"^2.1.1","test
":"^1.24.6"}},"archive_url":"https://pub.dev/api/archives/archive-3.4.4.tar.gz"
,"archive_sha256":"06a96f1249f38a00435b3b0c9a3246d934d7dbc8183fc7c9e56989860edb
99d4","published":"2023-09-30T15:35:13.672937Z"},{"version":"3.4.5","pubspec":{
"name":"archive","version":"3.4.5","description":"Provides encoders and 
decoders for various archive and compression formats such as zip, tar, bzip2, 
gzip, and zlib.","repository":"https://github.com/brendan-duncan/archive","envi
ronment":{"sdk":">=2.12.0 <4.0.0"},"dependencies":{"crypto":"^3.0.3","path":"^1
.8.0","pointycastle":"^3.7.3"},"dev_dependencies":{"http":"^1.1.0","lints":"^2.
1.1","test":"^1.24.6"}},"archive_url":"https://pub.dev/api/archives/archive-3.4
.5.tar.gz","archive_sha256":"ca12e6c9ac022f33fd89128e7007fb5e97ab6e814d4fa05dd8
d4f2db1e3c69cb","published":"2023-10-07T20:34:58.814026Z"},{"version":"3.4.6","
pubspec":{"name":"archive","version":"3.4.6","description":"Provides encoders 
and decoders for various archive and compression formats such as zip, tar, 
bzip2, gzip, and zlib.","repository":"https://github.com/brendan-duncan/archive
","environment":{"sdk":">=2.12.0 <4.0.0"},"dependencies":{"crypto":"^3.0.3","pa
th":"^1.8.0","pointycastle":"^3.7.3"},"dev_dependencies":{"http":"^1.1.0","lint
s":"^2.1.1","test":"^1.24.6"}},"archive_url":"https://pub.dev/api/archives/arch
ive-3.4.6.tar.gz","archive_sha256":"7e0d52067d05f2e0324268097ba723b71cb41ac8a6a
2b24d1edf9c536b987b03","published":"2023-10-11T03:34:06.029738Z"},{"version":"3
.4.7","pubspec":{"name":"archive","version":"3.4.7","description":"Provides 
encoders and decoders for various archive and compression formats such as zip, 
tar, bzip2, gzip, and zlib.","repository":"https://github.com/brendan-duncan/ar
chive","environment":{"sdk":">=2.12.0 <4.0.0"},"dependencies":{"crypto":"^3.0.3
","path":"^1.8.0","pointycastle":"^3.7.3"},"dev_dependencies":{"http":"^1.1.0",
"lints":"^2.1.1","test":"^1.24.6"}},"archive_url":"https://pub.dev/api/archives
/archive-3.4.7.tar.gz","archive_sha256":"27b24c1b1ab091964e7c0079dcedc9a04d9920
89df724b9cea45fe6f82d48de1","published":"2023-11-05T03:23:38.329496Z"},{"versio
n":"3.4.8","pubspec":{"name":"archive","version":"3.4.8","description":"Provide
s encoders and decoders for various archive and compression formats such as 
zip, tar, bzip2, gzip, and zlib.","repository":"https://github.com/brendan-dunc
an/archive","environment":{"sdk":">=2.12.0 <4.0.0"},"dependencies":{"crypto":"^
3.0.3","path":"^1.8.0","pointycastle":"^3.7.3"},"dev_dependencies":{"http":"^1.
1.0","lints":"^2.1.1","test":"^1.24.6"}},"archive_url":"https://pub.dev/api/arc
hives/archive-3.4.8.tar.gz","archive_sha256":"0da817eab9833cc222ee5575789664e99
f60fe0c554be55dc1979f9b4ec6dd73","published":"2023-11-06T03:56:00.604223Z"},{"v
ersion":"3.4.9","pubspec":{"name":"archive","version":"3.4.9","description":"Pr
ovides encoders and decoders for various archive and compression formats such 
as zip, tar, bzip2, gzip, and zlib.","repository":"https://github.com/brendan-d
uncan/archive","environment":{"sdk":">=2.12.0 <4.0.0"},"dependencies":{"crypto"
:"^3.0.3","path":"^1.8.0","pointycastle":"^3.7.3"},"dev_dependencies":{"http":"
^1.1.0","lints":"^2.1.1","test":"^1.24.6"}},"archive_url":"https://pub.dev/api/
archives/archive-3.4.9.tar.gz","archive_sha256":"7b875fd4a20b165a3084bd2d210439
b22ebc653f21cea4842729c0c30c82596b","published":"2023-11-07T17:04:23.360657Z"},
{"version":"3.4.10","pubspec":{"name":"archive","version":"3.4.10","description
":"Provides encoders and decoders for various archive and compression formats 
such as zip, tar, bzip2, gzip, and zlib.","repository":"https://github.com/bren
dan-duncan/archive","environment":{"sdk":">=2.12.0 <4.0.0"},"dependencies":{"cr
ypto":"^3.0.3","path":"^1.8.0","pointycastle":"^3.7.3"},"dev_dependencies":{"ht
tp":"^1.1.0","lints":"^2.1.1","test":"^1.24.6"}},"archive_url":"https://pub.dev
/api/archives/archive-3.4.10.tar.gz","archive_sha256":"22600aa1e926be775fa5fe7e
6894e7fb3df9efda8891c73f70fb3262399a432d","published":"2024-01-03T01:26:42.7627
59Z"},{"version":"3.5.0","pubspec":{"name":"archive","version":"3.5.0","descrip
tion":"Provides encoders and decoders for various archive and compression 
formats such as zip, tar, bzip2, gzip, and zlib.","repository":"https://github.
com/brendan-duncan/archive","environment":{"sdk":"^3.0.0"},"dependencies":{"cry
pto":"^3.0.3","path":"^1.8.0"},"dev_dependencies":{"http":"^1.1.0","lints":"^3.
0.0","test":"^1.24.6"}},"archive_url":"https://pub.dev/api/archives/archive-3.5
.0.tar.gz","archive_sha256":"0763b45fa9294197a2885c8567927e2830ade852e5c896fd4a
b7e0e348d0f373","published":"2024-04-27T03:32:34.954369Z"},{"version":"3.5.1","
pubspec":{"name":"archive","version":"3.5.1","description":"Provides encoders 
and decoders for various archive and compression formats such as zip, tar, 
bzip2, gzip, and zlib.","repository":"https://github.com/brendan-duncan/archive
","environment":{"sdk":"^3.0.0"},"dependencies":{"crypto":"^3.0.3","path":"^1.8
.0"},"dev_dependencies":{"http":"^1.1.0","lints":"^3.0.0","test":"^1.24.6"}},"a
rchive_url":"https://pub.dev/api/archives/archive-3.5.1.tar.gz","archive_sha256
":"ecf4273855368121b1caed0d10d4513c7241dfc813f7d3c8933b36622ae9b265","published
":"2024-05-04T04:50:12.170338Z"},{"version":"3.6.0","pubspec":{"name":"archive"
,"version":"3.6.0","description":"Provides encoders and decoders for various 
archive and compression formats such as zip, tar, bzip2, gzip, and zlib.","repo
sitory":"https://github.com/brendan-duncan/archive","topics":["archive","zip","
tar","gzip","xz"],"environment":{"sdk":"^3.0.0"},"dependencies":{"crypto":"^3.0
.3","path":"^1.8.0"},"dev_dependencies":{"http":"^1.1.0","lints":"^3.0.0","test
":"^1.24.6"}},"archive_url":"https://pub.dev/api/archives/archive-3.6.0.tar.gz"
,"archive_sha256":"6bd38d335f0954f5fad9c79e614604fbf03a0e5b975923dd001b6ea965ef
5b4b","published":"2024-05-22T14:44:58.921242Z"},{"version":"3.6.1","pubspec":{
"name":"archive","version":"3.6.1","description":"Provides encoders and 
decoders for various archive and compression formats such as zip, tar, bzip2, 
gzip, and zlib.","repository":"https://github.com/brendan-duncan/archive","topi
cs":["archive","zip","tar","gzip","xz"],"environment":{"sdk":"^3.0.0"},"depende
ncies":{"crypto":"^3.0.3","path":"^1.8.0"},"dev_dependencies":{"http":"^1.1.0",
"lints":"^3.0.0","test":"^1.24.6"}},"archive_url":"https://pub.dev/api/archives
/archive-3.6.1.tar.gz","archive_sha256":"cb6a278ef2dbb298455e1a713bda08524a1756
30ec643a242c399c932a0a1f7d","published":"2024-06-01T02:43:17.892450Z"},{"versio
n":"4.0.0","pubspec":{"name":"archive","version":"4.0.0","description":"Provide
s encoders and decoders for various archive and compression formats such as 
zip, tar, bzip2, gzip, and zlib.","repository":"https://github.com/brendan-dunc
an/archive","topics":["archive","zip","tar","gzip","xz"],"environment":{"sdk":"
>=3.0.0 <4.0.0"},"dependencies":{"crypto":"^3.0.3","path":"^1.8.0","posix":"^6.
0.1"},"dev_dependencies":{"http":"^1.1.0","lints":"^4.0.0","test":"^1.24.6"}},"
archive_url":"https://pub.dev/api/archives/archive-4.0.0.tar.gz","archive_sha25
6":"477ffbd1fda1816bd7d5d5b9432d618e62ece95949e314491ec622d40b10bab8","publishe
d":"2024-12-07T18:06:17.045138Z"},{"version":"4.0.1","pubspec":{"name":"archive
","version":"4.0.1","description":"Provides encoders and decoders for various 
archive and compression formats such as zip, tar, bzip2, gzip, and zlib.","repo
sitory":"https://github.com/brendan-duncan/archive","topics":["archive","zip","
tar","gzip","xz"],"environment":{"sdk":">=3.0.0 <4.0.0"},"dependencies":{"crypt
o":"^3.0.3","path":"^1.8.0","posix":"^6.0.1"},"dev_dependencies":{"http":"^1.1.
0","lints":"^4.0.0","test":"^1.24.6"}},"archive_url":"https://pub.dev/api/archi
ves/archive-4.0.1.tar.gz","archive_sha256":"08064924cbf0ab88280a0c3f60db9dd24fe
c693927e725ecb176f16c629d1cb8","published":"2024-12-09T02:03:54.326091Z"},{"ver
sion":"4.0.2","pubspec":{"name":"archive","version":"4.0.2","description":"Prov
ides encoders and decoders for various archive and compression formats such as 
zip, tar, bzip2, gzip, and zlib.","repository":"https://github.com/brendan-dunc
an/archive","topics":["archive","zip","tar","gzip","xz"],"environment":{"sdk":"
>=3.0.0 <4.0.0"},"dependencies":{"crypto":"^3.0.3","path":"^1.8.0","posix":"^6.
0.1"},"dev_dependencies":{"build_runner":"^2.4.14","build_web_compilers":"^4.1.
0","http":"^1.1.0","lints":"^4.0.0","test":"^1.24.6","web":"^1.1.0"}},"archive_
url":"https://pub.dev/api/archives/archive-4.0.2.tar.gz","archive_sha256":"6199
c74e3db4fbfbd04f66d739e72fe11c8a8957d5f219f1f4482dbde6420b5a","published":"2024
-12-19T17:37:00.017750Z"},{"version":"4.0.3","pubspec":{"name":"archive","versi
on":"4.0.3","description":"Provides encoders and decoders for various archive 
and compression formats such as zip, tar, bzip2, gzip, and zlib.","repository":
"https://github.com/brendan-duncan/archive","topics":["archive","zip","tar","gz
ip","xz"],"environment":{"sdk":">=3.0.0 <4.0.0"},"dependencies":{"crypto":"^3.0
.3","path":"^1.8.0","posix":"^6.0.1"},"dev_dependencies":{"build_runner":"^2.4.
14","build_web_compilers":"^4.1.0","http":"^1.1.0","lints":"^4.0.0","test":"^1.
24.6","web":"^1.1.0"}},"archive_url":"https://pub.dev/api/archives/archive-4.0.
3.tar.gz","archive_sha256":"528579c7e4579719f04b21eeeeddfd73a18b31dabc22766893b
7d1be7f49b967","published":"2025-02-22T01:12:36.116332Z"},{"version":"4.0.4","p
ubspec":{"name":"archive","version":"4.0.4","description":"Provides encoders 
and decoders for various archive and compression formats such as zip, tar, 
bzip2, gzip, and zlib.","repository":"https://github.com/brendan-duncan/archive
","topics":["archive","zip","tar","gzip","xz"],"environment":{"sdk":">=3.0.0 <4
.0.0"},"dependencies":{"crypto":"^3.0.3","path":"^1.8.0","posix":"^6.0.1"},"dev
_dependencies":{"build_runner":"^2.4.14","build_web_compilers":"^4.1.0","http":
"^1.1.0","lints":"^4.0.0","test":"^1.24.6","web":"^1.1.0"}},"archive_url":"http
s://pub.dev/api/archives/archive-4.0.4.tar.gz","archive_sha256":"0c64e928dcbefd
decd234205422bcfc2b5e6d31be0b86fef0d0dd48d7b4c9742","published":"2025-02-28T15:
33:42.618278Z"},{"version":"4.0.5","pubspec":{"name":"archive","version":"4.0.5
","description":"Provides encoders and decoders for various archive and 
compression formats such as zip, tar, bzip2, gzip, and zlib.","repository":"htt
ps://github.com/brendan-duncan/archive","topics":["archive","zip","tar","gzip",
"xz"],"environment":{"sdk":">=3.0.0 <4.0.0"},"dependencies":{"crypto":"^3.0.3",
"path":"^1.8.0","posix":"^6.0.1"},"dev_dependencies":{"build_runner":"^2.4.14",
"build_web_compilers":"^4.1.0","http":"^1.1.0","lints":"^4.0.0","test":"^1.24.6
","web":"^1.1.0"}},"archive_url":"https://pub.dev/api/archives/archive-4.0.5.ta
r.gz","archive_sha256":"7dcbd0f87fe5f61cb28da39a1a8b70dbc106e2fe0516f7836eb7bb2
948481a12","published":"2025-03-23T17:35:45.543239Z"},{"version":"4.0.6","pubsp
ec":{"name":"archive","version":"4.0.6","description":"Provides encoders and 
decoders for various archive and compression formats such as zip, tar, bzip2, 
gzip, and zlib.","repository":"https://github.com/brendan-duncan/archive","topi
cs":["archive","zip","tar","gzip","xz"],"environment":{"sdk":">=3.0.0 <4.0.0"},
"dependencies":{"crypto":"^3.0.3","path":"^1.8.0","posix":"^6.0.1"},"dev_depend
encies":{"build_runner":"^2.4.14","build_web_compilers":"^4.1.0","http":"^1.1.0
","lints":"^4.0.0","test":"^1.24.6","web":"^1.1.0"}},"archive_url":"https://pub
.dev/api/archives/archive-4.0.6.tar.gz","archive_sha256":"a7f37ff061d7abc2fcf21
3554b9dcaca713c5853afa5c065c44888bc9ccaf813","published":"2025-04-18T03:44:21.8
39208Z"},{"version":"4.0.7","pubspec":{"name":"archive","version":"4.0.7","desc
ription":"Provides encoders and decoders for various archive and compression 
formats such as zip, tar, bzip2, gzip, and zlib.","repository":"https://github.
com/brendan-duncan/archive","topics":["archive","zip","tar","gzip","xz"],"envir
onment":{"sdk":">=3.0.0 <4.0.0"},"dependencies":{"crypto":"^3.0.3","path":"^1.8
.0","posix":"^6.0.2"},"dev_dependencies":{"build_runner":"^2.4.14","build_web_c
ompilers":"^4.1.0","http":"^1.1.0","lints":"^4.0.0","test":"^1.24.6","web":"^1.
1.0"}},"archive_url":"https://pub.dev/api/archives/archive-4.0.7.tar.gz","archi
ve_sha256":"2fde1607386ab523f7a36bb3e7edb43bd58e6edaf2ffb29d8a6d578b297fdbbd","
published":"2025-04-23T05:33:34.025848Z"},{"version":"4.0.8","pubspec":{"name":
"archive","version":"4.0.8","description":"Provides encoders and decoders for 
various archive and compression formats such as zip, tar, bzip2, gzip, and zlib
.","repository":"https://github.com/brendan-duncan/archive","topics":["archive"
,"zip","tar","gzip","xz"],"environment":{"sdk":">=3.0.0 <4.0.0"},"dependencies"
:{"path":"^1.8.0","posix":"^6.0.2"},"dev_dependencies":{"build_runner":"^2.4.14
","build_web_compilers":"^4.1.0","http":"^1.1.0","lints":"^4.0.0","test":"^1.24
.6","web":"^1.1.0"}},"archive_url":"https://pub.dev/api/archives/archive-4.0.8.
tar.gz","archive_sha256":"16a4a4610a4375e2cfe0db0985bd817935219c627f8fd25a4b2a5
b408ed34e64","published":"2026-02-17T03:21:53.504773Z"},{"version":"4.0.9","pub
spec":{"name":"archive","version":"4.0.9","description":"Provides encoders and 
decoders for various archive and compression formats such as zip, tar, bzip2, 
gzip, and zlib.","repository":"https://github.com/brendan-duncan/archive","topi
cs":["archive","zip","tar","gzip","xz"],"environment":{"sdk":">=3.0.0 <4.0.0"},
"dependencies":{"path":"^1.8.0","posix":"^6.0.2"},"dev_dependencies":{"build_ru
nner":"^2.4.14","build_web_compilers":"^4.1.0","http":"^1.1.0","lints":"^4.0.0"
,"test":"^1.24.6","web":"^1.1.0"}},"archive_url":"https://pub.dev/api/archives/
archive-4.0.9.tar.gz","archive_sha256":"a96e8b390886ee8abb49b7bd3ac8df6f451c621
619f52a26e815fdcf568959ff","published":"2026-02-17T14:52:25.487906Z"}],"advisor
iesUpdated":"2024-10-02T16:31:42.850753Z","_fetchedAt":"2026-04-06T12:34:56.845
012"}
IO  : Get versions from https://pub.dev/api/packages/http.
IO  : HTTP GET https://pub.dev/api/packages/http
    | Accept: application/vnd.pub.v2+json
    | X-Pub-OS: windows
    | X-Pub-Command: get
    | X-Pub-Session-ID: 648F26DB-9135-40BD-B632-4F1156360815
    | X-Pub-Environment: flutter_cli:verify:run
    | user-agent: Dart pub 3.6.0
IO  : HTTP response 200 OK for GET https://pub.dev/api/packages/http
    | took 0:00:00.153377
    | x-goog-storage-class: STANDARD
    | last-modified: Mon, 10 Nov 2025 18:30:03 GMT
    | cache-control: public, max-age=120
    | date: Mon, 06 Apr 2026 04:34:36 GMT
    | access-control-allow-origin: *
    | vary: Accept-Encoding
    | content-encoding: gzip
    | x-goog-stored-content-length: 10261
    | age: 22
    | x-guploader-uploadid: 
AMNfjG3UiGZ90dPhqSLnkvXqS2yMwsseSlq26s9dAiynGqQgVtTHg7Emwf-2bjB03oiZapiF9RKsn8M
    | access-control-expose-headers: ETag,x-goog-hash,Accept,User-Agent
    | x-goog-hash: crc32c=fylsNA==,md5=f4fECADQgLN1g54/csqxCw==
    | content-type: application/json; charset="utf-8"
    | x-goog-generation: 1762799403769947
    | server: UploadServer
    | alt-svc: h3=":443"; ma=2592000,h3-29=":443"; ma=2592000
    | x-goog-meta-validated: 2026-03-23T05:03:11.188650
    | accept-ranges: bytes
    | content-length: 10261
    | x-goog-stored-content-encoding: gzip
    | etag: "7f87c40800d080b375839e3f72cab10b"
    | via: 1.1 google
    | x-goog-metageneration: 43
    | expires: Mon, 06 Apr 2026 04:36:36 GMT
IO  : Writing 74734 characters to text file C:\Users\joashua\AppData\Local\Pub\
Cache\hosted\pub.dev\.cache\http-versions.json.
FINE: Contents:
    | {"name":"http","latest":{"version":"1.6.0","pubspec":{"name":"http","vers
ion":"1.6.0","description":"A composable, multi-platform, Future-based API for 
HTTP requests.","repository":"https://github.com/dart-lang/http/tree/master/pkg
s/http","topics":["http","network","protocols"],"environment":{"sdk":"^3.4.0"},
"dependencies":{"async":"^2.5.0","http_parser":"^4.0.0","meta":"^1.3.0","web":"
>=0.5.0 <2.0.0"},"dev_dependencies":{"dart_flutter_team_lints":"^3.0.0","fake_a
sync":"^1.2.0","http_client_conformance_tests":{"path":"../http_client_conforma
nce_tests/"},"shelf":"^1.1.0","stream_channel":"^2.1.1","test":"^1.21.2"}},"arc
hive_url":"https://pub.dev/api/archives/http-1.6.0.tar.gz","archive_sha256":"87
721a4a50b19c7f1d49001e51409bddc46303966ce89a65af4f4e6004896412","published":"20
25-11-10T18:27:56.434747Z"},"versions":[{"version":"0.2.7+0","pubspec":{"depend
encies":{"unittest":null},"name":"http","version":"0.2.7+0","description":"A 
composable, Future-based API for making HTTP requests."},"archive_url":"https:/
/pub.dev/api/archives/http-0.2.7%2B0.tar.gz","archive_sha256":"cc4fedb40b3c48d1
a7558fcfe8d0f479046f017337d7b6b883208d65dbf8724d","published":"2012-11-30T20:40
:39.500320Z"},{"version":"0.2.8+2","pubspec":{"dependencies":{"unittest":null},
"description":"A composable, Future-based API for making HTTP 
requests.","version":"0.2.8+2","author":"Dart Team <misc@dartlang.org>","homepa
ge":"http://www.dartlang.org","name":"http"},"archive_url":"https://pub.dev/api
/archives/http-0.2.8%2B2.tar.gz","archive_sha256":"9d1e1102615d985381ebbf6b05af
b85d8f73099046e0af0aa1170b504fc580bc","published":"2012-12-11T21:38:04.577020Z"
},{"version":"0.2.9+7","pubspec":{"dependencies":{"unittest":null},"name":"http
","version":"0.2.9+7","author":"Dart Team 
<misc@dartlang.org>","homepage":"http://www.dartlang.org","description":"A 
composable, Future-based API for making HTTP requests."},"archive_url":"https:/
/pub.dev/api/archives/http-0.2.9%2B7.tar.gz","archive_sha256":"dc86d403c212c9a5
ef2f44a6df76e42465022a2bef044a9a0a8341599319d4e1","published":"2012-12-18T18:00
:14.561230Z"},{"version":"0.2.10+1","pubspec":{"dependencies":{"unittest":null}
,"name":"http","version":"0.2.10+1","author":"Dart Team 
<misc@dartlang.org>","homepage":"http://www.dartlang.org","description":"A 
composable, Future-based API for making HTTP requests."},"archive_url":"https:/
/pub.dev/api/archives/http-0.2.10%2B1.tar.gz","archive_sha256":"6aa53de6179af15
8b47a0d69ae5d9ac5e0d12b779a7919e84f5398367ea2cb42","published":"2013-01-09T01:2
9:13.679820Z"},{"version":"0.3.1+1","pubspec":{"dependencies":{"unittest":null}
,"description":"A composable, Future-based API for making HTTP 
requests.","version":"0.3.1+1","author":"Dart Team <misc@dartlang.org>","homepa
ge":"http://www.dartlang.org","name":"http"},"archive_url":"https://pub.dev/api
/archives/http-0.3.1%2B1.tar.gz","archive_sha256":"ccbef777a4b33d1c2818198ec8bf
7174076cffdde1096d8f404b3e2e028c2ea6","published":"2013-01-22T22:01:39.202300Z"
},{"version":"0.3.2","pubspec":{"dependencies":{"unittest":null},"description":
"A composable, Future-based API for making HTTP 
requests.","version":"0.3.2","author":"Dart Team <misc@dartlang.org>","homepage
":"http://www.dartlang.org","name":"http"},"archive_url":"https://pub.dev/api/a
rchives/http-0.3.2.tar.gz","archive_sha256":"fe904a6982782e438e2c02d2992f87b0cd
920221e9b1e3ab525695f5b72ded39","published":"2013-01-28T20:39:26.578710Z"},{"ve
rsion":"0.3.4","pubspec":{"dependencies":{"unittest":null},"description":"A 
composable, Future-based API for making HTTP 
requests.","version":"0.3.4","author":"Dart Team <misc@dartlang.org>","homepage
":"http://www.dartlang.org","name":"http"},"archive_url":"https://pub.dev/api/a
rchives/http-0.3.4.tar.gz","archive_sha256":"0d7adf4deb5c92649ea48bfa56e5891407
120f198d62fd3e4931665b405ec8a5","published":"2013-02-05T17:01:17.475490Z"},{"ve
rsion":"0.3.5+1","pubspec":{"dependencies":{"unittest":null},"name":"http","ver
sion":"0.3.5+1","author":"Dart Team 
<misc@dartlang.org>","homepage":"http://www.dartlang.org","description":"A 
composable, Future-based API for making HTTP requests."},"archive_url":"https:/
/pub.dev/api/archives/http-0.3.5%2B1.tar.gz","archive_sha256":"5387d9d5db5312ca
a886a50c5e77a8898ed037cf9b4e16d49f49ffc384524aee","published":"2013-02-11T19:58
:13.358950Z"},{"version":"0.3.7+6","pubspec":{"dependencies":{"unittest":null},
"description":"A composable, Future-based API for making HTTP 
requests.","version":"0.3.7+6","author":"Dart Team <misc@dartlang.org>","homepa
ge":"http://www.dartlang.org","name":"http"},"archive_url":"https://pub.dev/api
/archives/http-0.3.7%2B6.tar.gz","archive_sha256":"200783792eccac638233571a2c28
968fa2660bff6a63548d89dd2a060807e360","published":"2013-02-20T20:46:24.395040Z"
},{"version":"0.4.0","pubspec":{"dependencies":{"unittest":null},"description":
"A composable, Future-based API for making HTTP 
requests.","version":"0.4.0","author":"Dart Team <misc@dartlang.org>","homepage
":"http://www.dartlang.org","name":"http"},"archive_url":"https://pub.dev/api/a
rchives/http-0.4.0.tar.gz","archive_sha256":"95659b30c480cb0b323c2cbbf339711006
7a8a1e82895cb939fd8b4cf0adb877","published":"2013-02-25T18:40:42.450890Z"},{"ve
rsion":"0.4.1","pubspec":{"dependencies":{"unittest":null},"name":"http","versi
on":"0.4.1","author":"Dart Team 
<misc@dartlang.org>","homepage":"http://www.dartlang.org","description":"A 
composable, Future-based API for making HTTP requests."},"archive_url":"https:/
/pub.dev/api/archives/http-0.4.1.tar.gz","archive_sha256":"7676a5aa80d431c7aa64
fd2f3e0b6acf57f6449e668f6569c660b728b2ed1e88","published":"2013-03-05T19:03:00.
109350Z"},{"version":"0.4.2","pubspec":{"environment":{"sdk":">=0.4.2"},"depend
encies":{"unittest":null},"description":"A composable, Future-based API for 
making HTTP requests.","version":"0.4.2","author":"Dart Team <misc@dartlang.org
>","homepage":"http://www.dartlang.org","name":"http"},"archive_url":"https://p
ub.dev/api/archives/http-0.4.2.tar.gz","archive_sha256":"4e4bcb9027c7b791c326a3
bcbcf3c7e0ec9cb88ce8ff3cdd823f118cdbc1135d","published":"2013-03-16T00:14:34.98
8650Z"},{"version":"0.4.3+1","pubspec":{"environment":{"sdk":">=0.4.3+1"},"vers
ion":"0.4.3+1","description":"A composable, Future-based API for making HTTP 
requests.","author":"Dart Team <misc@dartlang.org>","dev_dependencies":{"unitte
st":"any"},"homepage":"http://www.dartlang.org","name":"http"},"archive_url":"h
ttps://pub.dev/api/archives/http-0.4.3%2B1.tar.gz","archive_sha256":"7efac2b726
c77bb6d075a5b228979a808e16e1b7c9eb9787dfc9e6f71e9d1c57","published":"2013-03-25
T19:53:54.886410Z"},{"version":"0.4.4+4","pubspec":{"description":"A 
composable, Future-based API for making HTTP requests.","author":"Dart Team <mi
sc@dartlang.org>","environment":{"sdk":">=0.4.4+4"},"dependencies":{"pathos":"a
ny"},"version":"0.4.4+4","dev_dependencies":{"unittest":"any"},"homepage":"http
://www.dartlang.org","name":"http"},"archive_url":"https://pub.dev/api/archives
/http-0.4.4%2B4.tar.gz","archive_sha256":"b18f1fae3d6ad37df2f75b668f17b854f82ce
4aaca3440406281f7970782dd77","published":"2013-04-03T17:57:14.342840Z"},{"versi
on":"0.4.5+1","pubspec":{"description":"A composable, Future-based API for 
making HTTP requests.","author":"Dart Team <misc@dartlang.org>","environment":{
"sdk":">=0.4.5+1"},"dependencies":{"pathos":"any"},"version":"0.4.5+1","dev_dep
endencies":{"unittest":"any"},"homepage":"http://www.dartlang.org","name":"http
"},"archive_url":"https://pub.dev/api/archives/http-0.4.5%2B1.tar.gz","archive_
sha256":"bfe2c238513a52dabdabbbe9db0fd699f22027ddb5880629fc1c3e23726529fc","pub
lished":"2013-04-08T23:13:59.686900Z"},{"version":"0.4.7+1","pubspec":{"descrip
tion":"A composable, Future-based API for making HTTP 
requests.","author":"Dart Team <misc@dartlang.org>","environment":{"sdk":">=0.4
.7+1"},"dependencies":{"pathos":"any"},"version":"0.4.7+1","dev_dependencies":{
"unittest":"any"},"homepage":"http://www.dartlang.org","name":"http"},"archive_
url":"https://pub.dev/api/archives/http-0.4.7%2B1.tar.gz","archive_sha256":"714
60281334b90ce9d200903464f763aa26511d9fc64d381b3fa067640cd92a9","published":"201
3-04-16T15:43:00.344380Z"},{"version":"0.5.0+1","pubspec":{"description":"A 
composable, Future-based API for making HTTP requests.","author":"Dart Team <mi
sc@dartlang.org>","environment":{"sdk":">=0.5.0+1"},"dependencies":{"pathos":"a
ny"},"version":"0.5.0+1","dev_dependencies":{"unittest":"any"},"homepage":"http
://www.dartlang.org","name":"http"},"archive_url":"https://pub.dev/api/archives
/http-0.5.0%2B1.tar.gz","archive_sha256":"b918d9bd630318faf92923eabadac807529e7
727026f8d256afae2bbfd09823e","published":"2013-04-23T00:51:32.217120Z"},{"versi
on":"0.5.1","pubspec":{"description":"A composable, Future-based API for 
making HTTP requests.","author":"Dart Team <misc@dartlang.org>","environment":{
"sdk":">=0.5.1"},"dependencies":{"pathos":"any"},"version":"0.5.1","dev_depende
ncies":{"unittest":"any"},"homepage":"http://www.dartlang.org","name":"http"},"
archive_url":"https://pub.dev/api/archives/http-0.5.1.tar.gz","archive_sha256":
"252274c71a2c8739d0ab27270ac578626c9559989055281ccf949d40f0f9c25d","published":
"2013-04-29T18:53:07.773720Z"},{"version":"0.5.4","pubspec":{"description":"A 
composable, Future-based API for making HTTP requests.","author":"Dart Team <mi
sc@dartlang.org>","environment":{"sdk":">=0.5.4"},"dependencies":{"pathos":"any
"},"version":"0.5.4","dev_dependencies":{"unittest":"any"},"homepage":"http://w
ww.dartlang.org","name":"http"},"archive_url":"https://pub.dev/api/archives/htt
p-0.5.4.tar.gz","archive_sha256":"46b8621fe3d08500a2d170e12e9c97fa412c6e0dbf475
85738c8df7f48c78eb2","published":"2013-05-03T16:42:54.978040Z"},{"version":"0.5
.5","pubspec":{"description":"A composable, Future-based API for making HTTP 
requests.","author":"Dart Team <misc@dartlang.org>","environment":{"sdk":">=0.5
.5"},"dependencies":{"pathos":"any"},"version":"0.5.5","dev_dependencies":{"uni
ttest":"any"},"homepage":"http://www.dartlang.org","name":"http"},"archive_url"
:"https://pub.dev/api/archives/http-0.5.5.tar.gz","archive_sha256":"abea59a74ab
370ddbf610e999428b0a5fdd28e6ac90a35769e22c3fb15e37369","published":"2013-05-06T
19:19:55.005390Z"},{"version":"0.5.6","pubspec":{"description":"A composable, 
Future-based API for making HTTP requests.","author":"Dart Team <misc@dartlang.
org>","environment":{"sdk":">=0.5.6"},"dependencies":{"pathos":"any"},"version"
:"0.5.6","dev_dependencies":{"unittest":"any"},"homepage":"http://www.dartlang.
org","name":"http"},"archive_url":"https://pub.dev/api/archives/http-0.5.6.tar.
gz","archive_sha256":"8bd1b6d9c245b232a0a19d9271fc77d84a19b6dde45f375e63dd8655e
e0e8301","published":"2013-05-08T16:43:35.308300Z"},{"version":"0.5.7","pubspec
":{"description":"A composable, Future-based API for making HTTP 
requests.","author":"Dart Team <misc@dartlang.org>","environment":{"sdk":">=0.5
.7"},"dependencies":{"pathos":"any"},"version":"0.5.7","dev_dependencies":{"uni
ttest":"any"},"homepage":"http://www.dartlang.org","name":"http"},"archive_url"
:"https://pub.dev/api/archives/http-0.5.7.tar.gz","archive_sha256":"19dcbdc1c6a
3b93430471b4c09aaf7fc79927e6299521f74bc04762d518ab380","published":"2013-05-10T
05:06:38.710760Z"},{"version":"0.5.9","pubspec":{"description":"A composable, 
Future-based API for making HTTP requests.","author":"Dart Team <misc@dartlang.
org>","environment":{"sdk":">=0.5.9"},"dependencies":{"pathos":"any"},"version"
:"0.5.9","dev_dependencies":{"unittest":"any"},"homepage":"http://www.dartlang.
org","name":"http"},"archive_url":"https://pub.dev/api/archives/http-0.5.9.tar.
gz","archive_sha256":"7d064bd6d99258c66d09263b54cd0fd428af941b8cbf2f90c2a5a5949
56f6eac","published":"2013-05-20T15:47:17.158060Z"},{"version":"0.5.11+1","pubs
pec":{"description":"A composable, Future-based API for making HTTP 
requests.","author":"Dart Team <misc@dartlang.org>","environment":{"sdk":">=0.5
.11+1"},"dependencies":{"pathos":"any"},"version":"0.5.11+1","dev_dependencies"
:{"unittest":"any"},"homepage":"http://www.dartlang.org","name":"http"},"archiv
e_url":"https://pub.dev/api/archives/http-0.5.11%2B1.tar.gz","archive_sha256":"
bea7eadad8fa05403d2e55553741671b2df630ac82f2bc6c5db4ecce49109fc7","published":"
2013-05-29T00:09:56.285560Z"},{"version":"0.5.12","pubspec":{"description":"A 
composable, Future-based API for making HTTP requests.","author":"Dart Team <mi
sc@dartlang.org>","environment":{"sdk":">=0.5.12"},"dependencies":{"pathos":"an
y"},"version":"0.5.12","dev_dependencies":{"unittest":"any"},"homepage":"http:/
/www.dartlang.org","name":"http"},"archive_url":"https://pub.dev/api/archives/h
ttp-0.5.12.tar.gz","archive_sha256":"3b4a7369fb18da5a37c08d30283292426db2ad70c6
3bbca8701cb3f605a5faf2","published":"2013-05-29T18:32:09.551810Z"},{"version":"
0.5.13","pubspec":{"description":"A composable, Future-based API for making 
HTTP requests.","author":"Dart Team <misc@dartlang.org>","environment":{"sdk":"
>=0.5.13"},"dependencies":{"pathos":"any"},"version":"0.5.13","dev_dependencies
":{"unittest":"any"},"homepage":"http://www.dartlang.org","name":"http"},"archi
ve_url":"https://pub.dev/api/archives/http-0.5.13.tar.gz","archive_sha256":"9d8
59dc83afd16e260dc819ec393de66085fdf6b669782b021ab45b6b24f9b69","published":"201
3-06-03T16:05:44.054360Z"},{"version":"0.5.14+1","pubspec":{"description":"A 
composable, Future-based API for making HTTP requests.","author":"Dart Team <mi
sc@dartlang.org>","environment":{"sdk":">=0.5.14+1"},"dependencies":{"pathos":"
any"},"version":"0.5.14+1","dev_dependencies":{"unittest":"any"},"homepage":"ht
tp://www.dartlang.org","name":"http"},"archive_url":"https://pub.dev/api/archiv
es/http-0.5.14%2B1.tar.gz","archive_sha256":"a87c7283ce61d95196de5af18de744f022
04d4464737cb0d99d4d3130ccb4ccf","published":"2013-06-05T15:05:41.590860Z"},{"ve
rsion":"0.5.14+3","pubspec":{"description":"A composable, Future-based API for 
making HTTP requests.","author":"Dart Team <misc@dartlang.org>","environment":{
"sdk":">=0.5.14+3"},"dependencies":{"pathos":"any"},"version":"0.5.14+3","dev_d
ependencies":{"unittest":"any"},"homepage":"http://www.dartlang.org","name":"ht
tp"},"archive_url":"https://pub.dev/api/archives/http-0.5.14%2B3.tar.gz","archi
ve_sha256":"bcb12773c7173b30f8a2763f0c74f2b0f76d8070eb4618ecd1945e3379b315c5","
published":"2013-06-06T16:37:50.749750Z"},{"version":"0.5.15","pubspec":{"descr
iption":"A composable, Future-based API for making HTTP 
requests.","author":"Dart Team <misc@dartlang.org>","environment":{"sdk":">=0.5
.15"},"dependencies":{"pathos":"any"},"version":"0.5.15","dev_dependencies":{"u
nittest":"any"},"homepage":"http://www.dartlang.org","name":"http"},"archive_ur
l":"https://pub.dev/api/archives/http-0.5.15.tar.gz","archive_sha256":"b672b717
751266c43bedf3675ae982174d90114d3de0c491176dda1b03c1d7b2","published":"2013-06-
07T23:01:31.562680Z"},{"version":"0.5.16","pubspec":{"description":"A 
composable, Future-based API for making HTTP requests.","author":"Dart Team <mi
sc@dartlang.org>","environment":{"sdk":">=0.5.16"},"dependencies":{"pathos":"an
y"},"version":"0.5.16","dev_dependencies":{"unittest":"any"},"homepage":"http:/
/www.dartlang.org","name":"http"},"archive_url":"https://pub.dev/api/archives/h
ttp-0.5.16.tar.gz","archive_sha256":"0e46718ad230446563688301036d27f274c670272e
f89be7202bdeb8d8097556","published":"2013-06-10T16:37:20.223020Z"},{"version":"
0.5.17","pubspec":{"description":"A composable, Future-based API for making 
HTTP requests.","author":"Dart Team <misc@dartlang.org>","environment":{"sdk":"
>=0.5.17"},"dependencies":{"pathos":"any"},"version":"0.5.17","dev_dependencies
":{"unittest":"any"},"homepage":"http://www.dartlang.org","name":"http"},"archi
ve_url":"https://pub.dev/api/archives/http-0.5.17.tar.gz","archive_sha256":"138
7dfa7e2af4d8aedf3e794735dd01e5cee56aaaaebcac366e653566a489c2e","published":"201
3-06-12T17:53:24.207490Z"},{"version":"0.5.20","pubspec":{"description":"A 
composable, Future-based API for making HTTP requests.","author":"Dart Team <mi
sc@dartlang.org>","environment":{"sdk":">=0.5.20"},"dependencies":{"pathos":"an
y"},"version":"0.5.20","dev_dependencies":{"unittest":"any"},"homepage":"http:/
/www.dartlang.org","name":"http"},"archive_url":"https://pub.dev/api/archives/h
ttp-0.5.20.tar.gz","archive_sha256":"990b3b01d0646b2f63981dc53c28c99391a7652017
6f9c5b53429fc5d9956af8","published":"2013-06-17T22:08:35.469610Z"},{"version":"
0.6.1","pubspec":{"description":"A composable, Future-based API for making 
HTTP requests.","author":"Dart Team <misc@dartlang.org>","environment":{"sdk":"
>=0.6.1"},"dependencies":{"pathos":"any"},"version":"0.6.1","dev_dependencies":
{"unittest":"any"},"homepage":"http://www.dartlang.org","name":"http"},"archive
_url":"https://pub.dev/api/archives/http-0.6.1.tar.gz","archive_sha256":"dfe7f7
3ac1a822cbd482143be472b12dcb1e50a3169aa3528e9ca07c119fa8e1","published":"2013-0
6-27T19:33:41.590250Z"},{"version":"0.6.2","pubspec":{"description":"A 
composable, Future-based API for making HTTP requests.","author":"Dart Team <mi
sc@dartlang.org>","environment":{"sdk":">=0.6.2"},"dependencies":{"pathos":"any
"},"version":"0.6.2","dev_dependencies":{"unittest":"any"},"homepage":"http://w
ww.dartlang.org","name":"http"},"archive_url":"https://pub.dev/api/archives/htt
p-0.6.2.tar.gz","archive_sha256":"31c12a49bc61549297419f03b3b018226e07ef32fcb35
f24c5da650da3b80d55","published":"2013-06-28T20:56:32.002060Z"},{"version":"0.6
.3+1","pubspec":{"description":"A composable, Future-based API for making HTTP 
requests.","author":"Dart Team <misc@dartlang.org>","environment":{"sdk":">=0.6
.3+1"},"dependencies":{"pathos":"any"},"version":"0.6.3+1","dev_dependencies":{
"unittest":"any"},"homepage":"http://www.dartlang.org","name":"http"},"archive_
url":"https://pub.dev/api/archives/http-0.6.3%2B1.tar.gz","archive_sha256":"4ae
18dab8a697421a6044dd264c656084d3dfe519bcbf7dfab50ca9ec58b6bdd","published":"201
3-07-09T00:24:32.938100Z"},{"version":"0.6.5","pubspec":{"description":"A 
composable, Future-based API for making HTTP requests.","author":"Dart Team <mi
sc@dartlang.org>","environment":{"sdk":">=0.6.5"},"dependencies":{"path":"any"}
,"version":"0.6.5","dev_dependencies":{"unittest":"any"},"homepage":"http://www
.dartlang.org","name":"http"},"archive_url":"https://pub.dev/api/archives/http-
0.6.5.tar.gz","archive_sha256":"aaed00205a8d348a44e8f5466e304c67a3815729f73c4fb
6c5cfe41e9d583dfb","published":"2013-07-16T00:21:17.510100Z"},{"version":"0.6.6
","pubspec":{"description":"A composable, Future-based API for making HTTP 
requests.","author":"Dart Team <misc@dartlang.org>","environment":{"sdk":">=0.6
.6"},"dependencies":{"path":"any"},"version":"0.6.6","dev_dependencies":{"unitt
est":"any"},"homepage":"http://www.dartlang.org","name":"http"},"archive_url":"
https://pub.dev/api/archives/http-0.6.6.tar.gz","archive_sha256":"719b5eb003fff
1fa38519c4326553356b00dd4f8d9153036a243a985ab14f61e","published":"2013-07-17T19
:42:19.742530Z"},{"version":"0.6.8","pubspec":{"description":"A composable, 
Future-based API for making HTTP requests.","author":"Dart Team <misc@dartlang.
org>","environment":{"sdk":">=0.6.8"},"dependencies":{"path":"any"},"version":"
0.6.8","dev_dependencies":{"unittest":"any"},"homepage":"http://www.dartlang.or
g","name":"http"},"archive_url":"https://pub.dev/api/archives/http-0.6.8.tar.gz
","archive_sha256":"56d84929f9c20502c81a497a986fde8d785505c0aba95c45b80b98e1334
1dd32","published":"2013-07-19T20:56:06.157320Z"},{"version":"0.6.9","pubspec":
{"description":"A composable, Future-based API for making HTTP 
requests.","author":"Dart Team <misc@dartlang.org>","environment":{"sdk":">=0.6
.9"},"dependencies":{"path":"any"},"version":"0.6.9","dev_dependencies":{"unitt
est":"any"},"homepage":"http://www.dartlang.org","name":"http"},"archive_url":"
https://pub.dev/api/archives/http-0.6.9.tar.gz","archive_sha256":"3033507ee9edd
5552c4694a7d7fcb6210fb3a1d59863e0e1de76f9887047c58b","published":"2013-07-22T15
:15:26.206620Z"},{"version":"0.6.9+2","pubspec":{"description":"A composable, 
Future-based API for making HTTP requests.","author":"Dart Team <misc@dartlang.
org>","environment":{"sdk":">=0.6.9+2"},"dependencies":{"path":"any"},"version"
:"0.6.9+2","dev_dependencies":{"unittest":"any"},"homepage":"http://www.dartlan
g.org","name":"http"},"archive_url":"https://pub.dev/api/archives/http-0.6.9%2B
2.tar.gz","archive_sha256":"d61901f7b062ddc0961d900077c0471ca9ee832cbc7a1647b5f
9a7c17f26966a","published":"2013-07-24T03:59:10.191760Z"},{"version":"0.6.11","
pubspec":{"description":"A composable, Future-based API for making HTTP 
requests.","author":"Dart Team <misc@dartlang.org>","environment":{"sdk":">=0.6
.11"},"dependencies":{"path":"any"},"version":"0.6.11","dev_dependencies":{"uni
ttest":"any"},"homepage":"http://www.dartlang.org","name":"http"},"archive_url"
:"https://pub.dev/api/archives/http-0.6.11.tar.gz","archive_sha256":"a26b3ab6e5
e86f1e38f6005f42cfed05fa27adb4d41a8b55b89c6ae375c30692","published":"2013-07-25
T05:10:12.536890Z"},{"version":"0.6.12","pubspec":{"description":"A 
composable, Future-based API for making HTTP requests.","author":"Dart Team <mi
sc@dartlang.org>","environment":{"sdk":">=0.6.12"},"dependencies":{"path":"any"
},"version":"0.6.12","dev_dependencies":{"unittest":"any"},"homepage":"http://w
ww.dartlang.org","name":"http"},"archive_url":"https://pub.dev/api/archives/htt
p-0.6.12.tar.gz","archive_sha256":"6e807c433ce1401d354d5c0e9dd283d3d32df060dffb
4d32036a2565c2b81b7a","published":"2013-07-26T20:07:05.378360Z"},{"version":"0.
6.13","pubspec":{"description":"A composable, Future-based API for making HTTP 
requests.","author":"Dart Team <misc@dartlang.org>","environment":{"sdk":">=0.6
.13"},"dependencies":{"path":"any"},"version":"0.6.13","dev_dependencies":{"uni
ttest":"any"},"homepage":"http://www.dartlang.org","name":"http"},"archive_url"
:"https://pub.dev/api/archives/http-0.6.13.tar.gz","archive_sha256":"42781cc356
c90703544e6291c63992f381ad8422fd7c09e2d395b23a6ba9143f","published":"2013-07-30
T21:56:38.533930Z"},{"version":"0.6.14","pubspec":{"description":"A 
composable, Future-based API for making HTTP requests.","author":"Dart Team <mi
sc@dartlang.org>","environment":{"sdk":">=0.6.14"},"dependencies":{"path":"any"
},"version":"0.6.14","dev_dependencies":{"unittest":"any"},"homepage":"http://w
ww.dartlang.org","name":"http"},"archive_url":"https://pub.dev/api/archives/htt
p-0.6.14.tar.gz","archive_sha256":"9a185ecc7a56cabb8a4ef01c75fc6b8bef954ec1f6ac
8fa09fdcf5b4ec304272","published":"2013-08-02T16:25:52.895340Z"},{"version":"0.
6.15+2","pubspec":{"description":"A composable, Future-based API for making 
HTTP requests.","author":"Dart Team <misc@dartlang.org>","environment":{"sdk":"
>=0.6.15+1"},"dependencies":{"path":"any"},"version":"0.6.15+2","dev_dependenci
es":{"unittest":"any"},"homepage":"http://www.dartlang.org","name":"http"},"arc
hive_url":"https://pub.dev/api/archives/http-0.6.15%2B2.tar.gz","archive_sha256
":"8d0d6da8b2536f3be79c8a2249935da979e6423454483eb9f0b847d17de10b76","published
":"2013-08-05T22:50:17.263150Z"},{"version":"0.6.15+3","pubspec":{"description"
:"A composable, Future-based API for making HTTP requests.","author":"Dart 
Team <misc@dartlang.org>","environment":{"sdk":">=0.6.15+3"},"dependencies":{"p
ath":"any"},"version":"0.6.15+3","dev_dependencies":{"unittest":"any"},"homepag
e":"http://www.dartlang.org","name":"http"},"archive_url":"https://pub.dev/api/
archives/http-0.6.15%2B3.tar.gz","archive_sha256":"ab0801d06d69ad5cf26895c29104
bd2290e93fd8a07bb1b2e3a5cb912c5012a1","published":"2013-08-06T20:13:30.670990Z"
},{"version":"0.6.17","pubspec":{"description":"A composable, Future-based API 
for making HTTP requests.","author":"Dart Team <misc@dartlang.org>","environmen
t":{"sdk":">=0.6.17"},"dependencies":{"path":"any"},"version":"0.6.17","dev_dep
endencies":{"unittest":"any"},"homepage":"http://www.dartlang.org","name":"http
"},"archive_url":"https://pub.dev/api/archives/http-0.6.17.tar.gz","archive_sha
256":"b23eac3e7357f9d441bcd376a405f92a97c5b61e06609d81c85baf3e4f1ac9b7","publis
hed":"2013-08-10T17:35:55.698090Z"},{"version":"0.6.17+2","pubspec":{"descripti
on":"A composable, Future-based API for making HTTP requests.","author":"Dart 
Team <misc@dartlang.org>","environment":{"sdk":">=0.6.17+2"},"dependencies":{"p
ath":"any"},"version":"0.6.17+2","dev_dependencies":{"unittest":"any"},"homepag
e":"http://www.dartlang.org","name":"http"},"archive_url":"https://pub.dev/api/
archives/http-0.6.17%2B2.tar.gz","archive_sha256":"80c26f25bffb378dc0149fa078d8
4c399c883431d7714427d44340cd8dbb71bb","published":"2013-08-12T22:22:29.543370Z"
},{"version":"0.6.19","pubspec":{"description":"A composable, Future-based API 
for making HTTP requests.","author":"Dart Team <misc@dartlang.org>","environmen
t":{"sdk":">=0.6.19"},"dependencies":{"path":"any"},"version":"0.6.19","dev_dep
endencies":{"unittest":"any"},"homepage":"http://www.dartlang.org","name":"http
"},"archive_url":"https://pub.dev/api/archives/http-0.6.19.tar.gz","archive_sha
256":"6ef5e4403e3afd17bd0fc4557f423ba1bf9e32bfe01362de46c79d1b3a64f6f1","publis
hed":"2013-08-19T16:11:24.139910Z"},{"version":"0.6.20+1","pubspec":{"descripti
on":"A composable, Future-based API for making HTTP requests.","author":"Dart 
Team <misc@dartlang.org>","environment":{"sdk":">=0.6.20+1"},"dependencies":{"p
ath":"any"},"version":"0.6.20+1","dev_dependencies":{"unittest":"any"},"homepag
e":"http://www.dartlang.org","name":"http"},"archive_url":"https://pub.dev/api/
archives/http-0.6.20%2B1.tar.gz","archive_sha256":"6c87dc3b3815762b7911181faa55
651120a60f376ffbcf1b9b554c2cc6b95578","published":"2013-08-22T18:19:51.125280Z"
},{"version":"0.6.21+3","pubspec":{"description":"A composable, Future-based 
API for making HTTP requests.","author":"Dart Team <misc@dartlang.org>","enviro
nment":{"sdk":">=0.6.21+3"},"dependencies":{"path":"any"},"version":"0.6.21+3",
"dev_dependencies":{"unittest":"any"},"homepage":"http://www.dartlang.org","nam
e":"http"},"archive_url":"https://pub.dev/api/archives/http-0.6.21%2B3.tar.gz",
"archive_sha256":"e2b39364c7a605130fabea4d2c7143c84304c3dd27467178dae474d3bc23a
9cd","published":"2013-08-26T17:43:29.476Z"},{"version":"0.7.0","pubspec":{"des
cription":"A composable, Future-based API for making HTTP 
requests.","author":"Dart Team <misc@dartlang.org>","environment":{"sdk":">=0.7
.0"},"dependencies":{"path":"any"},"version":"0.7.0","dev_dependencies":{"unitt
est":"any"},"homepage":"http://www.dartlang.org","name":"http"},"archive_url":"
https://pub.dev/api/archives/http-0.7.0.tar.gz","archive_sha256":"cf906ff5d79cc
d77433cfe787a899eb01d780a723c36a404b5a66cd501fc3875","published":"2013-08-28T19
:29:32.106830Z"},{"version":"0.7.1","pubspec":{"description":"A composable, 
Future-based API for making HTTP requests.","author":"Dart Team <misc@dartlang.
org>","environment":{"sdk":">=0.7.1"},"dependencies":{"path":"any"},"version":"
0.7.1","dev_dependencies":{"unittest":"any"},"homepage":"http://www.dartlang.or
g","name":"http"},"archive_url":"https://pub.dev/api/archives/http-0.7.1.tar.gz
","archive_sha256":"2a54be235d789abf18e25154f9bdeff97be5ad202b8c466468ad2f7102a
99f7a","published":"2013-09-03T15:52:50.166050Z"},{"version":"0.7.2","pubspec":
{"description":"A composable, Future-based API for making HTTP 
requests.","author":"Dart Team <misc@dartlang.org>","environment":{"sdk":">=0.7
.2"},"dependencies":{"path":"any"},"version":"0.7.2","dev_dependencies":{"unitt
est":"any"},"homepage":"http://www.dartlang.org","name":"http"},"archive_url":"
https://pub.dev/api/archives/http-0.7.2.tar.gz","archive_sha256":"4dabf6cf7fa5b
1d682d08607c767f3079d29c3fce1c3476cf8fc93c936137502","published":"2013-09-06T15
:51:56.742310Z"},{"version":"0.7.2+1","pubspec":{"description":"A composable, 
Future-based API for making HTTP requests.","author":"Dart Team <misc@dartlang.
org>","environment":{"sdk":">=0.7.2+1"},"dependencies":{"path":"any"},"version"
:"0.7.2+1","dev_dependencies":{"unittest":"any"},"homepage":"http://www.dartlan
g.org","name":"http"},"archive_url":"https://pub.dev/api/archives/http-0.7.2%2B
1.tar.gz","archive_sha256":"4a96634949d5baa22e44f2736fe156abf79c0702d29c88dee0b
3d89eea81761e","published":"2013-09-08T15:47:55.129370Z"},{"version":"0.7.3+1",
"pubspec":{"description":"A composable, Future-based API for making HTTP 
requests.","author":"Dart Team <misc@dartlang.org>","environment":{"sdk":">=0.7
.3+1"},"dependencies":{"path":"any"},"version":"0.7.3+1","dev_dependencies":{"u
nittest":"any"},"homepage":"http://www.dartlang.org","name":"http"},"archive_ur
l":"https://pub.dev/api/archives/http-0.7.3%2B1.tar.gz","archive_sha256":"fa92e
7dd31cd160bb2bee8d2c66ea33e8b7c669e6a5d7cd6a460ad4130582819","published":"2013-
09-16T15:44:42.775550Z"},{"version":"0.7.4","pubspec":{"description":"A 
composable, Future-based API for making HTTP requests.","author":"Dart Team <mi
sc@dartlang.org>","environment":{"sdk":">=0.7.4"},"dependencies":{"path":"any"}
,"version":"0.7.4","dev_dependencies":{"unittest":"any"},"homepage":"http://www
.dartlang.org","name":"http"},"archive_url":"https://pub.dev/api/archives/http-
0.7.4.tar.gz","archive_sha256":"8719d25118dafb0062bc5f1d0892abe25457039f94d5978
9f75dbb60ffb2603e","published":"2013-09-18T03:04:22.243280Z"},{"version":"0.7.5
","pubspec":{"description":"A composable, Future-based API for making HTTP 
requests.","author":"Dart Team <misc@dartlang.org>","environment":{"sdk":">=0.7
.5"},"dependencies":{"path":"any"},"version":"0.7.5","dev_dependencies":{"unitt
est":"any"},"homepage":"http://www.dartlang.org","name":"http"},"archive_url":"
https://pub.dev/api/archives/http-0.7.5.tar.gz","archive_sha256":"527bb35203c13
3993f8d980ecdfe710c2b0b3cd15748c6cccca8705ff65a14a3","published":"2013-09-21T00
:42:40.676210Z"},{"version":"0.7.6","pubspec":{"description":"A composable, 
Future-based API for making HTTP requests.","author":"Dart Team <misc@dartlang.
org>","environment":{"sdk":">=0.7.6"},"dependencies":{"path":"any"},"version":"
0.7.6","dev_dependencies":{"unittest":"any"},"homepage":"http://www.dartlang.or
g","name":"http"},"archive_url":"https://pub.dev/api/archives/http-0.7.6.tar.gz
","archive_sha256":"71005d768492e731131dc212d22bea1305219c91816b24138504dfb9ec4
b2931","published":"2013-09-27T14:58:08.529440Z"},{"version":"0.7.6+4","pubspec
":{"description":"A composable, Future-based API for making HTTP 
requests.","author":"Dart Team <misc@dartlang.org>","environment":{"sdk":">=0.7
.6+4"},"dependencies":{"path":"any"},"version":"0.7.6+4","dev_dependencies":{"u
nittest":"any"},"homepage":"http://www.dartlang.org","name":"http"},"archive_ur
l":"https://pub.dev/api/archives/http-0.7.6%2B4.tar.gz","archive_sha256":"5ce1f
88ef01c06b5ff8b924b9f2487626b1fc8da6c9cb2d26a1a63fb7808f3b0","published":"2013-
10-01T23:49:17.252100Z"},{"version":"0.8.0","pubspec":{"description":"A 
composable, Future-based API for making HTTP requests.","author":"Dart Team <mi
sc@dartlang.org>","environment":{"sdk":">=0.8.0"},"dependencies":{"path":"any"}
,"version":"0.8.0","dev_dependencies":{"unittest":"any"},"homepage":"http://www
.dartlang.org","name":"http"},"archive_url":"https://pub.dev/api/archives/http-
0.8.0.tar.gz","archive_sha256":"9ac49b877105b3cbc2ae5c9dce77a75406183f088a00df2
b6a3d9d9234e65e94","published":"2013-10-03T16:28:03.711920Z"},{"version":"0.8.1
","pubspec":{"description":"A composable, Future-based API for making HTTP 
requests.","author":"Dart Team <misc@dartlang.org>","environment":{"sdk":">=0.8
.1"},"dependencies":{"path":"any"},"version":"0.8.1","dev_dependencies":{"unitt
est":"any"},"homepage":"http://www.dartlang.org","name":"http"},"archive_url":"
https://pub.dev/api/archives/http-0.8.1.tar.gz","archive_sha256":"98d172107989b
c75070ae11a66c894940c704ce2ae53a9aafef2b72f538d8aa3","published":"2013-10-04T21
:54:50.308390Z"},{"version":"0.8.2","pubspec":{"description":"A composable, 
Future-based API for making HTTP requests.","author":"Dart Team <misc@dartlang.
org>","environment":{"sdk":">=0.8.2"},"dependencies":{"path":"any"},"version":"
0.8.2","dev_dependencies":{"unittest":"any"},"homepage":"http://www.dartlang.or
g","name":"http"},"archive_url":"https://pub.dev/api/archives/http-0.8.2.tar.gz
","archive_sha256":"c142b973513ab451eca99b5ce2b63abfd6f8e5d55c8a2071c878f4f8a57
db066","published":"2013-10-14T21:41:08.434730Z"},{"version":"0.8.3","pubspec":
{"description":"A composable, Future-based API for making HTTP 
requests.","author":"Dart Team <misc@dartlang.org>","environment":{"sdk":">=0.8
.3"},"dependencies":{"path":"any"},"version":"0.8.3","dev_dependencies":{"unitt
est":"any"},"homepage":"http://www.dartlang.org","name":"http"},"archive_url":"
https://pub.dev/api/archives/http-0.8.3.tar.gz","archive_sha256":"39c7e53a72bb1
8e2d773de9163e02c4d053f2f9e95a14e962c35ccd108e8596e","published":"2013-10-17T16
:01:02.970520Z"},{"version":"0.8.4","pubspec":{"description":"A composable, 
Future-based API for making HTTP requests.","author":"Dart Team <misc@dartlang.
org>","environment":{"sdk":">=0.8.4"},"dependencies":{"path":"any"},"version":"
0.8.4","dev_dependencies":{"unittest":"any"},"homepage":"http://www.dartlang.or
g","name":"http"},"archive_url":"https://pub.dev/api/archives/http-0.8.4.tar.gz
","archive_sha256":"1db87af824c626ceb2767d6cc50a551633da05b99ffab4704e5413a3f18
0a101","published":"2013-10-19T21:09:11.272850Z"},{"version":"0.8.5","pubspec":
{"description":"A composable, Future-based API for making HTTP 
requests.","author":"Dart Team <misc@dartlang.org>","environment":{"sdk":">=0.8
.5"},"dependencies":{"path":"any"},"version":"0.8.5","dev_dependencies":{"unitt
est":"any"},"homepage":"http://www.dartlang.org","name":"http"},"archive_url":"
https://pub.dev/api/archives/http-0.8.5.tar.gz","archive_sha256":"64a94eaecc5d3
aff2739785076b6e7f8f53f16e7ae232c21064ab907def05002","published":"2013-10-21T15
:50:54.582150Z"},{"version":"0.8.6","pubspec":{"description":"A composable, 
Future-based API for making HTTP requests.","author":"Dart Team <misc@dartlang.
org>","environment":{"sdk":">=0.8.6"},"dependencies":{"path":"any"},"version":"
0.8.6","dev_dependencies":{"unittest":"any"},"homepage":"http://www.dartlang.or
g","name":"http"},"archive_url":"https://pub.dev/api/archives/http-0.8.6.tar.gz
","archive_sha256":"87d069b2e9cd605ae658e91fc70bef54d095555cf190585f8d15bd87803
0e7cf","published":"2013-10-24T08:19:36.717680Z"},{"version":"0.8.7","pubspec":
{"description":"A composable, Future-based API for making HTTP 
requests.","author":"Dart Team <misc@dartlang.org>","environment":{"sdk":">=0.8
.7"},"dependencies":{"path":"any"},"version":"0.8.7","dev_dependencies":{"unitt
est":"any"},"homepage":"http://www.dartlang.org","name":"http"},"archive_url":"
https://pub.dev/api/archives/http-0.8.7.tar.gz","archive_sha256":"131c4f09a1c9f
9ee8049c7918c22ed3d3577d75e393efa59e4b7de791006e735","published":"2013-10-28T14
:34:05.561100Z"},{"version":"0.8.8","pubspec":{"description":"A composable, 
Future-based API for making HTTP requests.","author":"Dart Team <misc@dartlang.
org>","environment":{"sdk":">=0.8.8"},"dependencies":{"path":"any"},"version":"
0.8.8","dev_dependencies":{"unittest":"any"},"homepage":"http://www.dartlang.or
g","name":"http"},"archive_url":"https://pub.dev/api/archives/http-0.8.8.tar.gz
","archive_sha256":"7f7a86b94090fc9a183494c0914c44177f8c91a5d6307a793b4024ecb69
ab53d","published":"2013-10-30T03:29:51.046880Z"},{"version":"0.8.9","pubspec":
{"description":"A composable, Future-based API for making HTTP 
requests.","author":"Dart Team <misc@dartlang.org>","environment":{"sdk":">=0.8
.9"},"dependencies":{"path":"any"},"version":"0.8.9","dev_dependencies":{"unitt
est":"any"},"homepage":"http://www.dartlang.org","name":"http"},"archive_url":"
https://pub.dev/api/archives/http-0.8.9.tar.gz","archive_sha256":"d9d52ff512a12
53e7df638040f9d973732d401a6423953f0c8b6ee6b187653d0","published":"2013-10-31T15
:16:15.904600Z"},{"version":"0.8.10","pubspec":{"description":"A composable, 
Future-based API for making HTTP requests.","author":"Dart Team <misc@dartlang.
org>","environment":{"sdk":">=0.8.10"},"dependencies":{"path":"any"},"version":
"0.8.10","dev_dependencies":{"unittest":"any"},"homepage":"http://www.dartlang.
org","name":"http"},"archive_url":"https://pub.dev/api/archives/http-0.8.10.tar
.gz","archive_sha256":"588596511301b49c5a4acb0b088d7107291f95da406fd29c583b9ba4
4030afa2","published":"2013-11-01T19:23:36.436800Z"},{"version":"0.8.10+3","pub
spec":{"description":"A composable, Future-based API for making HTTP 
requests.","author":"Dart Team <misc@dartlang.org>","environment":{"sdk":">=0.8
.10+3"},"dependencies":{"path":"any"},"version":"0.8.10+3","dev_dependencies":{
"unittest":"any"},"homepage":"http://www.dartlang.org","name":"http"},"archive_
url":"https://pub.dev/api/archives/http-0.8.10%2B3.tar.gz","archive_sha256":"1e
0310225c139beb508af6f07321b026301c18165d75cd6a1dcbcc9bfc24aa01","published":"20
13-11-04T16:49:33.920360Z"},{"version":"0.8.10+4","pubspec":{"description":"A 
composable, Future-based API for making HTTP requests.","author":"Dart Team <mi
sc@dartlang.org>","environment":{"sdk":">=0.8.10+4"},"dependencies":{"path":"an
y"},"version":"0.8.10+4","dev_dependencies":{"unittest":"any"},"homepage":"http
://www.dartlang.org","name":"http"},"archive_url":"https://pub.dev/api/archives
/http-0.8.10%2B4.tar.gz","archive_sha256":"f155eb7b2e6334442104ba44dc013dbb0595
185c945ea2cc332e349f5c2188c4","published":"2013-11-05T16:05:46.644930Z"},{"vers
ion":"0.9.0","pubspec":{"description":"A composable, Future-based API for 
making HTTP requests.","author":"Dart Team 
<misc@dartlang.org>","environment":{"sdk":">=0.8.10+6 
<2.0.0"},"version":"0.9.0","dependencies":{"path":">=0.9.0 
<0.10.0"},"dev_dependencies":{"unittest":">=0.9.0 <0.10.0"},"homepage":"http://
www.dartlang.org","name":"http"},"archive_url":"https://pub.dev/api/archives/ht
tp-0.9.0.tar.gz","archive_sha256":"6d933305a2764d14294e0aedd2dd7a446b550c281fe1
6dd936d3ca628ef3b0f5","published":"2013-11-06T19:32:02.078250Z"},{"version":"0.
9.1","pubspec":{"description":"A composable, Future-based API for making HTTP 
requests.","author":"Dart Team 
<misc@dartlang.org>","environment":{"sdk":">=0.8.10+6 
<2.0.0"},"version":"0.9.1","dependencies":{"path":">=0.9.0 
<0.10.0","stack_trace":">=0.9.1 
<0.10.0"},"dev_dependencies":{"unittest":">=0.9.0 <0.10.0"},"homepage":"https:/
/pub.dartlang.org/packages/http","name":"http"},"archive_url":"https://pub.dev/
api/archives/http-0.9.1.tar.gz","archive_sha256":"37072c91fada7d5b5701d708cc279
3fba76e4057bcdd3ba8d293692387f10b90","published":"2013-12-09T20:53:40.583480Z"}
,{"version":"0.9.2","pubspec":{"description":"A composable, Future-based API 
for making HTTP requests.","author":"Dart Team 
<misc@dartlang.org>","environment":{"sdk":">=0.8.10+6 
<2.0.0"},"version":"0.9.2","dependencies":{"path":">=0.9.0 
<2.0.0","stack_trace":">=0.9.1 
<0.10.0"},"dev_dependencies":{"unittest":">=0.9.0 <0.10.0"},"homepage":"https:/
/pub.dartlang.org/packages/http","name":"http"},"archive_url":"https://pub.dev/
api/archives/http-0.9.2.tar.gz","archive_sha256":"66e506682b6189bff1d05e7e13f00
fb71d451cd4499bbd77195cf1c3b1339471","published":"2013-12-10T00:28:23.946Z"},{"
version":"0.9.2+1","pubspec":{"description":"A composable, Future-based API 
for making HTTP requests.","author":"Dart Team 
<misc@dartlang.org>","environment":{"sdk":">=0.8.10+6 
<2.0.0"},"version":"0.9.2+1","dependencies":{"path":">=0.9.0 
<2.0.0","stack_trace":">=0.9.1 
<0.10.0"},"dev_dependencies":{"unittest":">=0.9.0 <0.10.0"},"homepage":"https:/
/pub.dartlang.org/packages/http","name":"http"},"archive_url":"https://pub.dev/
api/archives/http-0.9.2%2B1.tar.gz","archive_sha256":"8b3ae4dd0143c0c63a122eee9
022778d11a4ac80f0a5ab941c1617eb8eded059","published":"2014-01-13T22:16:04.66994
0Z"},{"version":"0.9.2+3","pubspec":{"description":"A composable, Future-based 
API for making HTTP requests.","author":"Dart Team 
<misc@dartlang.org>","environment":{"sdk":">=1.1.0 
<2.0.0"},"version":"0.9.2+3","dependencies":{"path":">=0.9.0 
<2.0.0","stack_trace":">=0.9.1 
<0.10.0"},"dev_dependencies":{"unittest":">=0.9.0 <0.10.0"},"homepage":"https:/
/pub.dartlang.org/packages/http","name":"http"},"archive_url":"https://pub.dev/
api/archives/http-0.9.2%2B3.tar.gz","archive_sha256":"b30d10ed5e42bb5bc41e37620
6c38609073c2fb03eeca1779ca1d43166422906","published":"2014-01-16T20:50:50.97738
0Z"},{"version":"0.10.0","pubspec":{"description":"A composable, Future-based 
API for making HTTP requests.","author":"Dart Team 
<misc@dartlang.org>","environment":{"sdk":">=1.1.0 
<2.0.0"},"version":"0.10.0","dependencies":{"path":">=0.9.0 
<2.0.0","stack_trace":">=0.9.1 
<0.10.0"},"dev_dependencies":{"unittest":">=0.9.0 <0.11.0"},"homepage":"https:/
/pub.dartlang.org/packages/http","name":"http"},"archive_url":"https://pub.dev/
api/archives/http-0.10.0.tar.gz","archive_sha256":"1f7a25a2faa549ee6007df14fb81
012cbe900c3e4a9023af946d5626b5569f8e","published":"2014-03-31T21:37:10.731750Z"
},{"version":"0.11.0","pubspec":{"description":"A composable, Future-based API 
for making HTTP requests.","author":"Dart Team 
<misc@dartlang.org>","environment":{"sdk":">=1.1.0 
<2.0.0"},"version":"0.11.0","dependencies":{"path":">=0.9.0 
<2.0.0","http_parser":">=0.0.1 <0.1.0","stack_trace":">=0.9.1 
<0.10.0"},"dev_dependencies":{"unittest":">=0.9.0 <0.11.0"},"homepage":"https:/
/pub.dartlang.org/packages/http","name":"http"},"archive_url":"https://pub.dev/
api/archives/http-0.11.0.tar.gz","archive_sha256":"741320bed18c48b50bc61af6a00f
67dfadca970be8af0c9a6334e0e3faa8ba91","published":"2014-05-05T19:38:16.872060Z"
},{"version":"0.11.0+1","pubspec":{"description":"A composable, Future-based 
API for making HTTP requests.","author":"Dart Team 
<misc@dartlang.org>","environment":{"sdk":">=1.1.0 
<2.0.0"},"version":"0.11.0+1","dependencies":{"path":">=0.9.0 
<2.0.0","http_parser":">=0.0.1 <0.1.0","stack_trace":">=0.9.1 
<0.10.0"},"dev_dependencies":{"unittest":">=0.9.0 <0.11.0"},"homepage":"https:/
/pub.dartlang.org/packages/http","name":"http"},"archive_url":"https://pub.dev/
api/archives/http-0.11.0%2B1.tar.gz","archive_sha256":"92662c2342106d5e7ea38fa3
cb61d42119146fe002790fcf7744605d0be554f0","published":"2014-05-05T20:00:46.4594
40Z"},{"version":"0.11.1","pubspec":{"description":"A composable, Future-based 
API for making HTTP requests.","author":"Dart Team 
<misc@dartlang.org>","environment":{"sdk":">=1.1.0 
<2.0.0"},"version":"0.11.1","dependencies":{"path":">=0.9.0 
<2.0.0","http_parser":">=0.0.1 <0.1.0","stack_trace":">=0.9.1 
<0.10.0"},"dev_dependencies":{"unittest":">=0.9.0 <0.11.0"},"homepage":"https:/
/pub.dartlang.org/packages/http","name":"http"},"archive_url":"https://pub.dev/
api/archives/http-0.11.1.tar.gz","archive_sha256":"d742b7e781216ab526834a429b55
9840711570c039951342a027b08b3d8f61dc","published":"2014-05-19T19:55:54.384500Z"
},{"version":"0.11.1+1","pubspec":{"description":"A composable, Future-based 
API for making HTTP requests.","author":"Dart Team 
<misc@dartlang.org>","environment":{"sdk":">=1.1.0 
<2.0.0"},"version":"0.11.1+1","dependencies":{"path":">=0.9.0 
<2.0.0","http_parser":">=0.0.1 <0.1.0","stack_trace":">=0.9.1 
<2.0.0"},"dev_dependencies":{"unittest":">=0.9.0 <0.11.0"},"homepage":"https://
pub.dartlang.org/packages/http","name":"http"},"archive_url":"https://pub.dev/a
pi/archives/http-0.11.1%2B1.tar.gz","archive_sha256":"e7d32de421ab6237012d88425
17cf5e97aabecb328a5ecc2d32f08f74e924dc9","published":"2014-06-02T18:41:09.67232
0Z"},{"version":"0.11.1+3","pubspec":{"description":"A composable, 
Future-based API for making HTTP requests.","author":"Dart Team 
<misc@dartlang.org>","environment":{"sdk":">=1.1.0 
<2.0.0"},"version":"0.11.1+3","dependencies":{"path":">=0.9.0 
<2.0.0","http_parser":">=0.0.1 <0.1.0","stack_trace":">=0.9.1 
<2.0.0"},"dev_dependencies":{"unittest":">=0.9.0 <0.12.0"},"homepage":"https://
github.com/dart-lang/http","name":"http"},"archive_url":"https://pub.dev/api/ar
chives/http-0.11.1%2B3.tar.gz","archive_sha256":"fb0227c71404ddedec4dbc98e8f51e
6a5f3423ce20a1f83a3d151b6b0cef63d4","published":"2015-02-21T01:34:59.065120Z"},
{"version":"0.11.2","pubspec":{"description":"A composable, Future-based API 
for making HTTP requests.","author":"Dart Team 
<misc@dartlang.org>","environment":{"sdk":">=1.1.0 
<2.0.0"},"version":"0.11.2","dependencies":{"path":">=0.9.0 
<2.0.0","http_parser":">=0.0.1 <0.1.0","stack_trace":">=0.9.1 
<2.0.0"},"dev_dependencies":{"unittest":">=0.9.0 <0.12.0"},"homepage":"https://
github.com/dart-lang/http","name":"http"},"archive_url":"https://pub.dev/api/ar
chives/http-0.11.2.tar.gz","archive_sha256":"ed09f69fa940e6265e5edd1c0ad95100c7
92ca96f48319c1545f88917c1e0d4b","published":"2015-04-06T19:34:47.232430Z"},{"ve
rsion":"0.11.3","pubspec":{"version":"0.11.3","name":"http","dependencies":{"st
ack_trace":">=0.9.1 <2.0.0","http_parser":">=0.0.1 <0.1.0","path":">=0.9.0 
<2.0.0"},"author":"Dart Team <misc@dartlang.org>","description":"A composable, 
Future-based API for making HTTP requests.","environment":{"sdk":">=1.1.0 <2.0.
0"},"homepage":"https://github.com/dart-lang/http","dev_dependencies":{"unittes
t":">=0.9.0 <0.12.0"}},"archive_url":"https://pub.dev/api/archives/http-0.11.3.
tar.gz","archive_sha256":"0c3dc6d3289ed6012b5767053dd8aa281b41b54db46fd61fedc30
4e495300d08","published":"2015-07-20T21:42:00.129Z"},{"version":"0.11.3+1","pub
spec":{"version":"0.11.3+1","name":"http","dependencies":{"stack_trace":">=0.9.
1 <2.0.0","http_parser":">=0.0.1 <2.0.0","path":">=0.9.0 
<2.0.0"},"author":"Dart Team <misc@dartlang.org>","description":"A composable, 
Future-based API for making HTTP requests.","environment":{"sdk":">=1.1.0 <2.0.
0"},"homepage":"https://github.com/dart-lang/http","dev_dependencies":{"unittes
t":">=0.9.0 <0.12.0"}},"archive_url":"https://pub.dev/api/archives/http-0.11.3%
2B1.tar.gz","archive_sha256":"b2c94f2ba829b68cbc2ba59536002973c0d8cc656206005f4
a2c8ee81f4b0c39","published":"2015-08-26T19:17:55.358Z"},{"version":"0.11.3+2",
"pubspec":{"version":"0.11.3+2","name":"http","dependencies":{"stack_trace":">=
0.9.1 <2.0.0","http_parser":">=0.0.1 <2.0.0","path":">=0.9.0 
<2.0.0"},"author":"Dart Team <misc@dartlang.org>","description":"A composable, 
Future-based API for making HTTP requests.","environment":{"sdk":">=1.9.0 <2.0.
0"},"homepage":"https://github.com/dart-lang/http","dev_dependencies":{"unittes
t":">=0.9.0 <0.12.0"}},"archive_url":"https://pub.dev/api/archives/http-0.11.3%
2B2.tar.gz","archive_sha256":"edce13688cc8224792d2e256504e761a53d255efbf7fbd3c2
8e642e987368c1c","published":"2015-08-28T01:10:44.818Z"},{"version":"0.11.3+3",
"pubspec":{"version":"0.11.3+3","name":"http","dependencies":{"stack_trace":">=
0.9.1 <2.0.0","http_parser":">=0.0.1 <3.0.0","path":">=0.9.0 
<2.0.0"},"author":"Dart Team <misc@dartlang.org>","description":"A composable, 
Future-based API for making HTTP requests.","environment":{"sdk":">=1.9.0 <2.0.
0"},"homepage":"https://github.com/dart-lang/http","dev_dependencies":{"unittes
t":">=0.9.0 <0.12.0"}},"archive_url":"https://pub.dev/api/archives/http-0.11.3%
2B3.tar.gz","archive_sha256":"880c9c562ac29e222e2fecb2a319c70c1754ad526450d352f
966bcfefff5d6c8","published":"2015-12-14T22:20:34.738Z"},{"version":"0.11.3+4",
"pubspec":{"version":"0.11.3+4","name":"http","dependencies":{"stack_trace":">=
0.9.1 <2.0.0","http_parser":">=0.0.1 <3.0.0","async":"^1.10.0","path":">=0.9.0 
<2.0.0","collection":"^1.5.0"},"author":"Dart Team 
<misc@dartlang.org>","description":"A composable, Future-based API for making 
HTTP requests.","environment":{"sdk":">=1.9.0 <2.0.0"},"homepage":"https://gith
ub.com/dart-lang/http","dev_dependencies":{"unittest":">=0.9.0 <0.12.0"}},"arch
ive_url":"https://pub.dev/api/archives/http-0.11.3%2B4.tar.gz","archive_sha256"
:"e106cf9b67f6f53683c3c8dff79f2aa3490c7d9a3e0fb02df724449d91371bd8","published"
:"2016-04-25T21:37:37.335Z"},{"version":"0.11.3+5","pubspec":{"version":"0.11.3
+5","name":"http","dependencies":{"stack_trace":">=0.9.1 
<2.0.0","http_parser":">=0.0.1 <3.0.0","async":"^1.10.0","path":">=0.9.0 
<2.0.0","collection":"^1.5.0"},"author":"Dart Team 
<misc@dartlang.org>","description":"A composable, Future-based API for making 
HTTP requests.","environment":{"sdk":">=1.9.0 <2.0.0"},"homepage":"https://gith
ub.com/dart-lang/http","dev_dependencies":{"unittest":">=0.9.0 <0.12.0"}},"arch
ive_url":"https://pub.dev/api/archives/http-0.11.3%2B5.tar.gz","archive_sha256"
:"94ed97e6911562fae4c68b41149e07d837622e31d6d18df2d2e7bd4b1c8053e5","published"
:"2016-04-26T22:52:28.944Z"},{"version":"0.11.3+6","pubspec":{"version":"0.11.3
+6","name":"http","dependencies":{"stack_trace":">=0.9.1 
<2.0.0","http_parser":">=0.0.1 <3.0.0","async":"^1.10.0","path":">=0.9.0 
<2.0.0","collection":"^1.5.0"},"author":"Dart Team 
<misc@dartlang.org>","description":"A composable, Future-based API for making 
HTTP requests.","environment":{"sdk":">=1.9.0 <2.0.0"},"homepage":"https://gith
ub.com/dart-lang/http","dev_dependencies":{"unittest":">=0.9.0 <0.12.0"}},"arch
ive_url":"https://pub.dev/api/archives/http-0.11.3%2B6.tar.gz","archive_sha256"
:"8d2887b7d647ee369e3a0931a3d2c4a48c439faafc8976fa7a6cee47bc4c1186","published"
:"2016-05-04T00:48:11.481Z"},{"version":"0.11.3+7","pubspec":{"version":"0.11.3
+7","name":"http","dependencies":{"stack_trace":">=0.9.1 
<2.0.0","http_parser":">=0.0.1 <4.0.0","async":"^1.10.0","path":">=0.9.0 
<2.0.0","collection":"^1.5.0"},"author":"Dart Team 
<misc@dartlang.org>","description":"A composable, Future-based API for making 
HTTP requests.","environment":{"sdk":">=1.9.0 <2.0.0"},"homepage":"https://gith
ub.com/dart-lang/http","dev_dependencies":{"unittest":">=0.9.0 <0.12.0"}},"arch
ive_url":"https://pub.dev/api/archives/http-0.11.3%2B7.tar.gz","archive_sha256"
:"28f349f3fcc1ea15e2ee118369aa8203bb2dce66ba1684a0fd8729aea7be19e3","published"
:"2016-05-05T17:24:33.718Z"},{"version":"0.11.3+8","pubspec":{"version":"0.11.3
+8","name":"http","dependencies":{"stack_trace":">=0.9.1 
<2.0.0","http_parser":">=0.0.1 <4.0.0","async":"^1.10.0","path":">=0.9.0 
<2.0.0","collection":"^1.5.0"},"author":"Dart Team 
<misc@dartlang.org>","description":"A composable, Future-based API for making 
HTTP requests.","environment":{"sdk":">=1.9.0 <2.0.0"},"homepage":"https://gith
ub.com/dart-lang/http","dev_dependencies":{"unittest":">=0.9.0 <0.12.0"}},"arch
ive_url":"https://pub.dev/api/archives/http-0.11.3%2B8.tar.gz","archive_sha256"
:"73e488a63ac761083920231d77be0bed1765543b2637d99951fc3f0e7ff33fae","published"
:"2016-07-06T22:51:40.054Z"},{"version":"0.11.3+9","pubspec":{"version":"0.11.3
+9","name":"http","dependencies":{"stack_trace":">=0.9.1 
<2.0.0","http_parser":">=0.0.1 <4.0.0","async":"^1.10.0","path":">=0.9.0 
<2.0.0","collection":"^1.5.0"},"author":"Dart Team 
<misc@dartlang.org>","description":"A composable, Future-based API for making 
HTTP requests.","environment":{"sdk":">=1.9.0 <2.0.0"},"homepage":"https://gith
ub.com/dart-lang/http","dev_dependencies":{"unittest":">=0.9.0 <0.12.0"}},"arch
ive_url":"https://pub.dev/api/archives/http-0.11.3%2B9.tar.gz","archive_sha256"
:"1d95188dfe3b1d03049410e6eeea4f785658635f440735266c855daae82e15c7","published"
:"2016-07-19T20:35:56.887Z"},{"version":"0.11.3+11","pubspec":{"version":"0.11.
3+11","name":"http","dependencies":{"stack_trace":">=0.9.1 
<2.0.0","http_parser":">=0.0.1 <4.0.0","async":"^1.10.0","path":">=0.9.0 
<2.0.0","collection":"^1.5.0"},"author":"Dart Team 
<misc@dartlang.org>","description":"A composable, Future-based API for making 
HTTP requests.","environment":{"sdk":">=1.23.0-dev.0.0 <2.0.0"},"homepage":"htt
ps://github.com/dart-lang/http","dev_dependencies":{"unittest":">=0.9.0 <0.12.0
"}},"archive_url":"https://pub.dev/api/archives/http-0.11.3%2B11.tar.gz","archi
ve_sha256":"a3a8cff2dbfa285aab0de9811f54bb9424b3d293cf64fc63464355685fda2ae6","
published":"2017-03-06T20:37:44.878Z"},{"version":"0.11.3+12","pubspec":{"versi
on":"0.11.3+12","name":"http","dependencies":{"stack_trace":">=0.9.1 
<2.0.0","http_parser":">=0.0.1 <4.0.0","async":"^1.10.0","path":">=0.9.0 
<2.0.0","collection":"^1.5.0"},"author":"Dart Team 
<misc@dartlang.org>","description":"A composable, Future-based API for making 
HTTP requests.","environment":{"sdk":">=1.23.0-dev.0.0 <2.0.0"},"homepage":"htt
ps://github.com/dart-lang/http","dev_dependencies":{"unittest":">=0.9.0 <0.12.0
"}},"archive_url":"https://pub.dev/api/archives/http-0.11.3%2B12.tar.gz","archi
ve_sha256":"59404ff49002e580291d935c5d81392290f9d45ea791affd5a7f7ac3155fc3fb","
published":"2017-03-07T20:59:01.247Z"},{"version":"0.11.3+13","pubspec":{"versi
on":"0.11.3+13","name":"http","dependencies":{"stack_trace":">=0.9.1 
<2.0.0","http_parser":">=0.0.1 <4.0.0","async":"^1.10.0","path":">=0.9.0 
<2.0.0","collection":"^1.5.0"},"author":"Dart Team 
<misc@dartlang.org>","description":"A composable, Future-based API for making 
HTTP requests.","environment":{"sdk":">=1.23.0-dev.0.0 <2.0.0"},"homepage":"htt
ps://github.com/dart-lang/http","dev_dependencies":{"unittest":">=0.9.0 <0.12.0
"}},"archive_url":"https://pub.dev/api/archives/http-0.11.3%2B13.tar.gz","archi
ve_sha256":"922f1c6911f63cf03cd4b3390e9d1fb8fdd796e3bdde58304d6a4aae5bbe22ec","
published":"2017-03-30T00:43:51.966246Z"},{"version":"0.11.3+14","pubspec":{"ve
rsion":"0.11.3+14","name":"http","dependencies":{"stack_trace":">=0.9.1 
<2.0.0","http_parser":">=0.0.1 <4.0.0","async":"^1.10.0","path":">=0.9.0 
<2.0.0","collection":"^1.5.0"},"author":"Dart Team 
<misc@dartlang.org>","description":"A composable, Future-based API for making 
HTTP requests.","environment":{"sdk":">=1.23.0 <2.0.0"},"homepage":"https://git
hub.com/dart-lang/http","dev_dependencies":{"unittest":">=0.9.0 <0.12.0"}},"arc
hive_url":"https://pub.dev/api/archives/http-0.11.3%2B14.tar.gz","archive_sha25
6":"78ff6b44f728ac54317f810f384318b35f44131d5d1cef34127ae6b36adf750c","publishe
d":"2017-07-20T01:14:12.414504Z"},{"version":"0.11.3+15","pubspec":{"version":"
0.11.3+15","name":"http","dependencies":{"stack_trace":">=0.9.1 
<2.0.0","http_parser":">=0.0.1 <4.0.0","async":">=1.10.0 
<3.0.0","path":">=0.9.0 <2.0.0","collection":"^1.5.0"},"author":"Dart Team 
<misc@dartlang.org>","description":"A composable, Future-based API for making 
HTTP requests.","environment":{"sdk":">=1.23.0 <2.0.0"},"homepage":"https://git
hub.com/dart-lang/http","dev_dependencies":{"unittest":">=0.9.0 <0.12.0"}},"arc
hive_url":"https://pub.dev/api/archives/http-0.11.3%2B15.tar.gz","archive_sha25
6":"9c7a44481fb62b1c5a7d55fb1b1d14b565e0f59be68f100dd656af33311bb56e","publishe
d":"2017-09-27T19:14:19.578515Z"},{"version":"0.11.3+16","pubspec":{"version":"
0.11.3+16","name":"http","dependencies":{"http_parser":">=0.0.1 
<4.0.0","async":">=1.10.0 <3.0.0","path":">=0.9.0 
<2.0.0","collection":"^1.5.0"},"author":"Dart Team 
<misc@dartlang.org>","description":"A composable, Future-based API for making 
HTTP requests.","environment":{"sdk":">=1.23.0 <2.0.0"},"homepage":"https://git
hub.com/dart-lang/http","dev_dependencies":{"unittest":">=0.9.0 <0.12.0"}},"arc
hive_url":"https://pub.dev/api/archives/http-0.11.3%2B16.tar.gz","archive_sha25
6":"3eed9b045efeb3093282af3c1e39fffa3675963973d4735b54720de0fd56ef31","publishe
d":"2017-10-13T01:58:57.470739Z"},{"version":"0.11.3+17","pubspec":{"version":"
0.11.3+17","name":"http","dependencies":{"http_parser":">=0.0.1 
<4.0.0","async":">=1.10.0 <3.0.0","path":">=0.9.0 
<2.0.0","collection":"^1.5.0"},"author":"Dart Team 
<misc@dartlang.org>","description":"A composable, Future-based API for making 
HTTP requests.","environment":{"sdk":">=2.0.0-dev.61.0 <3.0.0"},"homepage":"htt
ps://github.com/dart-lang/http","dev_dependencies":{"unittest":">=0.9.0 <0.12.0
"}},"archive_url":"https://pub.dev/api/archives/http-0.11.3%2B17.tar.gz","archi
ve_sha256":"b40f5f39f1d12d3c7977892fdf713a035745e8ce5e2451ee451ae22537d72d48","
published":"2018-07-09T18:35:22.399135Z"},{"version":"0.12.0","pubspec":{"versi
on":"0.12.0","name":"http","dependencies":{"http_parser":">=0.0.1 
<4.0.0","async":">=1.10.0 <3.0.0","path":">=0.9.0 <2.0.0"},"author":"Dart Team 
<misc@dartlang.org>","description":"A composable, Future-based API for making 
HTTP requests.","homepage":"https://github.com/dart-lang/http","environment":{"
sdk":">=2.0.0-dev.61.0 <3.0.0"},"dev_dependencies":{"test":"^1.3.0"}},"archive_
url":"https://pub.dev/api/archives/http-0.12.0.tar.gz","archive_sha256":"900de1
0f40038cfbb6d594227731b0843c95f9b9932d525c7a8de5a89e077484","published":"2018-0
9-18T17:44:06.118054Z"},{"version":"0.12.0+1","pubspec":{"version":"0.12.0+1","
name":"http","dependencies":{"http_parser":">=0.0.1 <4.0.0","async":">=1.10.0 
<3.0.0","path":">=0.9.0 <2.0.0"},"author":"Dart Team 
<misc@dartlang.org>","description":"A composable, cross-platform, Future-based 
API for making HTTP requests.","homepage":"https://github.com/dart-lang/http","
environment":{"sdk":">=2.0.0-dev.61.0 <3.0.0"},"dev_dependencies":{"test":"^1.3
.0"}},"archive_url":"https://pub.dev/api/archives/http-0.12.0%2B1.tar.gz","arch
ive_sha256":"a82ce5495627d8c6b947babb36dda80c66b893f292032db9d290f17a59956222",
"published":"2019-01-08T15:58:11.691905Z"},{"version":"0.12.0+2","pubspec":{"ve
rsion":"0.12.0+2","name":"http","dependencies":{"http_parser":">=0.0.1 
<4.0.0","pedantic":"^1.0.0","async":">=1.10.0 <3.0.0","path":">=0.9.0 
<2.0.0"},"author":"Dart Team <misc@dartlang.org>","description":"A composable, 
cross-platform, Future-based API for making HTTP requests.","homepage":"https:/
/github.com/dart-lang/http","environment":{"sdk":">=2.0.0-dev.61.0 <3.0.0"},"de
v_dependencies":{"test":"^1.3.0"}},"archive_url":"https://pub.dev/api/archives/
http-0.12.0%2B2.tar.gz","archive_sha256":"d7242032a4dbd7563409dc098b155368d843a
2fc8d735c645359b691af481f68","published":"2019-04-03T19:08:49.211348Z"},{"versi
on":"0.12.0+3","pubspec":{"name":"http","version":"0.12.0+3","homepage":"https:
//github.com/dart-lang/http","description":"A composable, multi-platform, 
Future-based API for HTTP requests.","environment":{"sdk":">=2.4.0 
<3.0.0"},"dependencies":{"async":">=1.10.0 <3.0.0","http_parser":">=0.0.1 
<4.0.0","path":">=0.9.0 <2.0.0","pedantic":"^1.0.0"},"dev_dependencies":{"test"
:"^1.3.0"}},"archive_url":"https://pub.dev/api/archives/http-0.12.0%2B3.tar.gz"
,"archive_sha256":"3f47c4ae6a8e186f74eae41f0e54e8ff26d268bc4bba2f3f4489e05c354d
ea43","published":"2019-12-26T21:34:16.487708Z"},{"version":"0.12.0+4","pubspec
":{"name":"http","version":"0.12.0+4","homepage":"https://github.com/dart-lang/
http","description":"A composable, multi-platform, Future-based API for HTTP 
requests.","environment":{"sdk":">=2.4.0 
<3.0.0"},"dependencies":{"async":">=1.10.0 <3.0.0","http_parser":">=0.0.1 
<4.0.0","path":">=0.9.0 <2.0.0","pedantic":"^1.0.0"},"dev_dependencies":{"test"
:"^1.3.0"}},"archive_url":"https://pub.dev/api/archives/http-0.12.0%2B4.tar.gz"
,"archive_sha256":"12a67c630798bf730dd26f897d3b85b679a857b7a5c53b8caeb7ddd557b6
93b1","published":"2020-01-07T00:24:18.974787Z"},{"version":"0.12.1","pubspec":
{"name":"http","version":"0.12.1","homepage":"https://github.com/dart-lang/http
","description":"A composable, multi-platform, Future-based API for HTTP 
requests.","environment":{"sdk":">=2.4.0 
<3.0.0"},"dependencies":{"http_parser":">=0.0.1 <4.0.0","path":">=0.9.0 <2.0.0"
,"pedantic":"^1.0.0"},"dev_dependencies":{"test":"^1.3.0"}},"archive_url":"http
s://pub.dev/api/archives/http-0.12.1.tar.gz","archive_sha256":"e7e8bfbe0a53d654
860a5220b879e28beb174e3b6cc5fcc743a84f8f90923e70","published":"2020-04-27T22:39
:14.240051Z"},{"version":"0.12.2","pubspec":{"name":"http","version":"0.12.2","
homepage":"https://github.com/dart-lang/http","description":"A composable, 
multi-platform, Future-based API for HTTP 
requests.","environment":{"sdk":">=2.4.0 
<3.0.0"},"dependencies":{"http_parser":">=0.0.1 <4.0.0","path":">=0.9.0 <2.0.0"
,"pedantic":"^1.0.0"},"dev_dependencies":{"test":"^1.3.0"}},"archive_url":"http
s://pub.dev/api/archives/http-0.12.2.tar.gz","archive_sha256":"411262398b34f52b
9baac4860a1aa6e4779037ba9289c19b4cd16928efa97a2b","published":"2020-07-16T18:19
:52.932779Z"},{"version":"0.13.0-nullsafety.0","pubspec":{"name":"http","versio
n":"0.13.0-nullsafety.0","homepage":"https://github.com/dart-lang/http","descri
ption":"A composable, multi-platform, Future-based API for HTTP 
requests.","environment":{"sdk":">=2.12.0-0 <3.0.0"},"dependencies":{"http_pars
er":"^4.0.0-nullsafety","meta":"^1.3.0-nullsafety.3","path":"^1.8.0-nullsafety.
1","pedantic":"^1.10.0-nullsafety"},"dev_dependencies":{"shelf":"any","test":"^
1.16.0-nullsafety.4"},"dependency_overrides":{"shelf":{"git":"git://github.com/
dart-lang/shelf.git"}}},"archive_url":"https://pub.dev/api/archives/http-0.13.0
-nullsafety.0.tar.gz","archive_sha256":"727b1eb9ce82ae802a2cbdc018d4df43cbf06a2
1412b0550039b9009a0f86808","published":"2021-01-29T00:24:55.449258Z"},{"version
":"0.13.0","pubspec":{"name":"http","version":"0.13.0","homepage":"https://gith
ub.com/dart-lang/http","description":"A composable, multi-platform, 
Future-based API for HTTP requests.","environment":{"sdk":">=2.12.0-0 <3.0.0"},
"dependencies":{"http_parser":"^4.0.0","meta":"^1.3.0","path":"^1.8.0","pedanti
c":"^1.10.0"},"dev_dependencies":{"shelf":"^1.0.0-nullsafety.0","test":"^1.16.0
-nullsafety.4"}},"archive_url":"https://pub.dev/api/archives/http-0.13.0.tar.gz
","archive_sha256":"0a48a4e44ec1b6a52eb93b12d129f5b74ee6dbb27703439c965f1bd86f7
be59f","published":"2021-02-05T20:56:48.811109Z"},{"version":"0.13.1","pubspec"
:{"name":"http","version":"0.13.1","homepage":"https://github.com/dart-lang/htt
p","description":"A composable, multi-platform, Future-based API for HTTP 
requests.","environment":{"sdk":">=2.12.0 <3.0.0"},"dependencies":{"http_parser
":"^4.0.0","meta":"^1.3.0","path":"^1.8.0","pedantic":"^1.10.0"},"dev_dependenc
ies":{"shelf":"^1.1.0","test":"^1.16.0"}},"archive_url":"https://pub.dev/api/ar
chives/http-0.13.1.tar.gz","archive_sha256":"2e8cf3a1b5a97ec9f88ec74fce83a3e051
96df027f382ba3f94403b75292fabf","published":"2021-03-19T16:21:26.916460Z"},{"ve
rsion":"0.13.2","pubspec":{"name":"http","version":"0.13.2","homepage":"https:/
/github.com/dart-lang/http","description":"A composable, multi-platform, 
Future-based API for HTTP requests.","environment":{"sdk":">=2.12.0 <3.0.0"},"d
ependencies":{"async":"^2.5.0","http_parser":"^4.0.0","meta":"^1.3.0","path":"^
1.8.0","pedantic":"^1.10.0"},"dev_dependencies":{"fake_async":"^1.2.0","shelf":
"^1.1.0","test":"^1.16.0"}},"archive_url":"https://pub.dev/api/archives/http-0.
13.2.tar.gz","archive_sha256":"0c51a50c5ac87b08e5e98a12efbd24bb8367268021de0a13
b99319275c15eb4a","published":"2021-04-28T16:37:14.116276Z"},{"version":"0.13.3
","pubspec":{"name":"http","version":"0.13.3","homepage":"https://github.com/da
rt-lang/http","description":"A composable, multi-platform, Future-based API 
for HTTP requests.","environment":{"sdk":">=2.12.0 <3.0.0"},"dependencies":{"as
ync":"^2.5.0","http_parser":"^4.0.0","meta":"^1.3.0","path":"^1.8.0","pedantic"
:"^1.10.0"},"dev_dependencies":{"fake_async":"^1.2.0","shelf":"^1.1.0","test":"
^1.16.0"}},"archive_url":"https://pub.dev/api/archives/http-0.13.3.tar.gz","arc
hive_sha256":"b6f1f143a71e1fe1b34670f1acd6f13960ade2557c96b87e127e0cf661969791"
,"published":"2021-05-03T19:14:58.986938Z"},{"version":"0.13.4","pubspec":{"nam
e":"http","version":"0.13.4","homepage":"https://github.com/dart-lang/http","de
scription":"A composable, multi-platform, Future-based API for HTTP 
requests.","environment":{"sdk":">=2.14.0 <3.0.0"},"dependencies":{"async":"^2.
5.0","http_parser":"^4.0.0","meta":"^1.3.0","path":"^1.8.0"},"dev_dependencies"
:{"fake_async":"^1.2.0","lints":"^1.0.0","shelf":"^1.1.0","test":"^1.16.0"}},"a
rchive_url":"https://pub.dev/api/archives/http-0.13.4.tar.gz","archive_sha256":
"2ed163531e071c2c6b7c659635112f24cb64ecbebf6af46b550d536c0b1aa112","published":
"2021-10-04T13:31:21.823064Z"},{"version":"0.13.5","pubspec":{"name":"http","ve
rsion":"0.13.5","description":"A composable, multi-platform, Future-based API 
for HTTP requests.","repository":"https://github.com/dart-lang/http/tree/master
/pkgs/http","environment":{"sdk":">=2.14.0 <3.0.0"},"dependencies":{"async":"^2
.5.0","http_parser":"^4.0.0","meta":"^1.3.0","path":"^1.8.0"},"dev_dependencies
":{"fake_async":"^1.2.0","http_client_conformance_tests":{"path":"../http_clien
t_conformance_tests/"},"lints":"^1.0.0","shelf":"^1.1.0","stream_channel":"^2.1
.0","test":"^1.16.0"}},"archive_url":"https://pub.dev/api/archives/http-0.13.5.
tar.gz","archive_sha256":"6aa2946395183537c8b880962d935877325d6a09a2867c3970c05
c0fed6ac482","published":"2022-08-03T20:06:06.554830Z"},{"version":"0.13.6","pu
bspec":{"name":"http","version":"0.13.6","description":"A composable, 
multi-platform, Future-based API for HTTP requests.","repository":"https://gith
ub.com/dart-lang/http/tree/master/pkgs/http","environment":{"sdk":">=2.19.0 <3.
0.0"},"dependencies":{"async":"^2.5.0","http_parser":"^4.0.0","meta":"^1.3.0"},
"dev_dependencies":{"dart_flutter_team_lints":"^1.0.0","fake_async":"^1.2.0","h
ttp_client_conformance_tests":{"path":"../http_client_conformance_tests/"},"she
lf":"^1.1.0","stream_channel":"^2.1.0","test":"^1.16.0"}},"archive_url":"https:
//pub.dev/api/archives/http-0.13.6.tar.gz","archive_sha256":"5895291c13fa8a3bd8
2e76d5627f69e0d85ca6a30dcac95c4ea19a5d555879c2","published":"2023-05-01T17:54:1
7.086948Z"},{"version":"1.0.0","pubspec":{"name":"http","version":"1.0.0","desc
ription":"A composable, multi-platform, Future-based API for HTTP requests.","r
epository":"https://github.com/dart-lang/http/tree/master/pkgs/http","environme
nt":{"sdk":"^3.0.0"},"dependencies":{"async":"^2.5.0","http_parser":"^4.0.0","m
eta":"^1.3.0"},"dev_dependencies":{"dart_flutter_team_lints":"^1.0.0","fake_asy
nc":"^1.2.0","http_client_conformance_tests":{"path":"../http_client_conformanc
e_tests/"},"shelf":"^1.1.0","stream_channel":"^2.1.0","test":"^1.16.0"}},"archi
ve_url":"https://pub.dev/api/archives/http-1.0.0.tar.gz","archive_sha256":"4c3f
04bfb64d3efd508d06b41b825542f08122d30bda4933fb95c069d22a4fa3","published":"2023
-05-22T18:23:29.020741Z"},{"version":"1.1.0","pubspec":{"name":"http","version"
:"1.1.0","description":"A composable, multi-platform, Future-based API for 
HTTP requests.","repository":"https://github.com/dart-lang/http/tree/master/pkg
s/http","environment":{"sdk":"^3.0.0"},"dependencies":{"async":"^2.5.0","http_p
arser":"^4.0.0","meta":"^1.3.0"},"dev_dependencies":{"dart_flutter_team_lints":
"^1.0.0","fake_async":"^1.2.0","http_client_conformance_tests":{"path":"../http
_client_conformance_tests/"},"shelf":"^1.1.0","stream_channel":"^2.1.0","test":
"^1.16.0"}},"archive_url":"https://pub.dev/api/archives/http-1.1.0.tar.gz","arc
hive_sha256":"759d1a329847dd0f39226c688d3e06a6b8679668e350e2891a6474f8b4bb8525"
,"published":"2023-06-26T21:35:21.113941Z"},{"version":"1.1.1","pubspec":{"name
":"http","version":"1.1.1","description":"A composable, multi-platform, 
Future-based API for HTTP requests.","repository":"https://github.com/dart-lang
/http/tree/master/pkgs/http","environment":{"sdk":"^3.2.0"},"dependencies":{"as
ync":"^2.5.0","http_parser":"^4.0.0","meta":"^1.3.0","web":"^0.4.0"},"dev_depen
dencies":{"dart_flutter_team_lints":"^1.0.0","fake_async":"^1.2.0","http_client
_conformance_tests":{"path":"../http_client_conformance_tests/"},"shelf":"^1.1.
0","stream_channel":"^2.1.0","test":"^1.16.0"}},"archive_url":"https://pub.dev/
api/archives/http-1.1.1.tar.gz","archive_sha256":"38dce67ce909c338754840e2a1479
c2c11347a2fc7ec3d5b166a5118a8a201db","published":"2023-11-21T22:57:18.111534Z"}
,{"version":"1.1.2","pubspec":{"name":"http","version":"1.1.2","description":"A
 composable, multi-platform, Future-based API for HTTP requests.","repository":
"https://github.com/dart-lang/http/tree/master/pkgs/http","environment":{"sdk":
"^3.2.0"},"dependencies":{"async":"^2.5.0","http_parser":"^4.0.0","meta":"^1.3.
0","web":">=0.3.0 <0.5.0"},"dev_dependencies":{"dart_flutter_team_lints":"^2.0.
0","fake_async":"^1.2.0","http_client_conformance_tests":{"path":"../http_clien
t_conformance_tests/"},"shelf":"^1.1.0","stream_channel":"^2.1.0","test":"^1.16
.0"}},"archive_url":"https://pub.dev/api/archives/http-1.1.2.tar.gz","archive_s
ha256":"d4872660c46d929f6b8a9ef4e7a7eff7e49bbf0c4ec3f385ee32df5119175139","publ
ished":"2023-11-27T17:26:58.457130Z"},{"version":"1.2.0","pubspec":{"name":"htt
p","version":"1.2.0","description":"A composable, multi-platform, Future-based 
API for HTTP requests.","repository":"https://github.com/dart-lang/http/tree/ma
ster/pkgs/http","environment":{"sdk":"^3.2.0"},"dependencies":{"async":"^2.5.0"
,"http_parser":"^4.0.0","meta":"^1.3.0","web":">=0.3.0 <0.5.0"},"dev_dependenci
es":{"dart_flutter_team_lints":"^2.0.0","fake_async":"^1.2.0","http_client_conf
ormance_tests":{"path":"../http_client_conformance_tests/"},"shelf":"^1.1.0","s
tream_channel":"^2.1.0","test":"^1.16.0"}},"archive_url":"https://pub.dev/api/a
rchives/http-1.2.0.tar.gz","archive_sha256":"a2bbf9d017fcced29139daa8ed2bba4ece
450ab222871df93ca9eec6f80c34ba","published":"2024-01-16T22:46:38.816321Z"},{"ve
rsion":"1.2.1","pubspec":{"name":"http","version":"1.2.1","description":"A 
composable, multi-platform, Future-based API for HTTP requests.","repository":"
https://github.com/dart-lang/http/tree/master/pkgs/http","environment":{"sdk":"
^3.3.0"},"dependencies":{"async":"^2.5.0","http_parser":"^4.0.0","meta":"^1.3.0
","web":"^0.5.0"},"dev_dependencies":{"dart_flutter_team_lints":"^2.0.0","fake_
async":"^1.2.0","http_client_conformance_tests":{"path":"../http_client_conform
ance_tests/"},"shelf":"^1.1.0","stream_channel":"^2.1.0","test":"^1.16.0"}},"ar
chive_url":"https://pub.dev/api/archives/http-1.2.1.tar.gz","archive_sha256":"7
61a297c042deedc1ffbb156d6e2af13886bb305c2a343a4d972504cd67dd938","published":"2
024-02-15T23:25:27.572746Z"},{"version":"1.2.2","pubspec":{"name":"http","versi
on":"1.2.2","description":"A composable, multi-platform, Future-based API for 
HTTP requests.","repository":"https://github.com/dart-lang/http/tree/master/pkg
s/http","topics":["http","network","protocols"],"environment":{"sdk":"^3.3.0"},
"dependencies":{"async":"^2.5.0","http_parser":"^4.0.0","meta":"^1.3.0","web":"
>=0.5.0 <2.0.0"},"dev_dependencies":{"dart_flutter_team_lints":"^3.0.0","fake_a
sync":"^1.2.0","http_client_conformance_tests":{"path":"../http_client_conforma
nce_tests/"},"shelf":"^1.1.0","stream_channel":"^2.1.1","test":"^1.21.2"}},"arc
hive_url":"https://pub.dev/api/archives/http-1.2.2.tar.gz","archive_sha256":"b9
c29a161230ee03d3ccf545097fccd9b87a5264228c5d348202e0f0c28f9010","published":"20
24-07-16T20:09:47.863320Z"},{"version":"1.3.0","pubspec":{"name":"http","versio
n":"1.3.0","description":"A composable, multi-platform, Future-based API for 
HTTP requests.","repository":"https://github.com/dart-lang/http/tree/master/pkg
s/http","topics":["http","network","protocols"],"environment":{"sdk":"^3.4.0"},
"dependencies":{"async":"^2.5.0","http_parser":"^4.0.0","meta":"^1.3.0","web":"
>=0.5.0 <2.0.0"},"dev_dependencies":{"dart_flutter_team_lints":"^3.0.0","fake_a
sync":"^1.2.0","http_client_conformance_tests":{"path":"../http_client_conforma
nce_tests/"},"shelf":"^1.1.0","stream_channel":"^2.1.1","test":"^1.21.2"}},"arc
hive_url":"https://pub.dev/api/archives/http-1.3.0.tar.gz","archive_sha256":"fe
7ab022b76f3034adc518fb6ea04a82387620e19977665ea18d30a1cf43442f","published":"20
25-01-21T00:32:28.622865Z"},{"version":"1.4.0","pubspec":{"name":"http","versio
n":"1.4.0","description":"A composable, multi-platform, Future-based API for 
HTTP requests.","repository":"https://github.com/dart-lang/http/tree/master/pkg
s/http","topics":["http","network","protocols"],"environment":{"sdk":"^3.4.0"},
"dependencies":{"async":"^2.5.0","http_parser":"^4.0.0","meta":"^1.3.0","web":"
>=0.5.0 <2.0.0"},"dev_dependencies":{"dart_flutter_team_lints":"^3.0.0","fake_a
sync":"^1.2.0","http_client_conformance_tests":{"path":"../http_client_conforma
nce_tests/"},"shelf":"^1.1.0","stream_channel":"^2.1.1","test":"^1.21.2"}},"arc
hive_url":"https://pub.dev/api/archives/http-1.4.0.tar.gz","archive_sha256":"2c
11f3f94c687ee9bad77c171151672986360b2b001d109814ee7140b2cf261b","published":"20
25-05-06T00:17:13.636460Z"},{"version":"1.5.0-beta","pubspec":{"name":"http","v
ersion":"1.5.0-beta","description":"A composable, multi-platform, Future-based 
API for HTTP requests.","repository":"https://github.com/dart-lang/http/tree/ma
ster/pkgs/http","topics":["http","network","protocols"],"environment":{"sdk":"^
3.4.0"},"dependencies":{"async":"^2.5.0","http_parser":"^4.0.0","meta":"^1.3.0"
,"web":">=0.5.0 <2.0.0"},"dev_dependencies":{"dart_flutter_team_lints":"^3.0.0"
,"fake_async":"^1.2.0","http_client_conformance_tests":{"path":"../http_client_
conformance_tests/"},"shelf":"^1.1.0","stream_channel":"^2.1.1","test":"^1.21.2
"}},"archive_url":"https://pub.dev/api/archives/http-1.5.0-beta.tar.gz","archiv
e_sha256":"559ab0d950643c9a04512f4c4bd1c435dcb5af1aa9c848f3bf5867347044328a","p
ublished":"2025-07-08T17:55:50.858454Z"},{"version":"1.5.0-beta.2","pubspec":{"
name":"http","version":"1.5.0-beta.2","description":"A composable, 
multi-platform, Future-based API for HTTP requests.","repository":"https://gith
ub.com/dart-lang/http/tree/master/pkgs/http","topics":["http","network","protoc
ols"],"environment":{"sdk":"^3.4.0"},"dependencies":{"async":"^2.5.0","http_par
ser":"^4.0.0","meta":"^1.3.0","web":">=0.5.0 <2.0.0"},"dev_dependencies":{"dart
_flutter_team_lints":"^3.0.0","fake_async":"^1.2.0","http_client_conformance_te
sts":{"path":"../http_client_conformance_tests/"},"shelf":"^1.1.0","stream_chan
nel":"^2.1.1","test":"^1.21.2"}},"archive_url":"https://pub.dev/api/archives/ht
tp-1.5.0-beta.2.tar.gz","archive_sha256":"85ab0074f9bf2b24625906d8382bbec84d3d6
919d285ba9c106b07b65791fb99","published":"2025-07-15T23:37:56.942822Z"},{"versi
on":"1.5.0","pubspec":{"name":"http","version":"1.5.0","description":"A 
composable, multi-platform, Future-based API for HTTP requests.","repository":"
https://github.com/dart-lang/http/tree/master/pkgs/http","topics":["http","netw
ork","protocols"],"environment":{"sdk":"^3.4.0"},"dependencies":{"async":"^2.5.
0","http_parser":"^4.0.0","meta":"^1.3.0","web":">=0.5.0 <2.0.0"},"dev_dependen
cies":{"dart_flutter_team_lints":"^3.0.0","fake_async":"^1.2.0","http_client_co
nformance_tests":{"path":"../http_client_conformance_tests/"},"shelf":"^1.1.0",
"stream_channel":"^2.1.1","test":"^1.21.2"}},"archive_url":"https://pub.dev/api
/archives/http-1.5.0.tar.gz","archive_sha256":"bb2ce4590bc2667c96f318d68cac1b5a
7987ec819351d32b1c987239a815e007","published":"2025-08-07T22:35:23.863279Z"},{"
version":"1.6.0","pubspec":{"name":"http","version":"1.6.0","description":"A 
composable, multi-platform, Future-based API for HTTP requests.","repository":"
https://github.com/dart-lang/http/tree/master/pkgs/http","topics":["http","netw
ork","protocols"],"environment":{"sdk":"^3.4.0"},"dependencies":{"async":"^2.5.
0","http_parser":"^4.0.0","meta":"^1.3.0","web":">=0.5.0 <2.0.0"},"dev_dependen
cies":{"dart_flutter_team_lints":"^3.0.0","fake_async":"^1.2.0","http_client_co
nformance_tests":{"path":"../http_client_conformance_tests/"},"shelf":"^1.1.0",
"stream_channel":"^2.1.1","test":"^1.21.2"}},"archive_url":"https://pub.dev/api
/archives/http-1.6.0.tar.gz","archive_sha256":"87721a4a50b19c7f1d49001e51409bdd
c46303966ce89a65af4f4e6004896412","published":"2025-11-10T18:27:56.434747Z"}],"
advisoriesUpdated":"2024-04-28T09:27:57.869544Z","_fetchedAt":"2026-04-06T12:34
:57.162395"}
IO  : Get versions from 
https://pub.dev/api/packages/shared_preferences_android.
IO  : HTTP GET https://pub.dev/api/packages/shared_preferences_android
    | Accept: application/vnd.pub.v2+json
    | X-Pub-OS: windows
    | X-Pub-Command: get
    | X-Pub-Session-ID: 648F26DB-9135-40BD-B632-4F1156360815
    | X-Pub-Environment: flutter_cli:verify:run
    | user-agent: Dart pub 3.6.0
IO  : HTTP response 200 OK for GET 
https://pub.dev/api/packages/shared_preferences_android
    | took 0:00:00.062928
    | x-goog-storage-class: STANDARD
    | last-modified: Wed, 25 Mar 2026 19:24:18 GMT
    | cache-control: public, max-age=120
    | date: Mon, 06 Apr 2026 04:34:36 GMT
    | access-control-allow-origin: *
    | vary: Accept-Encoding
    | content-encoding: gzip
    | x-goog-stored-content-length: 4259
    | age: 22
    | x-guploader-uploadid: 
AMNfjG3MU2W-IstcDn9ZbcXHT7Zrr_Bcwp5GJa_PhDrlks2RqllVkDdggvHJMzDtvQJzz9X3TxKn3jU
    | access-control-expose-headers: ETag,x-goog-hash,Accept,User-Agent
    | x-goog-hash: crc32c=vmAS8A==,md5=fxjdvy3Wm1CS2TFu3DB13g==
    | content-type: application/json; charset="utf-8"
    | x-goog-generation: 1774466658780256
    | server: UploadServer
    | alt-svc: h3=":443"; ma=2592000,h3-29=":443"; ma=2592000
    | x-goog-meta-validated: 2026-04-01T06:52:03.338729
    | accept-ranges: bytes
    | content-length: 4259
    | x-goog-stored-content-encoding: gzip
    | etag: "7f18ddbf2dd69b5092d9316edc3075de"
    | via: 1.1 google
    | x-goog-metageneration: 3
    | expires: Mon, 06 Apr 2026 04:36:36 GMT
IO  : Writing 53019 characters to text file C:\Users\joashua\AppData\Local\Pub\
Cache\hosted\pub.dev\.cache\shared_preferences_android-versions.json.
FINE: Contents:
    | {"name":"shared_preferences_android","latest":{"version":"2.4.23","pubspe
c":{"name":"shared_preferences_android","description":"Android implementation 
of the shared_preferences plugin","repository":"https://github.com/flutter/pack
ages/tree/main/packages/shared_preferences/shared_preferences_android","issue_t
racker":"https://github.com/flutter/flutter/issues?q=is%3Aissue+is%3Aopen+label
%3A%22p%3A+shared_preferences%22","version":"2.4.23","environment":{"sdk":"^3.9
.0","flutter":">=3.35.0"},"flutter":{"plugin":{"implements":"shared_preferences
","platforms":{"android":{"package":"io.flutter.plugins.sharedpreferences","plu
ginClass":"SharedPreferencesPlugin","dartPluginClass":"SharedPreferencesAndroid
"}}}},"dependencies":{"flutter":{"sdk":"flutter"},"shared_preferences_platform_
interface":"^2.4.0"},"dev_dependencies":{"flutter_test":{"sdk":"flutter"},"pige
on":"^26.1.0"},"topics":["persistence","shared-preferences","storage"]},"archiv
e_url":"https://pub.dev/api/archives/shared_preferences_android-2.4.23.tar.gz",
"archive_sha256":"e8d4762b1e2e8578fc4d0fd548cebf24afd24f49719c08974df92834565e2
c53","published":"2026-03-25T19:23:46.782563Z"},"versions":[{"version":"2.0.8",
"pubspec":{"name":"shared_preferences_android","description":"Android 
implementation of the shared_preferences plugin","repository":"https://github.c
om/flutter/plugins/tree/master/packages/shared_preferences/shared_preferences_a
ndroid","issue_tracker":"https://github.com/flutter/flutter/issues?q=is%3Aissue
+is%3Aopen+label%3A%22p%3A+shared_preferences%22","version":"2.0.8","environmen
t":{"sdk":">=2.14.0 <3.0.0","flutter":">=2.5.0"},"flutter":{"plugin":{"implemen
ts":"shared_preferences","platforms":{"android":{"package":"io.flutter.plugins.
sharedpreferences","pluginClass":"SharedPreferencesPlugin"}}}},"dependencies":{
"flutter":{"sdk":"flutter"},"meta":"^1.3.0","shared_preferences_platform_interf
ace":"^2.0.0"},"dev_dependencies":{"flutter_test":{"sdk":"flutter"},"pedantic":
"^1.10.0"}},"archive_url":"https://pub.dev/api/archives/shared_preferences_andr
oid-2.0.8.tar.gz","archive_sha256":"042776e290522e1f919a5ae9d714b6ee4d5b70f60ca
91e73c26385450cfe02e3","published":"2021-11-19T02:39:13.814975Z"},{"version":"2
.0.9","pubspec":{"name":"shared_preferences_android","description":"Android 
implementation of the shared_preferences plugin","repository":"https://github.c
om/flutter/plugins/tree/master/packages/shared_preferences/shared_preferences_a
ndroid","issue_tracker":"https://github.com/flutter/flutter/issues?q=is%3Aissue
+is%3Aopen+label%3A%22p%3A+shared_preferences%22","version":"2.0.9","environmen
t":{"sdk":">=2.14.0 <3.0.0","flutter":">=2.5.0"},"flutter":{"plugin":{"implemen
ts":"shared_preferences","platforms":{"android":{"package":"io.flutter.plugins.
sharedpreferences","pluginClass":"SharedPreferencesPlugin"}}}},"dependencies":{
"flutter":{"sdk":"flutter"},"meta":"^1.3.0","shared_preferences_platform_interf
ace":"^2.0.0"},"dev_dependencies":{"flutter_test":{"sdk":"flutter"},"pedantic":
"^1.10.0"}},"archive_url":"https://pub.dev/api/archives/shared_preferences_andr
oid-2.0.9.tar.gz","archive_sha256":"54eead0b53ed93d0c5d45dd1d39298d497489e0f124
6aa8fb3d94372c9be9b35","published":"2021-11-22T21:27:23.161765Z"},{"version":"2
.0.10","pubspec":{"name":"shared_preferences_android","description":"Android 
implementation of the shared_preferences plugin","repository":"https://github.c
om/flutter/plugins/tree/master/packages/shared_preferences/shared_preferences_a
ndroid","issue_tracker":"https://github.com/flutter/flutter/issues?q=is%3Aissue
+is%3Aopen+label%3A%22p%3A+shared_preferences%22","version":"2.0.10","environme
nt":{"sdk":">=2.14.0 <3.0.0","flutter":">=2.5.0"},"flutter":{"plugin":{"impleme
nts":"shared_preferences","platforms":{"android":{"package":"io.flutter.plugins
.sharedpreferences","pluginClass":"SharedPreferencesPlugin"}}}},"dependencies":
{"flutter":{"sdk":"flutter"},"shared_preferences_platform_interface":"^2.0.0"},
"dev_dependencies":{"flutter_test":{"sdk":"flutter"},"pedantic":"^1.10.0"}},"ar
chive_url":"https://pub.dev/api/archives/shared_preferences_android-2.0.10.tar.
gz","archive_sha256":"eb5f8ca2adb3303e0949971b8bc6408c67b5000502b838ee6cb0ef96c
d29e708","published":"2022-01-10T19:24:25.442871Z"},{"version":"2.0.11","pubspe
c":{"name":"shared_preferences_android","description":"Android implementation 
of the shared_preferences plugin","repository":"https://github.com/flutter/plug
ins/tree/main/packages/shared_preferences/shared_preferences_android","issue_tr
acker":"https://github.com/flutter/flutter/issues?q=is%3Aissue+is%3Aopen+label%
3A%22p%3A+shared_preferences%22","version":"2.0.11","environment":{"sdk":">=2.1
4.0 <3.0.0","flutter":">=2.8.0"},"flutter":{"plugin":{"implements":"shared_pref
erences","platforms":{"android":{"package":"io.flutter.plugins.sharedpreference
s","pluginClass":"SharedPreferencesPlugin","dartPluginClass":"SharedPreferences
Android"}}}},"dependencies":{"flutter":{"sdk":"flutter"},"shared_preferences_pl
atform_interface":"^2.0.0"},"dev_dependencies":{"flutter_test":{"sdk":"flutter"
}}},"archive_url":"https://pub.dev/api/archives/shared_preferences_android-2.0.
11.tar.gz","archive_sha256":"bc236594233d10b7668dd90414fe0e09d906115aaa1dfe269e
478e5f2af532a6","published":"2022-02-09T20:04:27.274714Z"},{"version":"2.0.12",
"pubspec":{"name":"shared_preferences_android","description":"Android 
implementation of the shared_preferences plugin","repository":"https://github.c
om/flutter/plugins/tree/main/packages/shared_preferences/shared_preferences_and
roid","issue_tracker":"https://github.com/flutter/flutter/issues?q=is%3Aissue+i
s%3Aopen+label%3A%22p%3A+shared_preferences%22","version":"2.0.12","environment
":{"sdk":">=2.14.0 <3.0.0","flutter":">=2.8.0"},"flutter":{"plugin":{"implement
s":"shared_preferences","platforms":{"android":{"package":"io.flutter.plugins.s
haredpreferences","pluginClass":"SharedPreferencesPlugin","dartPluginClass":"Sh
aredPreferencesAndroid"}}}},"dependencies":{"flutter":{"sdk":"flutter"},"shared
_preferences_platform_interface":"^2.0.0"},"dev_dependencies":{"flutter_test":{
"sdk":"flutter"}}},"archive_url":"https://pub.dev/api/archives/shared_preferenc
es_android-2.0.12.tar.gz","archive_sha256":"853801ce6ba7429ec4e923e37317f32a57c
903de50b8c33ffcfbdb7e6f0dd39c","published":"2022-05-10T19:40:40.168326Z"},{"ver
sion":"2.0.13","pubspec":{"name":"shared_preferences_android","description":"An
droid implementation of the shared_preferences plugin","repository":"https://gi
thub.com/flutter/plugins/tree/main/packages/shared_preferences/shared_preferenc
es_android","issue_tracker":"https://github.com/flutter/flutter/issues?q=is%3Ai
ssue+is%3Aopen+label%3A%22p%3A+shared_preferences%22","version":"2.0.13","envir
onment":{"sdk":">=2.14.0 <3.0.0","flutter":">=2.10.0"},"flutter":{"plugin":{"im
plements":"shared_preferences","platforms":{"android":{"package":"io.flutter.pl
ugins.sharedpreferences","pluginClass":"SharedPreferencesPlugin","dartPluginCla
ss":"SharedPreferencesAndroid"}}}},"dependencies":{"flutter":{"sdk":"flutter"},
"shared_preferences_platform_interface":"^2.0.0"},"dev_dependencies":{"flutter_
test":{"sdk":"flutter"}}},"archive_url":"https://pub.dev/api/archives/shared_pr
eferences_android-2.0.13.tar.gz","archive_sha256":"3e128864b9cff21bdd5b3ad56995
3070a851d62901bee880bb052b1110b38007","published":"2022-09-06T21:34:25.454434Z"
},{"version":"2.0.14","pubspec":{"name":"shared_preferences_android","descripti
on":"Android implementation of the shared_preferences plugin","repository":"htt
ps://github.com/flutter/plugins/tree/main/packages/shared_preferences/shared_pr
eferences_android","issue_tracker":"https://github.com/flutter/flutter/issues?q
=is%3Aissue+is%3Aopen+label%3A%22p%3A+shared_preferences%22","version":"2.0.14"
,"environment":{"sdk":">=2.14.0 <3.0.0","flutter":">=2.10.0"},"flutter":{"plugi
n":{"implements":"shared_preferences","platforms":{"android":{"package":"io.flu
tter.plugins.sharedpreferences","pluginClass":"SharedPreferencesPlugin","dartPl
uginClass":"SharedPreferencesAndroid"}}}},"dependencies":{"flutter":{"sdk":"flu
tter"},"shared_preferences_platform_interface":"^2.0.0"},"dev_dependencies":{"f
lutter_test":{"sdk":"flutter"}}},"archive_url":"https://pub.dev/api/archives/sh
ared_preferences_android-2.0.14.tar.gz","archive_sha256":"8e251f3c986002b65fed6
396bce81f379fb63c27317d49743cf289fd0fd1ab97","published":"2022-10-14T17:39:11.3
10311Z"},{"version":"2.0.15","pubspec":{"name":"shared_preferences_android","de
scription":"Android implementation of the shared_preferences plugin","repositor
y":"https://github.com/flutter/plugins/tree/main/packages/shared_preferences/sh
ared_preferences_android","issue_tracker":"https://github.com/flutter/flutter/i
ssues?q=is%3Aissue+is%3Aopen+label%3A%22p%3A+shared_preferences%22","version":"
2.0.15","environment":{"sdk":">=2.14.0 <3.0.0","flutter":">=2.10.0"},"flutter":
{"plugin":{"implements":"shared_preferences","platforms":{"android":{"package":
"io.flutter.plugins.sharedpreferences","pluginClass":"SharedPreferencesPlugin",
"dartPluginClass":"SharedPreferencesAndroid"}}}},"dependencies":{"flutter":{"sd
k":"flutter"},"shared_preferences_platform_interface":"^2.0.0"},"dev_dependenci
es":{"flutter_test":{"sdk":"flutter"}}},"archive_url":"https://pub.dev/api/arch
ives/shared_preferences_android-2.0.15.tar.gz","archive_sha256":"955e9736a12ba7
76bdd261cf030232b30eadfcd9c79b32a3250dd4a494e8c8f7","published":"2023-01-20T19:
38:09.792567Z"},{"version":"2.0.16","pubspec":{"name":"shared_preferences_andro
id","description":"Android implementation of the shared_preferences plugin","re
pository":"https://github.com/flutter/packages/tree/main/packages/shared_prefer
ences/shared_preferences_android","issue_tracker":"https://github.com/flutter/f
lutter/issues?q=is%3Aissue+is%3Aopen+label%3A%22p%3A+shared_preferences%22","ve
rsion":"2.0.16","environment":{"sdk":">=2.14.0 <3.0.0","flutter":">=3.0.0"},"fl
utter":{"plugin":{"implements":"shared_preferences","platforms":{"android":{"pa
ckage":"io.flutter.plugins.sharedpreferences","pluginClass":"SharedPreferencesP
lugin","dartPluginClass":"SharedPreferencesAndroid"}}}},"dependencies":{"flutte
r":{"sdk":"flutter"},"shared_preferences_platform_interface":"^2.0.0"},"dev_dep
endencies":{"flutter_test":{"sdk":"flutter"}}},"archive_url":"https://pub.dev/a
pi/archives/shared_preferences_android-2.0.16.tar.gz","archive_sha256":"a51a4f9
375097f94df1c6e0a49c0374440d31ab026b59d58a7e7660675879db4","published":"2023-02
-22T20:37:59.180203Z"},{"version":"2.0.17","pubspec":{"name":"shared_preference
s_android","description":"Android implementation of the shared_preferences plug
in","repository":"https://github.com/flutter/packages/tree/main/packages/shared
_preferences/shared_preferences_android","issue_tracker":"https://github.com/fl
utter/flutter/issues?q=is%3Aissue+is%3Aopen+label%3A%22p%3A+shared_preferences%
22","version":"2.0.17","environment":{"sdk":">=2.17.0 <3.0.0","flutter":">=3.0.
0"},"flutter":{"plugin":{"implements":"shared_preferences","platforms":{"androi
d":{"package":"io.flutter.plugins.sharedpreferences","pluginClass":"SharedPrefe
rencesPlugin","dartPluginClass":"SharedPreferencesAndroid"}}}},"dependencies":{
"flutter":{"sdk":"flutter"},"shared_preferences_platform_interface":"^2.0.0"},"
dev_dependencies":{"flutter_test":{"sdk":"flutter"}}},"archive_url":"https://pu
b.dev/api/archives/shared_preferences_android-2.0.17.tar.gz","archive_sha256":"
ad423a80fe7b4e48b50d6111b3ea1027af0e959e49d485712e134863d9c1c521","published":"
2023-03-08T18:26:20.544671Z"},{"version":"2.1.0","pubspec":{"name":"shared_pref
erences_android","description":"Android implementation of the 
shared_preferences plugin","repository":"https://github.com/flutter/packages/tr
ee/main/packages/shared_preferences/shared_preferences_android","issue_tracker"
:"https://github.com/flutter/flutter/issues?q=is%3Aissue+is%3Aopen+label%3A%22p
%3A+shared_preferences%22","version":"2.1.0","environment":{"sdk":">=2.17.0 <4.
0.0","flutter":">=3.0.0"},"flutter":{"plugin":{"implements":"shared_preferences
","platforms":{"android":{"package":"io.flutter.plugins.sharedpreferences","plu
ginClass":"SharedPreferencesPlugin","dartPluginClass":"SharedPreferencesAndroid
"}}}},"dependencies":{"flutter":{"sdk":"flutter"},"shared_preferences_platform_
interface":"^2.2.0"},"dev_dependencies":{"flutter_test":{"sdk":"flutter"}}},"ar
chive_url":"https://pub.dev/api/archives/shared_preferences_android-2.1.0.tar.g
z","archive_sha256":"8304d8a1f7d21a429f91dee552792249362b68a331ac5c3c1caf370f65
8873f6","published":"2023-03-31T14:49:32.914980Z"},{"version":"2.1.1","retracte
d":true,"pubspec":{"name":"shared_preferences_android","description":"Android 
implementation of the shared_preferences plugin","repository":"https://github.c
om/flutter/packages/tree/main/packages/shared_preferences/shared_preferences_an
droid","issue_tracker":"https://github.com/flutter/flutter/issues?q=is%3Aissue+
is%3Aopen+label%3A%22p%3A+shared_preferences%22","version":"2.1.1","environment
":{"sdk":">=2.17.0 <4.0.0","flutter":">=3.0.0"},"flutter":{"plugin":{"implement
s":"shared_preferences","platforms":{"android":{"package":"io.flutter.plugins.s
haredpreferences","pluginClass":"SharedPreferencesPlugin","dartPluginClass":"Sh
aredPreferencesAndroid"}}}},"dependencies":{"flutter":{"sdk":"flutter"},"shared
_preferences_platform_interface":"^2.2.0"},"dev_dependencies":{"flutter_test":{
"sdk":"flutter"},"pigeon":"^9.2.3"}},"archive_url":"https://pub.dev/api/archive
s/shared_preferences_android-2.1.1.tar.gz","archive_sha256":"1bc5d734b109c327b9
22b0891b41fc51483ccbd53c0d19952b7e230349a5d90b","published":"2023-04-13T19:33:5
4.985681Z"},{"version":"2.1.2","pubspec":{"name":"shared_preferences_android","
description":"Android implementation of the shared_preferences plugin","reposit
ory":"https://github.com/flutter/packages/tree/main/packages/shared_preferences
/shared_preferences_android","issue_tracker":"https://github.com/flutter/flutte
r/issues?q=is%3Aissue+is%3Aopen+label%3A%22p%3A+shared_preferences%22","version
":"2.1.2","environment":{"sdk":">=2.17.0 <4.0.0","flutter":">=3.0.0"},"flutter"
:{"plugin":{"implements":"shared_preferences","platforms":{"android":{"package"
:"io.flutter.plugins.sharedpreferences","pluginClass":"SharedPreferencesPlugin"
,"dartPluginClass":"SharedPreferencesAndroid"}}}},"dependencies":{"flutter":{"s
dk":"flutter"},"shared_preferences_platform_interface":"^2.2.0"},"dev_dependenc
ies":{"flutter_test":{"sdk":"flutter"},"pigeon":"^9.2.3"}},"archive_url":"https
://pub.dev/api/archives/shared_preferences_android-2.1.2.tar.gz","archive_sha25
6":"7fa90471a6875d26ad78c7e4a675874b2043874586891128dc5899662c97db46","publishe
d":"2023-04-14T18:24:25.464760Z"},{"version":"2.1.3","pubspec":{"name":"shared_
preferences_android","description":"Android implementation of the 
shared_preferences plugin","repository":"https://github.com/flutter/packages/tr
ee/main/packages/shared_preferences/shared_preferences_android","issue_tracker"
:"https://github.com/flutter/flutter/issues?q=is%3Aissue+is%3Aopen+label%3A%22p
%3A+shared_preferences%22","version":"2.1.3","environment":{"sdk":">=2.17.0 <4.
0.0","flutter":">=3.0.0"},"flutter":{"plugin":{"implements":"shared_preferences
","platforms":{"android":{"package":"io.flutter.plugins.sharedpreferences","plu
ginClass":"SharedPreferencesPlugin","dartPluginClass":"SharedPreferencesAndroid
"}}}},"dependencies":{"flutter":{"sdk":"flutter"},"shared_preferences_platform_
interface":"^2.2.0"},"dev_dependencies":{"flutter_test":{"sdk":"flutter"},"pige
on":"^9.2.3"}},"archive_url":"https://pub.dev/api/archives/shared_preferences_a
ndroid-2.1.3.tar.gz","archive_sha256":"5d7b3bd0400bdd0c03e59a3d3d5314651141a145
b58196cd9018b12a2adc0c1b","published":"2023-04-26T19:15:05.292098Z"},{"version"
:"2.1.4","pubspec":{"name":"shared_preferences_android","description":"Android 
implementation of the shared_preferences plugin","repository":"https://github.c
om/flutter/packages/tree/main/packages/shared_preferences/shared_preferences_an
droid","issue_tracker":"https://github.com/flutter/flutter/issues?q=is%3Aissue+
is%3Aopen+label%3A%22p%3A+shared_preferences%22","version":"2.1.4","environment
":{"sdk":">=2.17.0 <4.0.0","flutter":">=3.0.0"},"flutter":{"plugin":{"implement
s":"shared_preferences","platforms":{"android":{"package":"io.flutter.plugins.s
haredpreferences","pluginClass":"SharedPreferencesPlugin","dartPluginClass":"Sh
aredPreferencesAndroid"}}}},"dependencies":{"flutter":{"sdk":"flutter"},"shared
_preferences_platform_interface":"^2.2.0"},"dev_dependencies":{"flutter_test":{
"sdk":"flutter"},"pigeon":"^9.2.3"}},"archive_url":"https://pub.dev/api/archive
s/shared_preferences_android-2.1.4.tar.gz","archive_sha256":"6478c6bbbecfe9aced
34c483171e90d7c078f5883558b30ec3163cf18402c749","published":"2023-04-28T03:16:4
4.271065Z"},{"version":"2.2.0","pubspec":{"name":"shared_preferences_android","
description":"Android implementation of the shared_preferences plugin","reposit
ory":"https://github.com/flutter/packages/tree/main/packages/shared_preferences
/shared_preferences_android","issue_tracker":"https://github.com/flutter/flutte
r/issues?q=is%3Aissue+is%3Aopen+label%3A%22p%3A+shared_preferences%22","version
":"2.2.0","environment":{"sdk":">=2.18.0 <4.0.0","flutter":">=3.3.0"},"flutter"
:{"plugin":{"implements":"shared_preferences","platforms":{"android":{"package"
:"io.flutter.plugins.sharedpreferences","pluginClass":"SharedPreferencesPlugin"
,"dartPluginClass":"SharedPreferencesAndroid"}}}},"dependencies":{"flutter":{"s
dk":"flutter"},"shared_preferences_platform_interface":"^2.3.0"},"dev_dependenc
ies":{"flutter_test":{"sdk":"flutter"},"pigeon":"^9.2.3"}},"archive_url":"https
://pub.dev/api/archives/shared_preferences_android-2.2.0.tar.gz","archive_sha25
6":"fe8401ec5b6dcd739a0fe9588802069e608c3fdbfd3c3c93e546cf2f90438076","publishe
d":"2023-06-29T18:34:00.469260Z"},{"version":"2.2.1","pubspec":{"name":"shared_
preferences_android","description":"Android implementation of the 
shared_preferences plugin","repository":"https://github.com/flutter/packages/tr
ee/main/packages/shared_preferences/shared_preferences_android","issue_tracker"
:"https://github.com/flutter/flutter/issues?q=is%3Aissue+is%3Aopen+label%3A%22p
%3A+shared_preferences%22","version":"2.2.1","environment":{"sdk":">=2.19.0 <4.
0.0","flutter":">=3.7.0"},"flutter":{"plugin":{"implements":"shared_preferences
","platforms":{"android":{"package":"io.flutter.plugins.sharedpreferences","plu
ginClass":"SharedPreferencesPlugin","dartPluginClass":"SharedPreferencesAndroid
"}}}},"dependencies":{"flutter":{"sdk":"flutter"},"shared_preferences_platform_
interface":"^2.3.0"},"dev_dependencies":{"flutter_test":{"sdk":"flutter"},"pige
on":"^9.2.3"},"topics":["persistence","shared-preferences","storage"]},"archive
_url":"https://pub.dev/api/archives/shared_preferences_android-2.2.1.tar.gz","a
rchive_sha256":"8568a389334b6e83415b6aae55378e158fbc2314e074983362d20c562780fb0
6","published":"2023-08-30T15:16:31.017127Z"},{"version":"2.2.2","pubspec":{"na
me":"shared_preferences_android","description":"Android implementation of the 
shared_preferences plugin","repository":"https://github.com/flutter/packages/tr
ee/main/packages/shared_preferences/shared_preferences_android","issue_tracker"
:"https://github.com/flutter/flutter/issues?q=is%3Aissue+is%3Aopen+label%3A%22p
%3A+shared_preferences%22","version":"2.2.2","environment":{"sdk":"^3.2.0","flu
tter":">=3.16.0"},"flutter":{"plugin":{"implements":"shared_preferences","platf
orms":{"android":{"package":"io.flutter.plugins.sharedpreferences","pluginClass
":"SharedPreferencesPlugin","dartPluginClass":"SharedPreferencesAndroid"}}}},"d
ependencies":{"flutter":{"sdk":"flutter"},"shared_preferences_platform_interfac
e":"^2.3.0"},"dev_dependencies":{"flutter_test":{"sdk":"flutter"},"pigeon":"^9.
2.3"},"topics":["persistence","shared-preferences","storage"]},"archive_url":"h
ttps://pub.dev/api/archives/shared_preferences_android-2.2.2.tar.gz","archive_s
ha256":"1ee8bf911094a1b592de7ab29add6f826a7331fb854273d55918693d5364a1f2","publ
ished":"2024-04-12T19:49:37.358476Z"},{"version":"2.2.3","pubspec":{"name":"sha
red_preferences_android","description":"Android implementation of the 
shared_preferences plugin","repository":"https://github.com/flutter/packages/tr
ee/main/packages/shared_preferences/shared_preferences_android","issue_tracker"
:"https://github.com/flutter/flutter/issues?q=is%3Aissue+is%3Aopen+label%3A%22p
%3A+shared_preferences%22","version":"2.2.3","environment":{"sdk":"^3.4.0","flu
tter":">=3.22.0"},"flutter":{"plugin":{"implements":"shared_preferences","platf
orms":{"android":{"package":"io.flutter.plugins.sharedpreferences","pluginClass
":"SharedPreferencesPlugin","dartPluginClass":"SharedPreferencesAndroid"}}}},"d
ependencies":{"flutter":{"sdk":"flutter"},"shared_preferences_platform_interfac
e":"^2.3.0"},"dev_dependencies":{"flutter_test":{"sdk":"flutter"},"pigeon":"^9.
2.3"},"topics":["persistence","shared-preferences","storage"]},"archive_url":"h
ttps://pub.dev/api/archives/shared_preferences_android-2.2.3.tar.gz","archive_s
ha256":"93d0ec9dd902d85f326068e6a899487d1f65ffcd5798721a95330b26c8131577","publ
ished":"2024-05-28T19:13:01.658134Z"},{"version":"2.2.4","pubspec":{"name":"sha
red_preferences_android","description":"Android implementation of the 
shared_preferences plugin","repository":"https://github.com/flutter/packages/tr
ee/main/packages/shared_preferences/shared_preferences_android","issue_tracker"
:"https://github.com/flutter/flutter/issues?q=is%3Aissue+is%3Aopen+label%3A%22p
%3A+shared_preferences%22","version":"2.2.4","environment":{"sdk":"^3.4.0","flu
tter":">=3.22.0"},"flutter":{"plugin":{"implements":"shared_preferences","platf
orms":{"android":{"package":"io.flutter.plugins.sharedpreferences","pluginClass
":"SharedPreferencesPlugin","dartPluginClass":"SharedPreferencesAndroid"}}}},"d
ependencies":{"flutter":{"sdk":"flutter"},"shared_preferences_platform_interfac
e":"^2.3.0"},"dev_dependencies":{"flutter_test":{"sdk":"flutter"},"pigeon":"^9.
2.3"},"topics":["persistence","shared-preferences","storage"]},"archive_url":"h
ttps://pub.dev/api/archives/shared_preferences_android-2.2.4.tar.gz","archive_s
ha256":"3d4571b3c5eb58ce52a419d86e655493d0bc3020672da79f72fa0c16ca3a8ec1","publ
ished":"2024-07-26T15:07:01.199648Z"},{"version":"2.3.0","pubspec":{"name":"sha
red_preferences_android","description":"Android implementation of the 
shared_preferences plugin","repository":"https://github.com/flutter/packages/tr
ee/main/packages/shared_preferences/shared_preferences_android","issue_tracker"
:"https://github.com/flutter/flutter/issues?q=is%3Aissue+is%3Aopen+label%3A%22p
%3A+shared_preferences%22","version":"2.3.0","environment":{"sdk":"^3.4.0","flu
tter":">=3.22.0"},"flutter":{"plugin":{"implements":"shared_preferences","platf
orms":{"android":{"package":"io.flutter.plugins.sharedpreferences","pluginClass
":"SharedPreferencesPlugin","dartPluginClass":"SharedPreferencesAndroid"}}}},"d
ependencies":{"flutter":{"sdk":"flutter"},"shared_preferences_platform_interfac
e":"^2.4.0"},"dev_dependencies":{"flutter_test":{"sdk":"flutter"},"pigeon":"^16
.0.4"},"topics":["persistence","shared-preferences","storage"]},"archive_url":"
https://pub.dev/api/archives/shared_preferences_android-2.3.0.tar.gz","archive_
sha256":"041be4d9d2dc6079cf342bc8b761b03787e3b71192d658220a56cac9c04a0294","pub
lished":"2024-07-30T18:17:51.946800Z"},{"version":"2.3.1","pubspec":{"name":"sh
ared_preferences_android","description":"Android implementation of the 
shared_preferences plugin","repository":"https://github.com/flutter/packages/tr
ee/main/packages/shared_preferences/shared_preferences_android","issue_tracker"
:"https://github.com/flutter/flutter/issues?q=is%3Aissue+is%3Aopen+label%3A%22p
%3A+shared_preferences%22","version":"2.3.1","environment":{"sdk":"^3.4.0","flu
tter":">=3.22.0"},"flutter":{"plugin":{"implements":"shared_preferences","platf
orms":{"android":{"package":"io.flutter.plugins.sharedpreferences","pluginClass
":"SharedPreferencesPlugin","dartPluginClass":"SharedPreferencesAndroid"}}}},"d
ependencies":{"flutter":{"sdk":"flutter"},"shared_preferences_platform_interfac
e":"^2.4.0"},"dev_dependencies":{"flutter_test":{"sdk":"flutter"},"pigeon":"^16
.0.4"},"topics":["persistence","shared-preferences","storage"]},"archive_url":"
https://pub.dev/api/archives/shared_preferences_android-2.3.1.tar.gz","archive_
sha256":"a7e8467e9181cef109f601e3f65765685786c1a738a83d7fbbde377589c0d974","pub
lished":"2024-08-09T20:32:18.430327Z"},{"version":"2.3.2","pubspec":{"name":"sh
ared_preferences_android","description":"Android implementation of the 
shared_preferences plugin","repository":"https://github.com/flutter/packages/tr
ee/main/packages/shared_preferences/shared_preferences_android","issue_tracker"
:"https://github.com/flutter/flutter/issues?q=is%3Aissue+is%3Aopen+label%3A%22p
%3A+shared_preferences%22","version":"2.3.2","environment":{"sdk":"^3.4.0","flu
tter":">=3.22.0"},"flutter":{"plugin":{"implements":"shared_preferences","platf
orms":{"android":{"package":"io.flutter.plugins.sharedpreferences","pluginClass
":"SharedPreferencesPlugin","dartPluginClass":"SharedPreferencesAndroid"}}}},"d
ependencies":{"flutter":{"sdk":"flutter"},"shared_preferences_platform_interfac
e":"^2.4.0"},"dev_dependencies":{"flutter_test":{"sdk":"flutter"},"pigeon":"^16
.0.4"},"topics":["persistence","shared-preferences","storage"]},"archive_url":"
https://pub.dev/api/archives/shared_preferences_android-2.3.2.tar.gz","archive_
sha256":"480ba4345773f56acda9abf5f50bd966f581dac5d514e5fc4a18c62976bbba7e","pub
lished":"2024-08-25T10:30:04.567730Z"},{"version":"2.3.3","pubspec":{"name":"sh
ared_preferences_android","description":"Android implementation of the 
shared_preferences plugin","repository":"https://github.com/flutter/packages/tr
ee/main/packages/shared_preferences/shared_preferences_android","issue_tracker"
:"https://github.com/flutter/flutter/issues?q=is%3Aissue+is%3Aopen+label%3A%22p
%3A+shared_preferences%22","version":"2.3.3","environment":{"sdk":"^3.5.0","flu
tter":">=3.24.0"},"flutter":{"plugin":{"implements":"shared_preferences","platf
orms":{"android":{"package":"io.flutter.plugins.sharedpreferences","pluginClass
":"SharedPreferencesPlugin","dartPluginClass":"SharedPreferencesAndroid"}}}},"d
ependencies":{"flutter":{"sdk":"flutter"},"shared_preferences_platform_interfac
e":"^2.4.0"},"dev_dependencies":{"flutter_test":{"sdk":"flutter"},"pigeon":"^16
.0.4"},"topics":["persistence","shared-preferences","storage"]},"archive_url":"
https://pub.dev/api/archives/shared_preferences_android-2.3.3.tar.gz","archive_
sha256":"3b9febd815c9ca29c9e3520d50ec32f49157711e143b7a4ca039eb87e8ade5ab","pub
lished":"2024-10-05T21:22:52.327792Z"},{"version":"2.3.4","pubspec":{"name":"sh
ared_preferences_android","description":"Android implementation of the 
shared_preferences plugin","repository":"https://github.com/flutter/packages/tr
ee/main/packages/shared_preferences/shared_preferences_android","issue_tracker"
:"https://github.com/flutter/flutter/issues?q=is%3Aissue+is%3Aopen+label%3A%22p
%3A+shared_preferences%22","version":"2.3.4","environment":{"sdk":"^3.5.0","flu
tter":">=3.24.0"},"flutter":{"plugin":{"implements":"shared_preferences","platf
orms":{"android":{"package":"io.flutter.plugins.sharedpreferences","pluginClass
":"SharedPreferencesPlugin","dartPluginClass":"SharedPreferencesAndroid"}}}},"d
ependencies":{"flutter":{"sdk":"flutter"},"shared_preferences_platform_interfac
e":"^2.4.0"},"dev_dependencies":{"flutter_test":{"sdk":"flutter"},"pigeon":"^16
.0.4"},"topics":["persistence","shared-preferences","storage"]},"archive_url":"
https://pub.dev/api/archives/shared_preferences_android-2.3.4.tar.gz","archive_
sha256":"7f172d1b06de5da47b6264c2692ee2ead20bbbc246690427cdb4fc301cd0c549","pub
lished":"2024-12-02T19:52:10.560664Z"},{"version":"2.4.0","pubspec":{"name":"sh
ared_preferences_android","description":"Android implementation of the 
shared_preferences plugin","repository":"https://github.com/flutter/packages/tr
ee/main/packages/shared_preferences/shared_preferences_android","issue_tracker"
:"https://github.com/flutter/flutter/issues?q=is%3Aissue+is%3Aopen+label%3A%22p
%3A+shared_preferences%22","version":"2.4.0","environment":{"sdk":"^3.5.0","flu
tter":">=3.24.0"},"flutter":{"plugin":{"implements":"shared_preferences","platf
orms":{"android":{"package":"io.flutter.plugins.sharedpreferences","pluginClass
":"SharedPreferencesPlugin","dartPluginClass":"SharedPreferencesAndroid"}}}},"d
ependencies":{"flutter":{"sdk":"flutter"},"shared_preferences_platform_interfac
e":"^2.4.0"},"dev_dependencies":{"flutter_test":{"sdk":"flutter"},"pigeon":"^22
.6.0"},"topics":["persistence","shared-preferences","storage"]},"archive_url":"
https://pub.dev/api/archives/shared_preferences_android-2.4.0.tar.gz","archive_
sha256":"02a7d8a9ef346c9af715811b01fbd8e27845ad2c41148eefd31321471b41863d","pub
lished":"2024-12-13T17:04:50.294641Z"},{"version":"2.4.1","pubspec":{"name":"sh
ared_preferences_android","description":"Android implementation of the 
shared_preferences plugin","repository":"https://github.com/flutter/packages/tr
ee/main/packages/shared_preferences/shared_preferences_android","issue_tracker"
:"https://github.com/flutter/flutter/issues?q=is%3Aissue+is%3Aopen+label%3A%22p
%3A+shared_preferences%22","version":"2.4.1","environment":{"sdk":"^3.5.0","flu
tter":">=3.24.0"},"flutter":{"plugin":{"implements":"shared_preferences","platf
orms":{"android":{"package":"io.flutter.plugins.sharedpreferences","pluginClass
":"SharedPreferencesPlugin","dartPluginClass":"SharedPreferencesAndroid"}}}},"d
ependencies":{"flutter":{"sdk":"flutter"},"shared_preferences_platform_interfac
e":"^2.4.0"},"dev_dependencies":{"flutter_test":{"sdk":"flutter"},"pigeon":"^22
.6.0"},"topics":["persistence","shared-preferences","storage"]},"archive_url":"
https://pub.dev/api/archives/shared_preferences_android-2.4.1.tar.gz","archive_
sha256":"bf808be89fe9dc467475e982c1db6c2faf3d2acf54d526cd5ec37d86c99dbd84","pub
lished":"2025-01-10T18:05:27.291899Z"},{"version":"2.4.2","pubspec":{"name":"sh
ared_preferences_android","description":"Android implementation of the 
shared_preferences plugin","repository":"https://github.com/flutter/packages/tr
ee/main/packages/shared_preferences/shared_preferences_android","issue_tracker"
:"https://github.com/flutter/flutter/issues?q=is%3Aissue+is%3Aopen+label%3A%22p
%3A+shared_preferences%22","version":"2.4.2","environment":{"sdk":"^3.5.0","flu
tter":">=3.24.0"},"flutter":{"plugin":{"implements":"shared_preferences","platf
orms":{"android":{"package":"io.flutter.plugins.sharedpreferences","pluginClass
":"SharedPreferencesPlugin","dartPluginClass":"SharedPreferencesAndroid"}}}},"d
ependencies":{"flutter":{"sdk":"flutter"},"shared_preferences_platform_interfac
e":"^2.4.0"},"dev_dependencies":{"flutter_test":{"sdk":"flutter"},"pigeon":"^22
.6.0"},"topics":["persistence","shared-preferences","storage"]},"archive_url":"
https://pub.dev/api/archives/shared_preferences_android-2.4.2.tar.gz","archive_
sha256":"138b7bbbc7f59c56236e426c37afb8f78cbc57b094ac64c440e0bb90e380a4f5","pub
lished":"2025-01-17T20:15:28.043613Z"},{"version":"2.4.3","pubspec":{"name":"sh
ared_preferences_android","description":"Android implementation of the 
shared_preferences plugin","repository":"https://github.com/flutter/packages/tr
ee/main/packages/shared_preferences/shared_preferences_android","issue_tracker"
:"https://github.com/flutter/flutter/issues?q=is%3Aissue+is%3Aopen+label%3A%22p
%3A+shared_preferences%22","version":"2.4.3","environment":{"sdk":"^3.5.0","flu
tter":">=3.24.0"},"flutter":{"plugin":{"implements":"shared_preferences","platf
orms":{"android":{"package":"io.flutter.plugins.sharedpreferences","pluginClass
":"SharedPreferencesPlugin","dartPluginClass":"SharedPreferencesAndroid"}}}},"d
ependencies":{"flutter":{"sdk":"flutter"},"shared_preferences_platform_interfac
e":"^2.4.0"},"dev_dependencies":{"flutter_test":{"sdk":"flutter"},"pigeon":"^22
.7.2"},"topics":["persistence","shared-preferences","storage"]},"archive_url":"
https://pub.dev/api/archives/shared_preferences_android-2.4.3.tar.gz","archive_
sha256":"986dc7b7d14f38064bfa85ace28df1f1a66d4fba32e4b1079d4ea537d9541b01","pub
lished":"2025-01-24T22:19:04.608377Z"},{"version":"2.4.4","pubspec":{"name":"sh
ared_preferences_android","description":"Android implementation of the 
shared_preferences plugin","repository":"https://github.com/flutter/packages/tr
ee/main/packages/shared_preferences/shared_preferences_android","issue_tracker"
:"https://github.com/flutter/flutter/issues?q=is%3Aissue+is%3Aopen+label%3A%22p
%3A+shared_preferences%22","version":"2.4.4","environment":{"sdk":"^3.5.0","flu
tter":">=3.24.0"},"flutter":{"plugin":{"implements":"shared_preferences","platf
orms":{"android":{"package":"io.flutter.plugins.sharedpreferences","pluginClass
":"SharedPreferencesPlugin","dartPluginClass":"SharedPreferencesAndroid"}}}},"d
ependencies":{"flutter":{"sdk":"flutter"},"shared_preferences_platform_interfac
e":"^2.4.0"},"dev_dependencies":{"flutter_test":{"sdk":"flutter"},"pigeon":"^22
.7.2"},"topics":["persistence","shared-preferences","storage"]},"archive_url":"
https://pub.dev/api/archives/shared_preferences_android-2.4.4.tar.gz","archive_
sha256":"650584dcc0a39856f369782874e562efd002a9c94aec032412c9eb81419cce1f","pub
lished":"2025-01-27T23:52:51.500917Z"},{"version":"2.4.5","pubspec":{"name":"sh
ared_preferences_android","description":"Android implementation of the 
shared_preferences plugin","repository":"https://github.com/flutter/packages/tr
ee/main/packages/shared_preferences/shared_preferences_android","issue_tracker"
:"https://github.com/flutter/flutter/issues?q=is%3Aissue+is%3Aopen+label%3A%22p
%3A+shared_preferences%22","version":"2.4.5","environment":{"sdk":"^3.5.0","flu
tter":">=3.24.0"},"flutter":{"plugin":{"implements":"shared_preferences","platf
orms":{"android":{"package":"io.flutter.plugins.sharedpreferences","pluginClass
":"SharedPreferencesPlugin","dartPluginClass":"SharedPreferencesAndroid"}}}},"d
ependencies":{"flutter":{"sdk":"flutter"},"shared_preferences_platform_interfac
e":"^2.4.0"},"dev_dependencies":{"flutter_test":{"sdk":"flutter"},"pigeon":"^22
.7.2"},"topics":["persistence","shared-preferences","storage"]},"archive_url":"
https://pub.dev/api/archives/shared_preferences_android-2.4.5.tar.gz","archive_
sha256":"ea86be7b7114f9e94fddfbb52649e59a03d6627ccd2387ebddcd6624719e9f16","pub
lished":"2025-02-11T02:18:59.064671Z"},{"version":"2.4.6","pubspec":{"name":"sh
ared_preferences_android","description":"Android implementation of the 
shared_preferences plugin","repository":"https://github.com/flutter/packages/tr
ee/main/packages/shared_preferences/shared_preferences_android","issue_tracker"
:"https://github.com/flutter/flutter/issues?q=is%3Aissue+is%3Aopen+label%3A%22p
%3A+shared_preferences%22","version":"2.4.6","environment":{"sdk":"^3.5.0","flu
tter":">=3.24.0"},"flutter":{"plugin":{"implements":"shared_preferences","platf
orms":{"android":{"package":"io.flutter.plugins.sharedpreferences","pluginClass
":"SharedPreferencesPlugin","dartPluginClass":"SharedPreferencesAndroid"}}}},"d
ependencies":{"flutter":{"sdk":"flutter"},"shared_preferences_platform_interfac
e":"^2.4.0"},"dev_dependencies":{"flutter_test":{"sdk":"flutter"},"pigeon":"^24
.2.0"},"topics":["persistence","shared-preferences","storage"]},"archive_url":"
https://pub.dev/api/archives/shared_preferences_android-2.4.6.tar.gz","archive_
sha256":"a768fc8ede5f0c8e6150476e14f38e2417c0864ca36bb4582be8e21925a03c22","pub
lished":"2025-02-19T00:16:28.590846Z"},{"version":"2.4.7","pubspec":{"name":"sh
ared_preferences_android","description":"Android implementation of the 
shared_preferences plugin","repository":"https://github.com/flutter/packages/tr
ee/main/packages/shared_preferences/shared_preferences_android","issue_tracker"
:"https://github.com/flutter/flutter/issues?q=is%3Aissue+is%3Aopen+label%3A%22p
%3A+shared_preferences%22","version":"2.4.7","environment":{"sdk":"^3.5.0","flu
tter":">=3.24.0"},"flutter":{"plugin":{"implements":"shared_preferences","platf
orms":{"android":{"package":"io.flutter.plugins.sharedpreferences","pluginClass
":"SharedPreferencesPlugin","dartPluginClass":"SharedPreferencesAndroid"}}}},"d
ependencies":{"flutter":{"sdk":"flutter"},"shared_preferences_platform_interfac
e":"^2.4.0"},"dev_dependencies":{"flutter_test":{"sdk":"flutter"},"pigeon":"^24
.2.0"},"topics":["persistence","shared-preferences","storage"]},"archive_url":"
https://pub.dev/api/archives/shared_preferences_android-2.4.7.tar.gz","archive_
sha256":"9f9f3d372d4304723e6136663bb291c0b93f5e4c8a4a6314347f481a33bda2b1","pub
lished":"2025-03-05T16:17:58.723671Z"},{"version":"2.4.8","pubspec":{"name":"sh
ared_preferences_android","description":"Android implementation of the 
shared_preferences plugin","repository":"https://github.com/flutter/packages/tr
ee/main/packages/shared_preferences/shared_preferences_android","issue_tracker"
:"https://github.com/flutter/flutter/issues?q=is%3Aissue+is%3Aopen+label%3A%22p
%3A+shared_preferences%22","version":"2.4.8","environment":{"sdk":"^3.6.0","flu
tter":">=3.27.0"},"flutter":{"plugin":{"implements":"shared_preferences","platf
orms":{"android":{"package":"io.flutter.plugins.sharedpreferences","pluginClass
":"SharedPreferencesPlugin","dartPluginClass":"SharedPreferencesAndroid"}}}},"d
ependencies":{"flutter":{"sdk":"flutter"},"shared_preferences_platform_interfac
e":"^2.4.0"},"dev_dependencies":{"flutter_test":{"sdk":"flutter"},"pigeon":"^24
.2.0"},"topics":["persistence","shared-preferences","storage"]},"archive_url":"
https://pub.dev/api/archives/shared_preferences_android-2.4.8.tar.gz","archive_
sha256":"3ec7210872c4ba945e3244982918e502fa2bfb5230dff6832459ca0e1879b7ad","pub
lished":"2025-03-06T16:34:44.540813Z"},{"version":"2.4.9","pubspec":{"name":"sh
ared_preferences_android","description":"Android implementation of the 
shared_preferences plugin","repository":"https://github.com/flutter/packages/tr
ee/main/packages/shared_preferences/shared_preferences_android","issue_tracker"
:"https://github.com/flutter/flutter/issues?q=is%3Aissue+is%3Aopen+label%3A%22p
%3A+shared_preferences%22","version":"2.4.9","environment":{"sdk":"^3.6.0","flu
tter":">=3.27.0"},"flutter":{"plugin":{"implements":"shared_preferences","platf
orms":{"android":{"package":"io.flutter.plugins.sharedpreferences","pluginClass
":"SharedPreferencesPlugin","dartPluginClass":"SharedPreferencesAndroid"}}}},"d
ependencies":{"flutter":{"sdk":"flutter"},"shared_preferences_platform_interfac
e":"^2.4.0"},"dev_dependencies":{"flutter_test":{"sdk":"flutter"},"pigeon":"^24
.2.0"},"topics":["persistence","shared-preferences","storage"]},"archive_url":"
https://pub.dev/api/archives/shared_preferences_android-2.4.9.tar.gz","archive_
sha256":"c2c8c46297b5d6a80bed7741ec1f2759742c77d272f1a1698176ae828f8e1a18","pub
lished":"2025-04-09T18:29:49.433721Z"},{"version":"2.4.10","pubspec":{"name":"s
hared_preferences_android","description":"Android implementation of the 
shared_preferences plugin","repository":"https://github.com/flutter/packages/tr
ee/main/packages/shared_preferences/shared_preferences_android","issue_tracker"
:"https://github.com/flutter/flutter/issues?q=is%3Aissue+is%3Aopen+label%3A%22p
%3A+shared_preferences%22","version":"2.4.10","environment":{"sdk":"^3.6.0","fl
utter":">=3.27.0"},"flutter":{"plugin":{"implements":"shared_preferences","plat
forms":{"android":{"package":"io.flutter.plugins.sharedpreferences","pluginClas
s":"SharedPreferencesPlugin","dartPluginClass":"SharedPreferencesAndroid"}}}},"
dependencies":{"flutter":{"sdk":"flutter"},"shared_preferences_platform_interfa
ce":"^2.4.0"},"dev_dependencies":{"flutter_test":{"sdk":"flutter"},"pigeon":"^2
4.2.0"},"topics":["persistence","shared-preferences","storage"]},"archive_url":
"https://pub.dev/api/archives/shared_preferences_android-2.4.10.tar.gz","archiv
e_sha256":"20cbd561f743a342c76c151d6ddb93a9ce6005751e7aa458baad3858bfbfb6ac","p
ublished":"2025-04-19T16:19:17.442838Z"},{"version":"2.4.11","pubspec":{"name":
"shared_preferences_android","description":"Android implementation of the 
shared_preferences plugin","repository":"https://github.com/flutter/packages/tr
ee/main/packages/shared_preferences/shared_preferences_android","issue_tracker"
:"https://github.com/flutter/flutter/issues?q=is%3Aissue+is%3Aopen+label%3A%22p
%3A+shared_preferences%22","version":"2.4.11","environment":{"sdk":"^3.6.0","fl
utter":">=3.27.0"},"flutter":{"plugin":{"implements":"shared_preferences","plat
forms":{"android":{"package":"io.flutter.plugins.sharedpreferences","pluginClas
s":"SharedPreferencesPlugin","dartPluginClass":"SharedPreferencesAndroid"}}}},"
dependencies":{"flutter":{"sdk":"flutter"},"shared_preferences_platform_interfa
ce":"^2.4.0"},"dev_dependencies":{"flutter_test":{"sdk":"flutter"},"pigeon":"^2
4.2.0"},"topics":["persistence","shared-preferences","storage"]},"archive_url":
"https://pub.dev/api/archives/shared_preferences_android-2.4.11.tar.gz","archiv
e_sha256":"5bcf0772a761b04f8c6bf814721713de6f3e5d9d89caf8d3fe031b02a342379e","p
ublished":"2025-08-07T19:58:36.979359Z"},{"version":"2.4.12","pubspec":{"name":
"shared_preferences_android","description":"Android implementation of the 
shared_preferences plugin","repository":"https://github.com/flutter/packages/tr
ee/main/packages/shared_preferences/shared_preferences_android","issue_tracker"
:"https://github.com/flutter/flutter/issues?q=is%3Aissue+is%3Aopen+label%3A%22p
%3A+shared_preferences%22","version":"2.4.12","environment":{"sdk":"^3.7.0","fl
utter":">=3.29.0"},"flutter":{"plugin":{"implements":"shared_preferences","plat
forms":{"android":{"package":"io.flutter.plugins.sharedpreferences","pluginClas
s":"SharedPreferencesPlugin","dartPluginClass":"SharedPreferencesAndroid"}}}},"
dependencies":{"flutter":{"sdk":"flutter"},"shared_preferences_platform_interfa
ce":"^2.4.0"},"dev_dependencies":{"flutter_test":{"sdk":"flutter"},"pigeon":"^2
4.2.0"},"topics":["persistence","shared-preferences","storage"]},"archive_url":
"https://pub.dev/api/archives/shared_preferences_android-2.4.12.tar.gz","archiv
e_sha256":"a2608114b1ffdcbc9c120eb71a0e207c71da56202852d4aab8a5e30a82269e74","p
ublished":"2025-08-27T00:38:51.954130Z"},{"version":"2.4.13","pubspec":{"name":
"shared_preferences_android","description":"Android implementation of the 
shared_preferences plugin","repository":"https://github.com/flutter/packages/tr
ee/main/packages/shared_preferences/shared_preferences_android","issue_tracker"
:"https://github.com/flutter/flutter/issues?q=is%3Aissue+is%3Aopen+label%3A%22p
%3A+shared_preferences%22","version":"2.4.13","environment":{"sdk":"^3.7.0","fl
utter":">=3.29.0"},"flutter":{"plugin":{"implements":"shared_preferences","plat
forms":{"android":{"package":"io.flutter.plugins.sharedpreferences","pluginClas
s":"SharedPreferencesPlugin","dartPluginClass":"SharedPreferencesAndroid"}}}},"
dependencies":{"flutter":{"sdk":"flutter"},"shared_preferences_platform_interfa
ce":"^2.4.0"},"dev_dependencies":{"flutter_test":{"sdk":"flutter"},"pigeon":"^2
4.2.0"},"topics":["persistence","shared-preferences","storage"]},"archive_url":
"https://pub.dev/api/archives/shared_preferences_android-2.4.13.tar.gz","archiv
e_sha256":"bd14436108211b0d4ee5038689a56d4ae3620fd72fd6036e113bf1345bc74d9e","p
ublished":"2025-09-22T18:24:30.852426Z"},{"version":"2.4.14","pubspec":{"name":
"shared_preferences_android","description":"Android implementation of the 
shared_preferences plugin","repository":"https://github.com/flutter/packages/tr
ee/main/packages/shared_preferences/shared_preferences_android","issue_tracker"
:"https://github.com/flutter/flutter/issues?q=is%3Aissue+is%3Aopen+label%3A%22p
%3A+shared_preferences%22","version":"2.4.14","environment":{"sdk":"^3.9.0","fl
utter":">=3.35.0"},"flutter":{"plugin":{"implements":"shared_preferences","plat
forms":{"android":{"package":"io.flutter.plugins.sharedpreferences","pluginClas
s":"SharedPreferencesPlugin","dartPluginClass":"SharedPreferencesAndroid"}}}},"
dependencies":{"flutter":{"sdk":"flutter"},"shared_preferences_platform_interfa
ce":"^2.4.0"},"dev_dependencies":{"flutter_test":{"sdk":"flutter"},"pigeon":"^2
4.2.0"},"topics":["persistence","shared-preferences","storage"]},"archive_url":
"https://pub.dev/api/archives/shared_preferences_android-2.4.14.tar.gz","archiv
e_sha256":"0b0f98d535319cb5cdd4f65783c2a54ee6d417a2f093dbb18be3e36e4c3d181f","p
ublished":"2025-10-02T15:47:33.164974Z"},{"version":"2.4.15","pubspec":{"name":
"shared_preferences_android","description":"Android implementation of the 
shared_preferences plugin","repository":"https://github.com/flutter/packages/tr
ee/main/packages/shared_preferences/shared_preferences_android","issue_tracker"
:"https://github.com/flutter/flutter/issues?q=is%3Aissue+is%3Aopen+label%3A%22p
%3A+shared_preferences%22","version":"2.4.15","environment":{"sdk":"^3.9.0","fl
utter":">=3.35.0"},"flutter":{"plugin":{"implements":"shared_preferences","plat
forms":{"android":{"package":"io.flutter.plugins.sharedpreferences","pluginClas
s":"SharedPreferencesPlugin","dartPluginClass":"SharedPreferencesAndroid"}}}},"
dependencies":{"flutter":{"sdk":"flutter"},"shared_preferences_platform_interfa
ce":"^2.4.0"},"dev_dependencies":{"flutter_test":{"sdk":"flutter"},"pigeon":"^2
4.2.0"},"topics":["persistence","shared-preferences","storage"]},"archive_url":
"https://pub.dev/api/archives/shared_preferences_android-2.4.15.tar.gz","archiv
e_sha256":"34266009473bf71d748912da4bf62d439185226c03e01e2d9687bc65bbfcb713","p
ublished":"2025-10-08T18:26:26.492792Z"},{"version":"2.4.16","pubspec":{"name":
"shared_preferences_android","description":"Android implementation of the 
shared_preferences plugin","repository":"https://github.com/flutter/packages/tr
ee/main/packages/shared_preferences/shared_preferences_android","issue_tracker"
:"https://github.com/flutter/flutter/issues?q=is%3Aissue+is%3Aopen+label%3A%22p
%3A+shared_preferences%22","version":"2.4.16","environment":{"sdk":"^3.9.0","fl
utter":">=3.35.0"},"flutter":{"plugin":{"implements":"shared_preferences","plat
forms":{"android":{"package":"io.flutter.plugins.sharedpreferences","pluginClas
s":"SharedPreferencesPlugin","dartPluginClass":"SharedPreferencesAndroid"}}}},"
dependencies":{"flutter":{"sdk":"flutter"},"shared_preferences_platform_interfa
ce":"^2.4.0"},"dev_dependencies":{"flutter_test":{"sdk":"flutter"},"pigeon":"^2
6.1.0"},"topics":["persistence","shared-preferences","storage"]},"archive_url":
"https://pub.dev/api/archives/shared_preferences_android-2.4.16.tar.gz","archiv
e_sha256":"07d552dbe8e71ed720e5205e760438ff4ecfb76ec3b32ea664350e2ca4b0c43b","p
ublished":"2025-11-17T18:43:00.649533Z"},{"version":"2.4.17","pubspec":{"name":
"shared_preferences_android","description":"Android implementation of the 
shared_preferences plugin","repository":"https://github.com/flutter/packages/tr
ee/main/packages/shared_preferences/shared_preferences_android","issue_tracker"
:"https://github.com/flutter/flutter/issues?q=is%3Aissue+is%3Aopen+label%3A%22p
%3A+shared_preferences%22","version":"2.4.17","environment":{"sdk":"^3.9.0","fl
utter":">=3.35.0"},"flutter":{"plugin":{"implements":"shared_preferences","plat
forms":{"android":{"package":"io.flutter.plugins.sharedpreferences","pluginClas
s":"SharedPreferencesPlugin","dartPluginClass":"SharedPreferencesAndroid"}}}},"
dependencies":{"flutter":{"sdk":"flutter"},"shared_preferences_platform_interfa
ce":"^2.4.0"},"dev_dependencies":{"flutter_test":{"sdk":"flutter"},"pigeon":"^2
6.1.0"},"topics":["persistence","shared-preferences","storage"]},"archive_url":
"https://pub.dev/api/archives/shared_preferences_android-2.4.17.tar.gz","archiv
e_sha256":"46a46fd64659eff15f4638bbe19de43f9483f0e0bf024a9fb6b3582064bacc7b","p
ublished":"2025-11-21T19:34:24.792054Z"},{"version":"2.4.18","pubspec":{"name":
"shared_preferences_android","description":"Android implementation of the 
shared_preferences plugin","repository":"https://github.com/flutter/packages/tr
ee/main/packages/shared_preferences/shared_preferences_android","issue_tracker"
:"https://github.com/flutter/flutter/issues?q=is%3Aissue+is%3Aopen+label%3A%22p
%3A+shared_preferences%22","version":"2.4.18","environment":{"sdk":"^3.9.0","fl
utter":">=3.35.0"},"flutter":{"plugin":{"implements":"shared_preferences","plat
forms":{"android":{"package":"io.flutter.plugins.sharedpreferences","pluginClas
s":"SharedPreferencesPlugin","dartPluginClass":"SharedPreferencesAndroid"}}}},"
dependencies":{"flutter":{"sdk":"flutter"},"shared_preferences_platform_interfa
ce":"^2.4.0"},"dev_dependencies":{"flutter_test":{"sdk":"flutter"},"pigeon":"^2
6.1.0"},"topics":["persistence","shared-preferences","storage"]},"archive_url":
"https://pub.dev/api/archives/shared_preferences_android-2.4.18.tar.gz","archiv
e_sha256":"83af5c682796c0f7719c2bbf74792d113e40ae97981b8f266fa84574573556bc","p
ublished":"2025-12-01T18:36:49.195054Z"},{"version":"2.4.20","pubspec":{"name":
"shared_preferences_android","description":"Android implementation of the 
shared_preferences plugin","repository":"https://github.com/flutter/packages/tr
ee/main/packages/shared_preferences/shared_preferences_android","issue_tracker"
:"https://github.com/flutter/flutter/issues?q=is%3Aissue+is%3Aopen+label%3A%22p
%3A+shared_preferences%22","version":"2.4.20","environment":{"sdk":"^3.9.0","fl
utter":">=3.35.0"},"flutter":{"plugin":{"implements":"shared_preferences","plat
forms":{"android":{"package":"io.flutter.plugins.sharedpreferences","pluginClas
s":"SharedPreferencesPlugin","dartPluginClass":"SharedPreferencesAndroid"}}}},"
dependencies":{"flutter":{"sdk":"flutter"},"shared_preferences_platform_interfa
ce":"^2.4.0"},"dev_dependencies":{"flutter_test":{"sdk":"flutter"},"pigeon":"^2
6.1.0"},"topics":["persistence","shared-preferences","storage"]},"archive_url":
"https://pub.dev/api/archives/shared_preferences_android-2.4.20.tar.gz","archiv
e_sha256":"cbc40be9be1c5af4dab4d6e0de4d5d3729e6f3d65b89d21e1815d57705644a6f","p
ublished":"2026-01-26T23:38:38.477677Z"},{"version":"2.4.21","pubspec":{"name":
"shared_preferences_android","description":"Android implementation of the 
shared_preferences plugin","repository":"https://github.com/flutter/packages/tr
ee/main/packages/shared_preferences/shared_preferences_android","issue_tracker"
:"https://github.com/flutter/flutter/issues?q=is%3Aissue+is%3Aopen+label%3A%22p
%3A+shared_preferences%22","version":"2.4.21","environment":{"sdk":"^3.9.0","fl
utter":">=3.35.0"},"flutter":{"plugin":{"implements":"shared_preferences","plat
forms":{"android":{"package":"io.flutter.plugins.sharedpreferences","pluginClas
s":"SharedPreferencesPlugin","dartPluginClass":"SharedPreferencesAndroid"}}}},"
dependencies":{"flutter":{"sdk":"flutter"},"shared_preferences_platform_interfa
ce":"^2.4.0"},"dev_dependencies":{"flutter_test":{"sdk":"flutter"},"pigeon":"^2
6.1.0"},"topics":["persistence","shared-preferences","storage"]},"archive_url":
"https://pub.dev/api/archives/shared_preferences_android-2.4.21.tar.gz","archiv
e_sha256":"8374d6200ab33ac99031a852eba4c8eb2170c4bf20778b3e2c9eccb45384fb41","p
ublished":"2026-02-26T16:57:18.321843Z"},{"version":"2.4.22","pubspec":{"name":
"shared_preferences_android","description":"Android implementation of the 
shared_preferences plugin","repository":"https://github.com/flutter/packages/tr
ee/main/packages/shared_preferences/shared_preferences_android","issue_tracker"
:"https://github.com/flutter/flutter/issues?q=is%3Aissue+is%3Aopen+label%3A%22p
%3A+shared_preferences%22","version":"2.4.22","environment":{"sdk":"^3.9.0","fl
utter":">=3.35.0"},"flutter":{"plugin":{"implements":"shared_preferences","plat
forms":{"android":{"package":"io.flutter.plugins.sharedpreferences","pluginClas
s":"SharedPreferencesPlugin","dartPluginClass":"SharedPreferencesAndroid"}}}},"
dependencies":{"flutter":{"sdk":"flutter"},"shared_preferences_platform_interfa
ce":"^2.4.0"},"dev_dependencies":{"flutter_test":{"sdk":"flutter"},"pigeon":"^2
6.1.0"},"topics":["persistence","shared-preferences","storage"]},"archive_url":
"https://pub.dev/api/archives/shared_preferences_android-2.4.22.tar.gz","archiv
e_sha256":"8c04d0a35c2f61414655fbb2b85bb2e1839e2639978d16fac093feaee8ca8bab","p
ublished":"2026-03-25T13:21:41.327845Z"},{"version":"2.4.23","pubspec":{"name":
"shared_preferences_android","description":"Android implementation of the 
shared_preferences plugin","repository":"https://github.com/flutter/packages/tr
ee/main/packages/shared_preferences/shared_preferences_android","issue_tracker"
:"https://github.com/flutter/flutter/issues?q=is%3Aissue+is%3Aopen+label%3A%22p
%3A+shared_preferences%22","version":"2.4.23","environment":{"sdk":"^3.9.0","fl
utter":">=3.35.0"},"flutter":{"plugin":{"implements":"shared_preferences","plat
forms":{"android":{"package":"io.flutter.plugins.sharedpreferences","pluginClas
s":"SharedPreferencesPlugin","dartPluginClass":"SharedPreferencesAndroid"}}}},"
dependencies":{"flutter":{"sdk":"flutter"},"shared_preferences_platform_interfa
ce":"^2.4.0"},"dev_dependencies":{"flutter_test":{"sdk":"flutter"},"pigeon":"^2
6.1.0"},"topics":["persistence","shared-preferences","storage"]},"archive_url":
"https://pub.dev/api/archives/shared_preferences_android-2.4.23.tar.gz","archiv
e_sha256":"e8d4762b1e2e8578fc4d0fd548cebf24afd24f49719c08974df92834565e2c53","p
ublished":"2026-03-25T19:23:46.782563Z"}],"advisoriesUpdated":"2024-12-07T03:41
:02.359282Z","_fetchedAt":"2026-04-06T12:34:57.248575"}
MSG :   async 2.11.0 (2.13.1 available)
    |   boolean_selector 2.1.1 (2.1.2 available)
    |   characters 1.3.0 (1.4.1 available)
    |   checked_yaml 2.0.3 (2.0.4 available)
    |   clock 1.1.1 (1.1.2 available)
    |   collection 1.19.0 (1.19.1 available)
    |   cupertino_icons 1.0.8 (1.0.9 available)
    |   fake_async 1.3.1 (1.3.3 available)
    |   ffi 2.1.3 (2.2.0 available)
    |   fl_chart 0.68.0 (1.2.0 available)
    |   flutter_launcher_icons 0.13.1 (0.14.4 available)
    |   flutter_lints 3.0.2 (6.0.0 available)
    |   flutter_svg 2.2.0 (2.2.4 available)
    |   go_router 13.2.5 (17.2.0 available)
    |   json_annotation 4.9.0 (4.11.0 available)
    |   leak_tracker 10.0.7 (11.0.2 available)
    |   leak_tracker_flutter_testing 3.0.8 (3.0.10 available)
    |   leak_tracker_testing 3.0.1 (3.0.2 available)
    |   lints 3.0.0 (6.1.0 available)
    |   matcher 0.12.16+1 (0.12.19 available)
    |   material_color_utilities 0.11.1 (0.13.0 available)
    |   meta 1.15.0 (1.18.2 available)
    |   path 1.9.0 (1.9.1 available)
    |   petitparser 6.0.2 (7.0.2 available)
    |   shared_preferences 2.5.3 (2.5.5 available)
    |   shared_preferences_android 2.4.11 (2.4.23 available)
    |   shared_preferences_foundation 2.5.4 (2.5.6 available)
    |   shared_preferences_platform_interface 2.4.1 (2.4.2 available)
    |   source_span 1.10.0 (1.10.2 available)
    |   stack_trace 1.12.0 (1.12.1 available)
    |   stream_channel 2.1.2 (2.1.4 available)
    |   string_scanner 1.3.0 (1.4.1 available)
    |   term_glyph 1.2.1 (1.2.2 available)
    |   test_api 0.7.3 (0.7.11 available)
    |   vector_graphics 1.1.19 (1.1.21 available)
    |   vector_graphics_compiler 1.1.18 (1.2.0 available)
    |   vector_math 2.1.4 (2.3.0 available)
    |   vm_service 14.3.0 (15.0.2 available)
    |   xml 6.5.0 (6.6.1 available)
MSG : Got dependencies!
MSG : 39 packages have newer versions incompatible with dependency constraints.
    | Try `flutter pub outdated` for more information.
IO  : Writing 16657 characters to text file pubspec.lock.
FINE: Contents:
    | # Generated by pub
    | # See https://dart.dev/tools/pub/glossary#lockfile
    | packages:
    |   archive:
    |     dependency: transitive
    |     description:
    |       name: archive
    |       sha256: 
a96e8b390886ee8abb49b7bd3ac8df6f451c621619f52a26e815fdcf568959ff
    |       url: "https://pub.dev"
    |     source: hosted
    |     version: "4.0.9"
    |   args:
    |     dependency: transitive
    |     description:
    |       name: args
    |       sha256: 
d0481093c50b1da8910eb0bb301626d4d8eb7284aa739614d2b394ee09e3ea04
    |       url: "https://pub.dev"
    |     source: hosted
    |     version: "2.7.0"
    |   async:
    |     dependency: transitive
    |     description:
    |       name: async
    |       sha256: 
"947bfcf187f74dbc5e146c9eb9c0f10c9f8b30743e341481c1e2ed3ecc18c20c"
    |       url: "https://pub.dev"
    |     source: hosted
    |     version: "2.11.0"
    |   boolean_selector:
    |     dependency: transitive
    |     description:
    |       name: boolean_selector
    |       sha256: 
"6cfb5af12253eaf2b368f07bacc5a80d1301a071c73360d746b7f2e32d762c66"
    |       url: "https://pub.dev"
    |     source: hosted
    |     version: "2.1.1"
    |   characters:
    |     dependency: transitive
    |     description:
    |       name: characters
    |       sha256: 
"04a925763edad70e8443c99234dc3328f442e811f1d8fd1a72f1c8ad0f69a605"
    |       url: "https://pub.dev"
    |     source: hosted
    |     version: "1.3.0"
    |   checked_yaml:
    |     dependency: transitive
    |     description:
    |       name: checked_yaml
    |       sha256: 
feb6bed21949061731a7a75fc5d2aa727cf160b91af9a3e464c5e3a32e28b5ff
    |       url: "https://pub.dev"
    |     source: hosted
    |     version: "2.0.3"
    |   cli_util:
    |     dependency: transitive
    |     description:
    |       name: cli_util
    |       sha256: 
ff6785f7e9e3c38ac98b2fb035701789de90154024a75b6cb926445e83197d1c
    |       url: "https://pub.dev"
    |     source: hosted
    |     version: "0.4.2"
    |   clock:
    |     dependency: transitive
    |     description:
    |       name: clock
    |       sha256: 
cb6d7f03e1de671e34607e909a7213e31d7752be4fb66a86d29fe1eb14bfb5cf
    |       url: "https://pub.dev"
    |     source: hosted
    |     version: "1.1.1"
    |   collection:
    |     dependency: transitive
    |     description:
    |       name: collection
    |       sha256: 
a1ace0a119f20aabc852d165077c036cd864315bd99b7eaa10a60100341941bf
    |       url: "https://pub.dev"
    |     source: hosted
    |     version: "1.19.0"
    |   cupertino_icons:
    |     dependency: "direct main"
    |     description:
    |       name: cupertino_icons
    |       sha256: 
ba631d1c7f7bef6b729a622b7b752645a2d076dba9976925b8f25725a30e1ee6
    |       url: "https://pub.dev"
    |     source: hosted
    |     version: "1.0.8"
    |   equatable:
    |     dependency: "direct main"
    |     description:
    |       name: equatable
    |       sha256: 
"3e0141505477fd8ad55d6eb4e7776d3fe8430be8e497ccb1521370c3f21a3e2b"
    |       url: "https://pub.dev"
    |     source: hosted
    |     version: "2.0.8"
    |   fake_async:
    |     dependency: transitive
    |     description:
    |       name: fake_async
    |       sha256: 
"511392330127add0b769b75a987850d136345d9227c6b94c96a04cf4a391bf78"
    |       url: "https://pub.dev"
    |     source: hosted
    |     version: "1.3.1"
    |   ffi:
    |     dependency: transitive
    |     description:
    |       name: ffi
    |       sha256: 
"16ed7b077ef01ad6170a3d0c57caa4a112a38d7a2ed5602e0aca9ca6f3d98da6"
    |       url: "https://pub.dev"
    |     source: hosted
    |     version: "2.1.3"
    |   file:
    |     dependency: transitive
    |     description:
    |       name: file
    |       sha256: 
a3b4f84adafef897088c160faf7dfffb7696046cb13ae90b508c2cbc95d3b8d4
    |       url: "https://pub.dev"
    |     source: hosted
    |     version: "7.0.1"
    |   fl_chart:
    |     dependency: "direct main"
    |     description:
    |       name: fl_chart
    |       sha256: 
d0f0d49112f2f4b192481c16d05b6418bd7820e021e265a3c22db98acf7ed7fb
    |       url: "https://pub.dev"
    |     source: hosted
    |     version: "0.68.0"
    |   flutter:
    |     dependency: "direct main"
    |     description: flutter
    |     source: sdk
    |     version: "0.0.0"
    |   flutter_launcher_icons:
    |     dependency: "direct dev"
    |     description:
    |       name: flutter_launcher_icons
    |       sha256: 
"526faf84284b86a4cb36d20a5e45147747b7563d921373d4ee0559c54fcdbcea"
    |       url: "https://pub.dev"
    |     source: hosted
    |     version: "0.13.1"
    |   flutter_lints:
    |     dependency: "direct dev"
    |     description:
    |       name: flutter_lints
    |       sha256: 
"9e8c3858111da373efc5aa341de011d9bd23e2c5c5e0c62bccf32438e192d7b1"
    |       url: "https://pub.dev"
    |     source: hosted
    |     version: "3.0.2"
    |   flutter_math_fork:
    |     dependency: "direct main"
    |     description:
    |       name: flutter_math_fork
    |       sha256: 
"6d5f2f1aa57ae539ffb0a04bb39d2da67af74601d685a161aff7ce5bda5fa407"
    |       url: "https://pub.dev"
    |     source: hosted
    |     version: "0.7.4"
    |   flutter_svg:
    |     dependency: transitive
    |     description:
    |       name: flutter_svg
    |       sha256: 
cd57f7969b4679317c17af6fd16ee233c1e60a82ed209d8a475c54fd6fd6f845
    |       url: "https://pub.dev"
    |     source: hosted
    |     version: "2.2.0"
    |   flutter_test:
    |     dependency: "direct dev"
    |     description: flutter
    |     source: sdk
    |     version: "0.0.0"
    |   flutter_web_plugins:
    |     dependency: transitive
    |     description: flutter
    |     source: sdk
    |     version: "0.0.0"
    |   go_router:
    |     dependency: "direct main"
    |     description:
    |       name: go_router
    |       sha256: 
b465e99ce64ba75e61c8c0ce3d87b66d8ac07f0b35d0a7e0263fcfc10f99e836
    |       url: "https://pub.dev"
    |     source: hosted
    |     version: "13.2.5"
    |   http:
    |     dependency: transitive
    |     description:
    |       name: http
    |       sha256: 
"87721a4a50b19c7f1d49001e51409bddc46303966ce89a65af4f4e6004896412"
    |       url: "https://pub.dev"
    |     source: hosted
    |     version: "1.6.0"
    |   http_parser:
    |     dependency: transitive
    |     description:
    |       name: http_parser
    |       sha256: 
"178d74305e7866013777bab2c3d8726205dc5a4dd935297175b19a23a2e66571"
    |       url: "https://pub.dev"
    |     source: hosted
    |     version: "4.1.2"
    |   image:
    |     dependency: transitive
    |     description:
    |       name: image
    |       sha256: 
f9881ff4998044947ec38d098bc7c8316ae1186fa786eddffdb867b9bc94dfce
    |       url: "https://pub.dev"
    |     source: hosted
    |     version: "4.8.0"
    |   json_annotation:
    |     dependency: transitive
    |     description:
    |       name: json_annotation
    |       sha256: 
"1ce844379ca14835a50d2f019a3099f419082cfdd231cd86a142af94dd5c6bb1"
    |       url: "https://pub.dev"
    |     source: hosted
    |     version: "4.9.0"
    |   leak_tracker:
    |     dependency: transitive
    |     description:
    |       name: leak_tracker
    |       sha256: 
"7bb2830ebd849694d1ec25bf1f44582d6ac531a57a365a803a6034ff751d2d06"
    |       url: "https://pub.dev"
    |     source: hosted
    |     version: "10.0.7"
    |   leak_tracker_flutter_testing:
    |     dependency: transitive
    |     description:
    |       name: leak_tracker_flutter_testing
    |       sha256: 
"9491a714cca3667b60b5c420da8217e6de0d1ba7a5ec322fab01758f6998f379"
    |       url: "https://pub.dev"
    |     source: hosted
    |     version: "3.0.8"
    |   leak_tracker_testing:
    |     dependency: transitive
    |     description:
    |       name: leak_tracker_testing
    |       sha256: 
"6ba465d5d76e67ddf503e1161d1f4a6bc42306f9d66ca1e8f079a47290fb06d3"
    |       url: "https://pub.dev"
    |     source: hosted
    |     version: "3.0.1"
    |   lints:
    |     dependency: transitive
    |     description:
    |       name: lints
    |       sha256: 
cbf8d4b858bb0134ef3ef87841abdf8d63bfc255c266b7bf6b39daa1085c4290
    |       url: "https://pub.dev"
    |     source: hosted
    |     version: "3.0.0"
    |   logging:
    |     dependency: transitive
    |     description:
    |       name: logging
    |       sha256: 
c8245ada5f1717ed44271ed1c26b8ce85ca3228fd2ffdb75468ab01979309d61
    |       url: "https://pub.dev"
    |     source: hosted
    |     version: "1.3.0"
    |   matcher:
    |     dependency: transitive
    |     description:
    |       name: matcher
    |       sha256: 
d2323aa2060500f906aa31a895b4030b6da3ebdcc5619d14ce1aada65cd161cb
    |       url: "https://pub.dev"
    |     source: hosted
    |     version: "0.12.16+1"
    |   material_color_utilities:
    |     dependency: transitive
    |     description:
    |       name: material_color_utilities
    |       sha256: 
f7142bb1154231d7ea5f96bc7bde4bda2a0945d2806bb11670e30b850d56bdec
    |       url: "https://pub.dev"
    |     source: hosted
    |     version: "0.11.1"
    |   meta:
    |     dependency: transitive
    |     description:
    |       name: meta
    |       sha256: 
bdb68674043280c3428e9ec998512fb681678676b3c54e773629ffe74419f8c7
    |       url: "https://pub.dev"
    |     source: hosted
    |     version: "1.15.0"
    |   nested:
    |     dependency: transitive
    |     description:
    |       name: nested
    |       sha256: 
"03bac4c528c64c95c722ec99280375a6f2fc708eec17c7b3f07253b626cd2a20"
    |       url: "https://pub.dev"
    |     source: hosted
    |     version: "1.0.0"
    |   path:
    |     dependency: transitive
    |     description:
    |       name: path
    |       sha256: 
"087ce49c3f0dc39180befefc60fdb4acd8f8620e5682fe2476afd0b3688bb4af"
    |       url: "https://pub.dev"
    |     source: hosted
    |     version: "1.9.0"
    |   path_parsing:
    |     dependency: transitive
    |     description:
    |       name: path_parsing
    |       sha256: 
"883402936929eac138ee0a45da5b0f2c80f89913e6dc3bf77eb65b84b409c6ca"
    |       url: "https://pub.dev"
    |     source: hosted
    |     version: "1.1.0"
    |   path_provider_linux:
    |     dependency: transitive
    |     description:
    |       name: path_provider_linux
    |       sha256: 
f7a1fe3a634fe7734c8d3f2766ad746ae2a2884abe22e241a8b301bf5cac3279
    |       url: "https://pub.dev"
    |     source: hosted
    |     version: "2.2.1"
    |   path_provider_platform_interface:
    |     dependency: transitive
    |     description:
    |       name: path_provider_platform_interface
    |       sha256: 
"88f5779f72ba699763fa3a3b06aa4bf6de76c8e5de842cf6f29e2e06476c2334"
    |       url: "https://pub.dev"
    |     source: hosted
    |     version: "2.1.2"
    |   path_provider_windows:
    |     dependency: transitive
    |     description:
    |       name: path_provider_windows
    |       sha256: 
bd6f00dbd873bfb70d0761682da2b3a2c2fccc2b9e84c495821639601d81afe7
    |       url: "https://pub.dev"
    |     source: hosted
    |     version: "2.3.0"
    |   petitparser:
    |     dependency: transitive
    |     description:
    |       name: petitparser
    |       sha256: 
c15605cd28af66339f8eb6fbe0e541bfe2d1b72d5825efc6598f3e0a31b9ad27
    |       url: "https://pub.dev"
    |     source: hosted
    |     version: "6.0.2"
    |   platform:
    |     dependency: transitive
    |     description:
    |       name: platform
    |       sha256: 
"5d6b1b0036a5f331ebc77c850ebc8506cbc1e9416c27e59b439f917a902a4984"
    |       url: "https://pub.dev"
    |     source: hosted
    |     version: "3.1.6"
    |   plugin_platform_interface:
    |     dependency: transitive
    |     description:
    |       name: plugin_platform_interface
    |       sha256: 
"4820fbfdb9478b1ebae27888254d445073732dae3d6ea81f0b7e06d5dedc3f02"
    |       url: "https://pub.dev"
    |     source: hosted
    |     version: "2.1.8"
    |   posix:
    |     dependency: transitive
    |     description:
    |       name: posix
    |       sha256: 
"185ef7606574f789b40f289c233efa52e96dead518aed988e040a10737febb07"
    |       url: "https://pub.dev"
    |     source: hosted
    |     version: "6.5.0"
    |   provider:
    |     dependency: "direct main"
    |     description:
    |       name: provider
    |       sha256: 
"4e82183fa20e5ca25703ead7e05de9e4cceed1fbd1eadc1ac3cb6f565a09f272"
    |       url: "https://pub.dev"
    |     source: hosted
    |     version: "6.1.5+1"
    |   shared_preferences:
    |     dependency: "direct main"
    |     description:
    |       name: shared_preferences
    |       sha256: 
"6e8bf70b7fef813df4e9a36f658ac46d107db4b4cfe1048b477d4e453a8159f5"
    |       url: "https://pub.dev"
    |     source: hosted
    |     version: "2.5.3"
    |   shared_preferences_android:
    |     dependency: transitive
    |     description:
    |       name: shared_preferences_android
    |       sha256: 
"5bcf0772a761b04f8c6bf814721713de6f3e5d9d89caf8d3fe031b02a342379e"
    |       url: "https://pub.dev"
    |     source: hosted
    |     version: "2.4.11"
    |   shared_preferences_foundation:
    |     dependency: transitive
    |     description:
    |       name: shared_preferences_foundation
    |       sha256: 
"6a52cfcdaeac77cad8c97b539ff688ccfc458c007b4db12be584fbe5c0e49e03"
    |       url: "https://pub.dev"
    |     source: hosted
    |     version: "2.5.4"
    |   shared_preferences_linux:
    |     dependency: transitive
    |     description:
    |       name: shared_preferences_linux
    |       sha256: 
"580abfd40f415611503cae30adf626e6656dfb2f0cee8f465ece7b6defb40f2f"
    |       url: "https://pub.dev"
    |     source: hosted
    |     version: "2.4.1"
    |   shared_preferences_platform_interface:
    |     dependency: transitive
    |     description:
    |       name: shared_preferences_platform_interface
    |       sha256: 
"57cbf196c486bc2cf1f02b85784932c6094376284b3ad5779d1b1c6c6a816b80"
    |       url: "https://pub.dev"
    |     source: hosted
    |     version: "2.4.1"
    |   shared_preferences_web:
    |     dependency: transitive
    |     description:
    |       name: shared_preferences_web
    |       sha256: 
c49bd060261c9a3f0ff445892695d6212ff603ef3115edbb448509d407600019
    |       url: "https://pub.dev"
    |     source: hosted
    |     version: "2.4.3"
    |   shared_preferences_windows:
    |     dependency: transitive
    |     description:
    |       name: shared_preferences_windows
    |       sha256: 
"94ef0f72b2d71bc3e700e025db3710911bd51a71cefb65cc609dd0d9a982e3c1"
    |       url: "https://pub.dev"
    |     source: hosted
    |     version: "2.4.1"
    |   sky_engine:
    |     dependency: transitive
    |     description: flutter
    |     source: sdk
    |     version: "0.0.0"
    |   source_span:
    |     dependency: transitive
    |     description:
    |       name: source_span
    |       sha256: 
"53e943d4206a5e30df338fd4c6e7a077e02254531b138a15aec3bd143c1a8b3c"
    |       url: "https://pub.dev"
    |     source: hosted
    |     version: "1.10.0"
    |   stack_trace:
    |     dependency: transitive
    |     description:
    |       name: stack_trace
    |       sha256: 
"9f47fd3630d76be3ab26f0ee06d213679aa425996925ff3feffdec504931c377"
    |       url: "https://pub.dev"
    |     source: hosted
    |     version: "1.12.0"
    |   stream_channel:
    |     dependency: transitive
    |     description:
    |       name: stream_channel
    |       sha256: 
ba2aa5d8cc609d96bbb2899c28934f9e1af5cddbd60a827822ea467161eb54e7
    |       url: "https://pub.dev"
    |     source: hosted
    |     version: "2.1.2"
    |   string_scanner:
    |     dependency: transitive
    |     description:
    |       name: string_scanner
    |       sha256: 
"688af5ed3402a4bde5b3a6c15fd768dbf2621a614950b17f04626c431ab3c4c3"
    |       url: "https://pub.dev"
    |     source: hosted
    |     version: "1.3.0"
    |   term_glyph:
    |     dependency: transitive
    |     description:
    |       name: term_glyph
    |       sha256: 
a29248a84fbb7c79282b40b8c72a1209db169a2e0542bce341da992fe1bc7e84
    |       url: "https://pub.dev"
    |     source: hosted
    |     version: "1.2.1"
    |   test_api:
    |     dependency: transitive
    |     description:
    |       name: test_api
    |       sha256: 
"664d3a9a64782fcdeb83ce9c6b39e78fd2971d4e37827b9b06c3aa1edc5e760c"
    |       url: "https://pub.dev"
    |     source: hosted
    |     version: "0.7.3"
    |   tuple:
    |     dependency: transitive
    |     description:
    |       name: tuple
    |       sha256: 
a97ce2013f240b2f3807bcbaf218765b6f301c3eff91092bcfa23a039e7dd151
    |       url: "https://pub.dev"
    |     source: hosted
    |     version: "2.0.2"
    |   typed_data:
    |     dependency: transitive
    |     description:
    |       name: typed_data
    |       sha256: 
f9049c039ebfeb4cf7a7104a675823cd72dba8297f264b6637062516699fa006
    |       url: "https://pub.dev"
    |     source: hosted
    |     version: "1.4.0"
    |   vector_graphics:
    |     dependency: transitive
    |     description:
    |       name: vector_graphics
    |       sha256: 
a4f059dc26fc8295b5921376600a194c4ec7d55e72f2fe4c7d2831e103d461e6
    |       url: "https://pub.dev"
    |     source: hosted
    |     version: "1.1.19"
    |   vector_graphics_codec:
    |     dependency: transitive
    |     description:
    |       name: vector_graphics_codec
    |       sha256: 
"99fd9fbd34d9f9a32efd7b6a6aae14125d8237b10403b422a6a6dfeac2806146"
    |       url: "https://pub.dev"
    |     source: hosted
    |     version: "1.1.13"
    |   vector_graphics_compiler:
    |     dependency: transitive
    |     description:
    |       name: vector_graphics_compiler
    |       sha256: 
ca81fdfaf62a5ab45d7296614aea108d2c7d0efca8393e96174bf4d51e6725b0
    |       url: "https://pub.dev"
    |     source: hosted
    |     version: "1.1.18"
    |   vector_math:
    |     dependency: transitive
    |     description:
    |       name: vector_math
    |       sha256: 
"80b3257d1492ce4d091729e3a67a60407d227c27241d6927be0130c98e741803"
    |       url: "https://pub.dev"
    |     source: hosted
    |     version: "2.1.4"
    |   visibility_detector:
    |     dependency: "direct main"
    |     description:
    |       name: visibility_detector
    |       sha256: 
dd5cc11e13494f432d15939c3aa8ae76844c42b723398643ce9addb88a5ed420
    |       url: "https://pub.dev"
    |     source: hosted
    |     version: "0.4.0+2"
    |   vm_service:
    |     dependency: transitive
    |     description:
    |       name: vm_service
    |       sha256: 
f6be3ed8bd01289b34d679c2b62226f63c0e69f9fd2e50a6b3c1c729a961041b
    |       url: "https://pub.dev"
    |     source: hosted
    |     version: "14.3.0"
    |   web:
    |     dependency: transitive
    |     description:
    |       name: web
    |       sha256: 
"868d88a33d8a87b18ffc05f9f030ba328ffefba92d6c127917a2ba740f9cfe4a"
    |       url: "https://pub.dev"
    |     source: hosted
    |     version: "1.1.1"
    |   xdg_directories:
    |     dependency: transitive
    |     description:
    |       name: xdg_directories
    |       sha256: 
"7a3f37b05d989967cdddcbb571f1ea834867ae2faa29725fd085180e0883aa15"
    |       url: "https://pub.dev"
    |     source: hosted
    |     version: "1.1.0"
    |   xml:
    |     dependency: transitive
    |     description:
    |       name: xml
    |       sha256: 
b015a8ad1c488f66851d762d3090a21c600e479dc75e68328c52774040cf9226
    |       url: "https://pub.dev"
    |     source: hosted
    |     version: "6.5.0"
    |   yaml:
    |     dependency: transitive
    |     description:
    |       name: yaml
    |       sha256: 
b9da305ac7c39faa3f030eccd175340f968459dae4af175130b3fc47e40d76ce
    |       url: "https://pub.dev"
    |     source: hosted
    |     version: "3.1.3"
    | sdks:
    |   dart: ">=3.6.0 <4.0.0"
    |   flutter: ">=3.27.0"
IO  : Writing 15177 characters to text file .dart_tool\package_config.json.
FINE: Contents:
    | {
    |   "configVersion": 2,
    |   "packages": [
    |     {
    |       "name": "archive",
    |       "rootUri": "file:///C:/Users/joashua/AppData/Local/Pub/Cache/hosted
/pub.dev/archive-4.0.9",
    |       "packageUri": "lib/",
    |       "languageVersion": "3.0"
    |     },
    |     {
    |       "name": "args",
    |       "rootUri": 
"file:///C:/Users/joashua/AppData/Local/Pub/Cache/hosted/pub.dev/args-2.7.0",
    |       "packageUri": "lib/",
    |       "languageVersion": "3.3"
    |     },
    |     {
    |       "name": "async",
    |       "rootUri": 
"file:///C:/Users/joashua/AppData/Local/Pub/Cache/hosted/pub.dev/async-2.11.0",
    |       "packageUri": "lib/",
    |       "languageVersion": "2.18"
    |     },
    |     {
    |       "name": "boolean_selector",
    |       "rootUri": "file:///C:/Users/joashua/AppData/Local/Pub/Cache/hosted
/pub.dev/boolean_selector-2.1.1",
    |       "packageUri": "lib/",
    |       "languageVersion": "2.17"
    |     },
    |     {
    |       "name": "characters",
    |       "rootUri": "file:///C:/Users/joashua/AppData/Local/Pub/Cache/hosted
/pub.dev/characters-1.3.0",
    |       "packageUri": "lib/",
    |       "languageVersion": "2.12"
    |     },
    |     {
    |       "name": "checked_yaml",
    |       "rootUri": "file:///C:/Users/joashua/AppData/Local/Pub/Cache/hosted
/pub.dev/checked_yaml-2.0.3",
    |       "packageUri": "lib/",
    |       "languageVersion": "2.19"
    |     },
    |     {
    |       "name": "cli_util",
    |       "rootUri": "file:///C:/Users/joashua/AppData/Local/Pub/Cache/hosted
/pub.dev/cli_util-0.4.2",
    |       "packageUri": "lib/",
    |       "languageVersion": "3.4"
    |     },
    |     {
    |       "name": "clock",
    |       "rootUri": 
"file:///C:/Users/joashua/AppData/Local/Pub/Cache/hosted/pub.dev/clock-1.1.1",
    |       "packageUri": "lib/",
    |       "languageVersion": "2.12"
    |     },
    |     {
    |       "name": "collection",
    |       "rootUri": "file:///C:/Users/joashua/AppData/Local/Pub/Cache/hosted
/pub.dev/collection-1.19.0",
    |       "packageUri": "lib/",
    |       "languageVersion": "3.4"
    |     },
    |     {
    |       "name": "cupertino_icons",
    |       "rootUri": "file:///C:/Users/joashua/AppData/Local/Pub/Cache/hosted
/pub.dev/cupertino_icons-1.0.8",
    |       "packageUri": "lib/",
    |       "languageVersion": "3.1"
    |     },
    |     {
    |       "name": "equatable",
    |       "rootUri": "file:///C:/Users/joashua/AppData/Local/Pub/Cache/hosted
/pub.dev/equatable-2.0.8",
    |       "packageUri": "lib/",
    |       "languageVersion": "2.12"
    |     },
    |     {
    |       "name": "fake_async",
    |       "rootUri": "file:///C:/Users/joashua/AppData/Local/Pub/Cache/hosted
/pub.dev/fake_async-1.3.1",
    |       "packageUri": "lib/",
    |       "languageVersion": "2.12"
    |     },
    |     {
    |       "name": "ffi",
    |       "rootUri": 
"file:///C:/Users/joashua/AppData/Local/Pub/Cache/hosted/pub.dev/ffi-2.1.3",
    |       "packageUri": "lib/",
    |       "languageVersion": "3.3"
    |     },
    |     {
    |       "name": "file",
    |       "rootUri": 
"file:///C:/Users/joashua/AppData/Local/Pub/Cache/hosted/pub.dev/file-7.0.1",
    |       "packageUri": "lib/",
    |       "languageVersion": "3.0"
    |     },
    |     {
    |       "name": "fl_chart",
    |       "rootUri": "file:///C:/Users/joashua/AppData/Local/Pub/Cache/hosted
/pub.dev/fl_chart-0.68.0",
    |       "packageUri": "lib/",
    |       "languageVersion": "3.2"
    |     },
    |     {
    |       "name": "flutter",
    |       "rootUri": "file:///C:/flutter/packages/flutter",
    |       "packageUri": "lib/",
    |       "languageVersion": "3.3"
    |     },
    |     {
    |       "name": "flutter_launcher_icons",
    |       "rootUri": "file:///C:/Users/joashua/AppData/Local/Pub/Cache/hosted
/pub.dev/flutter_launcher_icons-0.13.1",
    |       "packageUri": "lib/",
    |       "languageVersion": "2.18"
    |     },
    |     {
    |       "name": "flutter_lints",
    |       "rootUri": "file:///C:/Users/joashua/AppData/Local/Pub/Cache/hosted
/pub.dev/flutter_lints-3.0.2",
    |       "packageUri": "lib/",
    |       "languageVersion": "3.1"
    |     },
    |     {
    |       "name": "flutter_math_fork",
    |       "rootUri": "file:///C:/Users/joashua/AppData/Local/Pub/Cache/hosted
/pub.dev/flutter_math_fork-0.7.4",
    |       "packageUri": "lib/",
    |       "languageVersion": "3.0"
    |     },
    |     {
    |       "name": "flutter_svg",
    |       "rootUri": "file:///C:/Users/joashua/AppData/Local/Pub/Cache/hosted
/pub.dev/flutter_svg-2.2.0",
    |       "packageUri": "lib/",
    |       "languageVersion": "3.6"
    |     },
    |     {
    |       "name": "flutter_test",
    |       "rootUri": "file:///C:/flutter/packages/flutter_test",
    |       "packageUri": "lib/",
    |       "languageVersion": "3.3"
    |     },
    |     {
    |       "name": "flutter_web_plugins",
    |       "rootUri": "file:///C:/flutter/packages/flutter_web_plugins",
    |       "packageUri": "lib/",
    |       "languageVersion": "3.2"
    |     },
    |     {
    |       "name": "go_router",
    |       "rootUri": "file:///C:/Users/joashua/AppData/Local/Pub/Cache/hosted
/pub.dev/go_router-13.2.5",
    |       "packageUri": "lib/",
    |       "languageVersion": "3.2"
    |     },
    |     {
    |       "name": "http",
    |       "rootUri": 
"file:///C:/Users/joashua/AppData/Local/Pub/Cache/hosted/pub.dev/http-1.6.0",
    |       "packageUri": "lib/",
    |       "languageVersion": "3.4"
    |     },
    |     {
    |       "name": "http_parser",
    |       "rootUri": "file:///C:/Users/joashua/AppData/Local/Pub/Cache/hosted
/pub.dev/http_parser-4.1.2",
    |       "packageUri": "lib/",
    |       "languageVersion": "3.4"
    |     },
    |     {
    |       "name": "image",
    |       "rootUri": 
"file:///C:/Users/joashua/AppData/Local/Pub/Cache/hosted/pub.dev/image-4.8.0",
    |       "packageUri": "lib/",
    |       "languageVersion": "3.0"
    |     },
    |     {
    |       "name": "json_annotation",
    |       "rootUri": "file:///C:/Users/joashua/AppData/Local/Pub/Cache/hosted
/pub.dev/json_annotation-4.9.0",
    |       "packageUri": "lib/",
    |       "languageVersion": "3.0"
    |     },
    |     {
    |       "name": "leak_tracker",
    |       "rootUri": "file:///C:/Users/joashua/AppData/Local/Pub/Cache/hosted
/pub.dev/leak_tracker-10.0.7",
    |       "packageUri": "lib/",
    |       "languageVersion": "3.2"
    |     },
    |     {
    |       "name": "leak_tracker_flutter_testing",
    |       "rootUri": "file:///C:/Users/joashua/AppData/Local/Pub/Cache/hosted
/pub.dev/leak_tracker_flutter_testing-3.0.8",
    |       "packageUri": "lib/",
    |       "languageVersion": "3.2"
    |     },
    |     {
    |       "name": "leak_tracker_testing",
    |       "rootUri": "file:///C:/Users/joashua/AppData/Local/Pub/Cache/hosted
/pub.dev/leak_tracker_testing-3.0.1",
    |       "packageUri": "lib/",
    |       "languageVersion": "3.2"
    |     },
    |     {
    |       "name": "lints",
    |       "rootUri": 
"file:///C:/Users/joashua/AppData/Local/Pub/Cache/hosted/pub.dev/lints-3.0.0",
    |       "packageUri": "lib/",
    |       "languageVersion": "3.0"
    |     },
    |     {
    |       "name": "logging",
    |       "rootUri": "file:///C:/Users/joashua/AppData/Local/Pub/Cache/hosted
/pub.dev/logging-1.3.0",
    |       "packageUri": "lib/",
    |       "languageVersion": "3.4"
    |     },
    |     {
    |       "name": "matcher",
    |       "rootUri": "file:///C:/Users/joashua/AppData/Local/Pub/Cache/hosted
/pub.dev/matcher-0.12.16+1",
    |       "packageUri": "lib/",
    |       "languageVersion": "3.0"
    |     },
    |     {
    |       "name": "material_color_utilities",
    |       "rootUri": "file:///C:/Users/joashua/AppData/Local/Pub/Cache/hosted
/pub.dev/material_color_utilities-0.11.1",
    |       "packageUri": "lib/",
    |       "languageVersion": "2.17"
    |     },
    |     {
    |       "name": "meta",
    |       "rootUri": 
"file:///C:/Users/joashua/AppData/Local/Pub/Cache/hosted/pub.dev/meta-1.15.0",
    |       "packageUri": "lib/",
    |       "languageVersion": "2.12"
    |     },
    |     {
    |       "name": "nested",
    |       "rootUri": 
"file:///C:/Users/joashua/AppData/Local/Pub/Cache/hosted/pub.dev/nested-1.0.0",
    |       "packageUri": "lib/",
    |       "languageVersion": "2.12"
    |     },
    |     {
    |       "name": "path",
    |       "rootUri": 
"file:///C:/Users/joashua/AppData/Local/Pub/Cache/hosted/pub.dev/path-1.9.0",
    |       "packageUri": "lib/",
    |       "languageVersion": "3.0"
    |     },
    |     {
    |       "name": "path_parsing",
    |       "rootUri": "file:///C:/Users/joashua/AppData/Local/Pub/Cache/hosted
/pub.dev/path_parsing-1.1.0",
    |       "packageUri": "lib/",
    |       "languageVersion": "3.3"
    |     },
    |     {
    |       "name": "path_provider_linux",
    |       "rootUri": "file:///C:/Users/joashua/AppData/Local/Pub/Cache/hosted
/pub.dev/path_provider_linux-2.2.1",
    |       "packageUri": "lib/",
    |       "languageVersion": "2.19"
    |     },
    |     {
    |       "name": "path_provider_platform_interface",
    |       "rootUri": "file:///C:/Users/joashua/AppData/Local/Pub/Cache/hosted
/pub.dev/path_provider_platform_interface-2.1.2",
    |       "packageUri": "lib/",
    |       "languageVersion": "3.0"
    |     },
    |     {
    |       "name": "path_provider_windows",
    |       "rootUri": "file:///C:/Users/joashua/AppData/Local/Pub/Cache/hosted
/pub.dev/path_provider_windows-2.3.0",
    |       "packageUri": "lib/",
    |       "languageVersion": "3.2"
    |     },
    |     {
    |       "name": "petitparser",
    |       "rootUri": "file:///C:/Users/joashua/AppData/Local/Pub/Cache/hosted
/pub.dev/petitparser-6.0.2",
    |       "packageUri": "lib/",
    |       "languageVersion": "3.2"
    |     },
    |     {
    |       "name": "platform",
    |       "rootUri": "file:///C:/Users/joashua/AppData/Local/Pub/Cache/hosted
/pub.dev/platform-3.1.6",
    |       "packageUri": "lib/",
    |       "languageVersion": "3.2"
    |     },
    |     {
    |       "name": "plugin_platform_interface",
    |       "rootUri": "file:///C:/Users/joashua/AppData/Local/Pub/Cache/hosted
/pub.dev/plugin_platform_interface-2.1.8",
    |       "packageUri": "lib/",
    |       "languageVersion": "3.0"
    |     },
    |     {
    |       "name": "posix",
    |       "rootUri": 
"file:///C:/Users/joashua/AppData/Local/Pub/Cache/hosted/pub.dev/posix-6.5.0",
    |       "packageUri": "lib/",
    |       "languageVersion": "3.0"
    |     },
    |     {
    |       "name": "provider",
    |       "rootUri": "file:///C:/Users/joashua/AppData/Local/Pub/Cache/hosted
/pub.dev/provider-6.1.5+1",
    |       "packageUri": "lib/",
    |       "languageVersion": "2.12"
    |     },
    |     {
    |       "name": "shared_preferences",
    |       "rootUri": "file:///C:/Users/joashua/AppData/Local/Pub/Cache/hosted
/pub.dev/shared_preferences-2.5.3",
    |       "packageUri": "lib/",
    |       "languageVersion": "3.5"
    |     },
    |     {
    |       "name": "shared_preferences_android",
    |       "rootUri": "file:///C:/Users/joashua/AppData/Local/Pub/Cache/hosted
/pub.dev/shared_preferences_android-2.4.11",
    |       "packageUri": "lib/",
    |       "languageVersion": "3.6"
    |     },
    |     {
    |       "name": "shared_preferences_foundation",
    |       "rootUri": "file:///C:/Users/joashua/AppData/Local/Pub/Cache/hosted
/pub.dev/shared_preferences_foundation-2.5.4",
    |       "packageUri": "lib/",
    |       "languageVersion": "3.4"
    |     },
    |     {
    |       "name": "shared_preferences_linux",
    |       "rootUri": "file:///C:/Users/joashua/AppData/Local/Pub/Cache/hosted
/pub.dev/shared_preferences_linux-2.4.1",
    |       "packageUri": "lib/",
    |       "languageVersion": "3.3"
    |     },
    |     {
    |       "name": "shared_preferences_platform_interface",
    |       "rootUri": "file:///C:/Users/joashua/AppData/Local/Pub/Cache/hosted
/pub.dev/shared_preferences_platform_interface-2.4.1",
    |       "packageUri": "lib/",
    |       "languageVersion": "3.2"
    |     },
    |     {
    |       "name": "shared_preferences_web",
    |       "rootUri": "file:///C:/Users/joashua/AppData/Local/Pub/Cache/hosted
/pub.dev/shared_preferences_web-2.4.3",
    |       "packageUri": "lib/",
    |       "languageVersion": "3.4"
    |     },
    |     {
    |       "name": "shared_preferences_windows",
    |       "rootUri": "file:///C:/Users/joashua/AppData/Local/Pub/Cache/hosted
/pub.dev/shared_preferences_windows-2.4.1",
    |       "packageUri": "lib/",
    |       "languageVersion": "3.3"
    |     },
    |     {
    |       "name": "sky_engine",
    |       "rootUri": "file:///C:/flutter/bin/cache/pkg/sky_engine",
    |       "packageUri": "lib/",
    |       "languageVersion": "3.2"
    |     },
    |     {
    |       "name": "source_span",
    |       "rootUri": "file:///C:/Users/joashua/AppData/Local/Pub/Cache/hosted
/pub.dev/source_span-1.10.0",
    |       "packageUri": "lib/",
    |       "languageVersion": "2.18"
    |     },
    |     {
    |       "name": "stack_trace",
    |       "rootUri": "file:///C:/Users/joashua/AppData/Local/Pub/Cache/hosted
/pub.dev/stack_trace-1.12.0",
    |       "packageUri": "lib/",
    |       "languageVersion": "3.4"
    |     },
    |     {
    |       "name": "stream_channel",
    |       "rootUri": "file:///C:/Users/joashua/AppData/Local/Pub/Cache/hosted
/pub.dev/stream_channel-2.1.2",
    |       "packageUri": "lib/",
    |       "languageVersion": "2.19"
    |     },
    |     {
    |       "name": "string_scanner",
    |       "rootUri": "file:///C:/Users/joashua/AppData/Local/Pub/Cache/hosted
/pub.dev/string_scanner-1.3.0",
    |       "packageUri": "lib/",
    |       "languageVersion": "3.1"
    |     },
    |     {
    |       "name": "term_glyph",
    |       "rootUri": "file:///C:/Users/joashua/AppData/Local/Pub/Cache/hosted
/pub.dev/term_glyph-1.2.1",
    |       "packageUri": "lib/",
    |       "languageVersion": "2.12"
    |     },
    |     {
    |       "name": "test_api",
    |       "rootUri": "file:///C:/Users/joashua/AppData/Local/Pub/Cache/hosted
/pub.dev/test_api-0.7.3",
    |       "packageUri": "lib/",
    |       "languageVersion": "3.4"
    |     },
    |     {
    |       "name": "tuple",
    |       "rootUri": 
"file:///C:/Users/joashua/AppData/Local/Pub/Cache/hosted/pub.dev/tuple-2.0.2",
    |       "packageUri": "lib/",
    |       "languageVersion": "2.17"
    |     },
    |     {
    |       "name": "typed_data",
    |       "rootUri": "file:///C:/Users/joashua/AppData/Local/Pub/Cache/hosted
/pub.dev/typed_data-1.4.0",
    |       "packageUri": "lib/",
    |       "languageVersion": "3.5"
    |     },
    |     {
    |       "name": "vector_graphics",
    |       "rootUri": "file:///C:/Users/joashua/AppData/Local/Pub/Cache/hosted
/pub.dev/vector_graphics-1.1.19",
    |       "packageUri": "lib/",
    |       "languageVersion": "3.6"
    |     },
    |     {
    |       "name": "vector_graphics_codec",
    |       "rootUri": "file:///C:/Users/joashua/AppData/Local/Pub/Cache/hosted
/pub.dev/vector_graphics_codec-1.1.13",
    |       "packageUri": "lib/",
    |       "languageVersion": "3.4"
    |     },
    |     {
    |       "name": "vector_graphics_compiler",
    |       "rootUri": "file:///C:/Users/joashua/AppData/Local/Pub/Cache/hosted
/pub.dev/vector_graphics_compiler-1.1.18",
    |       "packageUri": "lib/",
    |       "languageVersion": "3.6"
    |     },
    |     {
    |       "name": "vector_math",
    |       "rootUri": "file:///C:/Users/joashua/AppData/Local/Pub/Cache/hosted
/pub.dev/vector_math-2.1.4",
    |       "packageUri": "lib/",
    |       "languageVersion": "2.14"
    |     },
    |     {
    |       "name": "visibility_detector",
    |       "rootUri": "file:///C:/Users/joashua/AppData/Local/Pub/Cache/hosted
/pub.dev/visibility_detector-0.4.0+2",
    |       "packageUri": "lib/",
    |       "languageVersion": "2.12"
    |     },
    |     {
    |       "name": "vm_service",
    |       "rootUri": "file:///C:/Users/joashua/AppData/Local/Pub/Cache/hosted
/pub.dev/vm_service-14.3.0",
    |       "packageUri": "lib/",
    |       "languageVersion": "3.3"
    |     },
    |     {
    |       "name": "web",
    |       "rootUri": 
"file:///C:/Users/joashua/AppData/Local/Pub/Cache/hosted/pub.dev/web-1.1.1",
    |       "packageUri": "lib/",
    |       "languageVersion": "3.4"
    |     },
    |     {
    |       "name": "xdg_directories",
    |       "rootUri": "file:///C:/Users/joashua/AppData/Local/Pub/Cache/hosted
/pub.dev/xdg_directories-1.1.0",
    |       "packageUri": "lib/",
    |       "languageVersion": "3.3"
    |     },
    |     {
    |       "name": "xml",
    |       "rootUri": 
"file:///C:/Users/joashua/AppData/Local/Pub/Cache/hosted/pub.dev/xml-6.5.0",
    |       "packageUri": "lib/",
    |       "languageVersion": "3.2"
    |     },
    |     {
    |       "name": "yaml",
    |       "rootUri": 
"file:///C:/Users/joashua/AppData/Local/Pub/Cache/hosted/pub.dev/yaml-3.1.3",
    |       "packageUri": "lib/",
    |       "languageVersion": "3.4"
    |     },
    |     {
    |       "name": "calculus_system",
    |       "rootUri": "../",
    |       "packageUri": "lib/",
    |       "languageVersion": "3.0"
    |     }
    |   ],
    |   "generated": "2026-04-06T04:34:57.336828Z",
    |   "generator": "pub",
    |   "generatorVersion": "3.6.0",
    |   "flutterRoot": "file:///C:/flutter",
    |   "flutterVersion": "3.27.1",
    |   "pubCache": "file:///C:/Users/joashua/AppData/Local/Pub/Cache"
    | }
IO  : Writing 286111 characters to text file 
C:\Users\joashua\AppData\Local\Pub\Cache\log\pub_log.txt.
MSG : Logs written to C:\Users\joashua\AppData\Local\Pub\Cache\log\pub_log.txt.
[+3127 ms] Found plugin path_provider_linux at C:\Users\joashua\AppData\Local\Pub\Cache\hosted\pub.dev\path_provider_linux-2.2.1\
[   +8 ms] Found plugin path_provider_windows at C:\Users\joashua\AppData\Local\Pub\Cache\hosted\pub.dev\path_provider_windows-2.3.0\
[  +15 ms] Found plugin shared_preferences at C:\Users\joashua\AppData\Local\Pub\Cache\hosted\pub.dev\shared_preferences-2.5.3\
[   +2 ms] Found plugin shared_preferences_android at C:\Users\joashua\AppData\Local\Pub\Cache\hosted\pub.dev\shared_preferences_android-2.4.11\
[   +3 ms] Found plugin shared_preferences_foundation at C:\Users\joashua\AppData\Local\Pub\Cache\hosted\pub.dev\shared_preferences_foundation-2.5.4\
[   +6 ms] Found plugin shared_preferences_linux at C:\Users\joashua\AppData\Local\Pub\Cache\hosted\pub.dev\shared_preferences_linux-2.4.1\
[   +4 ms] Found plugin shared_preferences_web at C:\Users\joashua\AppData\Local\Pub\Cache\hosted\pub.dev\shared_preferences_web-2.4.3\
[   +2 ms] Found plugin shared_preferences_windows at C:\Users\joashua\AppData\Local\Pub\Cache\hosted\pub.dev\shared_preferences_windows-2.4.1\
[ +245 ms] Found plugin path_provider_linux at C:\Users\joashua\AppData\Local\Pub\Cache\hosted\pub.dev\path_provider_linux-2.2.1\
[   +4 ms] Found plugin path_provider_windows at C:\Users\joashua\AppData\Local\Pub\Cache\hosted\pub.dev\path_provider_windows-2.3.0\
[  +13 ms] Found plugin shared_preferences at C:\Users\joashua\AppData\Local\Pub\Cache\hosted\pub.dev\shared_preferences-2.5.3\
[   +2 ms] Found plugin shared_preferences_android at C:\Users\joashua\AppData\Local\Pub\Cache\hosted\pub.dev\shared_preferences_android-2.4.11\
[   +2 ms] Found plugin shared_preferences_foundation at C:\Users\joashua\AppData\Local\Pub\Cache\hosted\pub.dev\shared_preferences_foundation-2.5.4\
[   +2 ms] Found plugin shared_preferences_linux at C:\Users\joashua\AppData\Local\Pub\Cache\hosted\pub.dev\shared_preferences_linux-2.4.1\
[   +5 ms] Found plugin shared_preferences_web at C:\Users\joashua\AppData\Local\Pub\Cache\hosted\pub.dev\shared_preferences_web-2.4.3\
[   +2 ms] Found plugin shared_preferences_windows at C:\Users\joashua\AppData\Local\Pub\Cache\hosted\pub.dev\shared_preferences_windows-2.4.1\
[ +127 ms] Found plugin path_provider_linux at C:\Users\joashua\AppData\Local\Pub\Cache\hosted\pub.dev\path_provider_linux-2.2.1\
[   +4 ms] Found plugin path_provider_windows at C:\Users\joashua\AppData\Local\Pub\Cache\hosted\pub.dev\path_provider_windows-2.3.0\
[  +10 ms] Found plugin shared_preferences at C:\Users\joashua\AppData\Local\Pub\Cache\hosted\pub.dev\shared_preferences-2.5.3\
[   +1 ms] Found plugin shared_preferences_android at C:\Users\joashua\AppData\Local\Pub\Cache\hosted\pub.dev\shared_preferences_android-2.4.11\
[   +2 ms] Found plugin shared_preferences_foundation at C:\Users\joashua\AppData\Local\Pub\Cache\hosted\pub.dev\shared_preferences_foundation-2.5.4\
[   +2 ms] Found plugin shared_preferences_linux at C:\Users\joashua\AppData\Local\Pub\Cache\hosted\pub.dev\shared_preferences_linux-2.4.1\
[   +2 ms] Found plugin shared_preferences_web at C:\Users\joashua\AppData\Local\Pub\Cache\hosted\pub.dev\shared_preferences_web-2.4.3\
[   +2 ms] Found plugin shared_preferences_windows at C:\Users\joashua\AppData\Local\Pub\Cache\hosted\pub.dev\shared_preferences_windows-2.4.1\
[  +37 ms] Generating C:\projects\mathcalcu\android\app\src\main\java\io\flutter\plugins\GeneratedPluginRegistrant.java
[ +169 ms] Launching lib\main.dart on Chrome in debug mode...
[ +121 ms] Initializing file store
[  +10 ms] Skipping target: gen_localizations
[   +7 ms] Skipping target: gen_dart_plugin_registrant
[   +2 ms] _composite: Starting due to {}
[        ] _composite: Complete
[   +4 ms] complete
[   +1 ms] Updating assets
[ +298 ms] Manifest contained wildcard assets. Inserting missing file into build graph to force rerun. for more information see #56466.
[   +9 ms] Waiting for connection from debug service on Chrome...
[  +62 ms] Found plugin path_provider_linux at C:\Users\joashua\AppData\Local\Pub\Cache\hosted\pub.dev\path_provider_linux-2.2.1\
[   +4 ms] Found plugin path_provider_windows at C:\Users\joashua\AppData\Local\Pub\Cache\hosted\pub.dev\path_provider_windows-2.3.0\
[   +9 ms] Found plugin shared_preferences at C:\Users\joashua\AppData\Local\Pub\Cache\hosted\pub.dev\shared_preferences-2.5.3\
[   +2 ms] Found plugin shared_preferences_android at C:\Users\joashua\AppData\Local\Pub\Cache\hosted\pub.dev\shared_preferences_android-2.4.11\
[   +2 ms] Found plugin shared_preferences_foundation at C:\Users\joashua\AppData\Local\Pub\Cache\hosted\pub.dev\shared_preferences_foundation-2.5.4\
[   +1 ms] Found plugin shared_preferences_linux at C:\Users\joashua\AppData\Local\Pub\Cache\hosted\pub.dev\shared_preferences_linux-2.4.1\
[   +3 ms] Found plugin shared_preferences_web at C:\Users\joashua\AppData\Local\Pub\Cache\hosted\pub.dev\shared_preferences_web-2.4.3\
[   +1 ms] Found plugin shared_preferences_windows at C:\Users\joashua\AppData\Local\Pub\Cache\hosted\pub.dev\shared_preferences_windows-2.4.1\
[ +155 ms] shaderc command: [C:\flutter\bin\cache\artifacts\engine\windows-x64\impellerc.exe, --sksl, --iplr, --json, --sl=build\flutter_assets\shaders/ink_sparkle.frag, --spirv=build\flutter_assets\shaders/ink_sparkle.frag.spirv, --input=C:\flutter\packages\flutter\lib\src\material\shaders\ink_sparkle.frag, --input-type=frag, --include=C:\flutter\packages\flutter\lib\src\material\shaders, --include=C:\flutter\bin\cache\artifacts\engine\windows-x64\shader_lib]
[ +496 ms] <- reset
[   +6 ms] C:\flutter\bin\cache\dart-sdk\bin\dartaotruntime.exe C:\flutter\bin\cache\dart-sdk\bin\snapshots\frontend_server_aot.dart.snapshot --sdk-root C:\flutter\bin\cache\flutter_web_sdk/ --incremental --target=dartdevc --experimental-emit-debug-metadata --output-dill C:\Users\joashua\AppData\Local\Temp\flutter_tools.57fa5c98\flutter_tool.4377ff32\app.dill --packages C:\projects\mathcalcu\.dart_tool\package_config.json -Ddart.vm.profile=false -Ddart.vm.product=false --enable-asserts --track-widget-creation --filesystem-root C:\Users\joashua\AppData\Local\Temp\flutter_tools.57fa5c98\flutter_tools.94f93580 --filesystem-scheme org-dartlang-app --initialize-from-dill build\80b1a4cf4e7b90e1ab5f72022a0bc624.cache.dill.track.dill --platform file:///C:/flutter/bin/cache/flutter_web_sdk/kernel/ddc_outline_sound.dill --verbosity=error --sound-null-safety
[  +25 ms] <- compile org-dartlang-app:/web_entrypoint.dart
[+28138 ms] Waiting for connection from debug service on Chrome... (completed in 28.9s)
[   +1 ms] Synced 51.2MB.
[   +2 ms] <- accept
[        ] Caching compiled dill
[  +82 ms] Launching Chromium (url = http://localhost:62368, headless = false, skipCheck = false, debugPort = null)
[        ] Will use Chromium executable at C:\Program Files\Google\Chrome\Application\chrome.exe
[ +961 ms] [CHROME]: 
[   +3 ms] [CHROME]: DevTools listening on ws://127.0.0.1:54491/devtools/browser/84183ad2-3a38-49d4-b507-76923cdd30ce
[+1692 ms] DwdsInjector: Received request for entrypoint at http://localhost:62368/main_module.bootstrap.js
[   +3 ms] MetadataProvider: Loading debug metadata...
[   +6 ms] MetadataProvider: Loaded debug metadata for module: web_entrypoint.dart
[        ] MetadataProvider: Loaded debug metadata for module: web_plugin_registrant.dart
[        ] MetadataProvider: Loaded debug metadata for module: packages/flutter_web_plugins/flutter_web_plugins.dart
[        ] MetadataProvider: Loaded debug metadata for module: packages/flutter_web_plugins/src/plugin_registry.dart
[        ] MetadataProvider: Loaded debug metadata for module: packages/flutter/src/services/undo_manager.dart
[        ] MetadataProvider: Loaded debug metadata for module: packages/flutter/foundation.dart
[        ] MetadataProvider: Loaded debug metadata for module: packages/flutter/src/foundation/unicode.dart
[        ] MetadataProvider: Loaded debug metadata for module: packages/flutter/src/foundation/timeline.dart
[        ] MetadataProvider: Loaded debug metadata for module: packages/flutter/src/foundation/constants.dart
[        ] MetadataProvider: Loaded debug metadata for module: packages/flutter/src/foundation/_timeline_web.dart
[        ] MetadataProvider: Loaded debug metadata for module: packages/meta/meta.dart
[        ] MetadataProvider: Loaded debug metadata for module: packages/meta/meta_meta.dart
[        ] MetadataProvider: Loaded debug metadata for module: packages/flutter/src/foundation/synchronous_future.dart
[        ] MetadataProvider: Loaded debug metadata for module: packages/flutter/src/foundation/stack_frame.dart
[        ] MetadataProvider: Loaded debug metadata for module: packages/flutter/src/foundation/object.dart
[        ] MetadataProvider: Loaded debug metadata for module: packages/flutter/src/foundation/service_extensions.dart
[        ] MetadataProvider: Loaded debug metadata for module: packages/flutter/src/foundation/serialization.dart
[        ] MetadataProvider: Loaded debug metadata for module: packages/flutter/src/foundation/print.dart
[        ] MetadataProvider: Loaded debug metadata for module: packages/flutter/src/foundation/_platform_web.dart
[        ] MetadataProvider: Loaded debug metadata for module: packages/flutter/src/foundation/basic_types.dart
[        ] MetadataProvider: Loaded debug metadata for module: packages/flutter/src/foundation/persistent_hash_map.dart
[        ] MetadataProvider: Loaded debug metadata for module: packages/flutter/src/foundation/observer_list.dart
[        ] MetadataProvider: Loaded debug metadata for module: packages/flutter/src/foundation/node.dart
[        ] MetadataProvider: Loaded debug metadata for module: packages/flutter/src/foundation/memory_allocations.dart
[        ] MetadataProvider: Loaded debug metadata for module: packages/flutter/src/foundation/licenses.dart
[        ] MetadataProvider: Loaded debug metadata for module: packages/flutter/src/foundation/key.dart
[        ] MetadataProvider: Loaded debug metadata for module: packages/flutter/src/foundation/_isolates_web.dart
[        ] MetadataProvider: Loaded debug metadata for module: packages/flutter/src/foundation/consolidate_response.dart
[        ] MetadataProvider: Loaded debug metadata for module: packages/flutter/src/foundation/collections.dart
[        ] MetadataProvider: Loaded debug metadata for module: packages/flutter/src/foundation/change_notifier.dart
[        ] MetadataProvider: Loaded debug metadata for module: packages/flutter/src/foundation/capabilities.dart
[        ] MetadataProvider: Loaded debug metadata for module: packages/flutter/src/foundation/_capabilities_web.dart
[        ] MetadataProvider: Loaded debug metadata for module: packages/flutter/src/foundation/_bitfield_web.dart
[        ] MetadataProvider: Loaded debug metadata for module: packages/flutter/src/foundation/binding.dart
[        ] MetadataProvider: Loaded debug metadata for module: packages/flutter/src/foundation/annotations.dart
[        ] MetadataProvider: Loaded debug metadata for module: packages/flutter/src/services/text_layout_metrics.dart
[        ] MetadataProvider: Loaded debug metadata for module: packages/flutter/src/services/text_editing.dart
[        ] MetadataProvider: Loaded debug metadata for module: packages/flutter/src/services/text_editing_delta.dart
[   +1 ms] MetadataProvider: Loaded debug metadata for module: packages/vector_math/vector_math_64.dart
[        ] MetadataProvider: Loaded debug metadata for module: packages/flutter/scheduler.dart
[        ] MetadataProvider: Loaded debug metadata for module: packages/flutter/src/scheduler/ticker.dart
[        ] MetadataProvider: Loaded debug metadata for module: packages/flutter/src/scheduler/binding.dart
[        ] MetadataProvider: Loaded debug metadata for module: packages/flutter/src/scheduler/priority.dart
[        ] MetadataProvider: Loaded debug metadata for module: packages/flutter/src/scheduler/service_extensions.dart
[        ] MetadataProvider: Loaded debug metadata for module: packages/flutter/src/scheduler/debug.dart
[        ] MetadataProvider: Loaded debug metadata for module: packages/collection/collection.dart
[        ] MetadataProvider: Loaded debug metadata for module: packages/collection/src/wrappers.dart
[        ] MetadataProvider: Loaded debug metadata for module: packages/collection/src/union_set_controller.dart
[        ] MetadataProvider: Loaded debug metadata for module: packages/collection/src/union_set.dart
[        ] MetadataProvider: Loaded debug metadata for module: packages/collection/src/queue_list.dart
[        ] MetadataProvider: Loaded debug metadata for module: packages/collection/src/priority_queue.dart
[        ] MetadataProvider: Loaded debug metadata for module: packages/collection/src/utils.dart
[        ] MetadataProvider: Loaded debug metadata for module: packages/collection/src/list_extensions.dart
[        ] MetadataProvider: Loaded debug metadata for module: packages/collection/src/equality.dart
[        ] MetadataProvider: Loaded debug metadata for module: packages/collection/src/comparators.dart
[        ] MetadataProvider: Loaded debug metadata for module: packages/collection/src/algorithms.dart
[        ] MetadataProvider: Loaded debug metadata for module: packages/collection/src/iterable_zip.dart
[        ] MetadataProvider: Loaded debug metadata for module: packages/collection/src/iterable_extensions.dart
[        ] MetadataProvider: Loaded debug metadata for module: packages/collection/src/functions.dart
[        ] MetadataProvider: Loaded debug metadata for module: packages/collection/src/equality_set.dart
[        ] MetadataProvider: Loaded debug metadata for module: packages/collection/src/equality_map.dart
[        ] MetadataProvider: Loaded debug metadata for module: packages/collection/src/combined_wrappers/combined_map.dart
[        ] MetadataProvider: Loaded debug metadata for module: packages/collection/src/combined_wrappers/combined_iterable.dart
[        ] MetadataProvider: Loaded debug metadata for module: packages/collection/src/combined_wrappers/combined_iterator.dart
[        ] MetadataProvider: Loaded debug metadata for module: packages/collection/src/combined_wrappers/combined_list.dart
[        ] MetadataProvider: Loaded debug metadata for module: packages/collection/src/canonicalized_map.dart
[        ] MetadataProvider: Loaded debug metadata for module: packages/collection/src/boollist.dart
[        ] MetadataProvider: Loaded debug metadata for module: packages/flutter/src/services/keyboard_key.g.dart
[        ] MetadataProvider: Loaded debug metadata for module: packages/flutter/src/services/keyboard_maps.g.dart
[        ] MetadataProvider: Loaded debug metadata for module: packages/flutter/src/services/binary_messenger.dart
[        ] MetadataProvider: Loaded debug metadata for module: packages/flutter/src/services/service_extensions.dart
[        ] MetadataProvider: Loaded debug metadata for module: packages/flutter/src/services/keyboard_inserted_content.dart
[        ] MetadataProvider: Loaded debug metadata for module: packages/flutter/src/services/text_formatter.dart
[        ] MetadataProvider: Loaded debug metadata for module: packages/characters/characters.dart
[        ] MetadataProvider: Loaded debug metadata for module: packages/characters/src/extensions.dart
[        ] MetadataProvider: Loaded debug metadata for module: packages/characters/src/characters_impl.dart
[        ] MetadataProvider: Loaded debug metadata for module: packages/characters/src/grapheme_clusters/breaks.dart
[        ] MetadataProvider: Loaded debug metadata for module: packages/characters/src/grapheme_clusters/table.dart
[        ] MetadataProvider: Loaded debug metadata for module: packages/characters/src/grapheme_clusters/constants.dart
[        ] MetadataProvider: Loaded debug metadata for module: packages/flutter/src/services/text_boundary.dart
[        ] MetadataProvider: Loaded debug metadata for module: packages/flutter/src/services/system_sound.dart
[   +1 ms] MetadataProvider: Loaded debug metadata for module: packages/flutter/src/services/system_navigator.dart
[        ] MetadataProvider: Loaded debug metadata for module: packages/flutter/src/services/spell_check.dart
[        ] MetadataProvider: Loaded debug metadata for module: packages/flutter/src/services/process_text.dart
[        ] MetadataProvider: Loaded debug metadata for module: packages/flutter/src/services/predictive_back_event.dart
[        ] MetadataProvider: Loaded debug metadata for module: packages/flutter/src/services/platform_views.dart
[        ] MetadataProvider: Loaded debug metadata for module: packages/flutter/gestures.dart
[        ] MetadataProvider: Loaded debug metadata for module: packages/flutter/src/gestures/velocity_tracker.dart
[        ] MetadataProvider: Loaded debug metadata for module: packages/flutter/src/gestures/lsq_solver.dart
[        ] MetadataProvider: Loaded debug metadata for module: packages/flutter/src/gestures/events.dart
[        ] MetadataProvider: Loaded debug metadata for module: packages/flutter/src/gestures/gesture_settings.dart
[        ] MetadataProvider: Loaded debug metadata for module: packages/flutter/src/gestures/constants.dart
[        ] MetadataProvider: Loaded debug metadata for module: packages/flutter/src/gestures/binding.dart
[        ] MetadataProvider: Loaded debug metadata for module: packages/flutter/src/gestures/pointer_signal_resolver.dart
[        ] MetadataProvider: Loaded debug metadata for module: packages/flutter/src/gestures/pointer_router.dart
[        ] MetadataProvider: Loaded debug metadata for module: packages/flutter/src/gestures/hit_test.dart
[        ] MetadataProvider: Loaded debug metadata for module: packages/flutter/src/gestures/arena.dart
[        ] MetadataProvider: Loaded debug metadata for module: packages/flutter/src/gestures/debug.dart
[        ] MetadataProvider: Loaded debug metadata for module: packages/flutter/src/gestures/resampler.dart
[        ] MetadataProvider: Loaded debug metadata for module: packages/flutter/src/gestures/converter.dart
[        ] MetadataProvider: Loaded debug metadata for module: packages/flutter/src/gestures/team.dart
[        ] MetadataProvider: Loaded debug metadata for module: packages/flutter/src/gestures/tap_and_drag.dart
[        ] MetadataProvider: Loaded debug metadata for module: packages/flutter/src/gestures/tap.dart
[        ] MetadataProvider: Loaded debug metadata for module: packages/flutter/src/gestures/recognizer.dart
[        ] MetadataProvider: Loaded debug metadata for module: packages/flutter/src/gestures/scale.dart
[        ] MetadataProvider: Loaded debug metadata for module: packages/flutter/src/gestures/monodrag.dart
[        ] MetadataProvider: Loaded debug metadata for module: packages/flutter/src/gestures/drag_details.dart
[        ] MetadataProvider: Loaded debug metadata for module: packages/flutter/src/gestures/drag.dart
[        ] MetadataProvider: Loaded debug metadata for module: packages/flutter/src/gestures/multitap.dart
[        ] MetadataProvider: Loaded debug metadata for module: packages/flutter/src/gestures/multidrag.dart
[        ] MetadataProvider: Loaded debug metadata for module: packages/flutter/src/gestures/long_press.dart
[        ] MetadataProvider: Loaded debug metadata for module: packages/flutter/src/gestures/force_press.dart
[        ] MetadataProvider: Loaded debug metadata for module: packages/flutter/src/gestures/eager.dart
[        ] MetadataProvider: Loaded debug metadata for module: packages/flutter/src/services/mouse_tracking.dart
[        ] MetadataProvider: Loaded debug metadata for module: packages/flutter/src/services/mouse_cursor.dart
[        ] MetadataProvider: Loaded debug metadata for module: packages/flutter/src/services/live_text.dart
[        ] MetadataProvider: Loaded debug metadata for module: packages/flutter/src/services/haptic_feedback.dart
[        ] MetadataProvider: Loaded debug metadata for module: packages/flutter/src/services/font_loader.dart
[        ] MetadataProvider: Loaded debug metadata for module: packages/flutter/src/services/flavor.dart
[        ] MetadataProvider: Loaded debug metadata for module: packages/flutter/src/services/deferred_component.dart
[        ] MetadataProvider: Loaded debug metadata for module: packages/flutter/src/services/browser_context_menu.dart
[        ] MetadataProvider: Loaded debug metadata for module: packages/flutter/src/services/asset_manifest.dart
[        ] MetadataProvider: Loaded debug metadata for module: packages/flutter_web_plugins/src/plugin_event_channel.dart
[        ] MetadataProvider: Loaded debug metadata for module: packages/flutter_web_plugins/src/navigation/utils.dart
[        ] MetadataProvider: Loaded debug metadata for module: packages/flutter_web_plugins/src/navigation/url_strategy.dart
[        ] MetadataProvider: Loaded debug metadata for module: packages/shared_preferences_web/shared_preferences_web.dart
[        ] MetadataProvider: Loaded debug metadata for module: packages/shared_preferences_web/src/keys_extension.dart
[        ] MetadataProvider: Loaded debug metadata for module: packages/web/src/helpers/renames.dart
[        ] MetadataProvider: Loaded debug metadata for module: packages/web/src/helpers/lists.dart
[        ] MetadataProvider: Loaded debug metadata for module: packages/web/src/dom.dart
[        ] MetadataProvider: Loaded debug metadata for module: packages/web/src/dom/web_animations_2.dart
[        ] MetadataProvider: Loaded debug metadata for module: packages/web/src/dom/server_timing.dart
[        ] MetadataProvider: Loaded debug metadata for module: packages/web/src/dom/css_typed_om.dart
[        ] MetadataProvider: Loaded debug metadata for module: packages/web/src/dom/geometry.dart
[        ] MetadataProvider: Loaded debug metadata for module: packages/web/src/dom/pointerlock.dart
[        ] MetadataProvider: Loaded debug metadata for module: packages/web/src/dom/fullscreen.dart
[        ] MetadataProvider: Loaded debug metadata for module: packages/web/src/dom/css_view_transitions.dart
[        ] MetadataProvider: Loaded debug metadata for module: packages/web/src/dom/webidl.dart
[        ] MetadataProvider: Loaded debug metadata for module: packages/web/src/dom/webcryptoapi.dart
[        ] MetadataProvider: Loaded debug metadata for module: packages/web/src/dom/video_rvfc.dart
[        ] MetadataProvider: Loaded debug metadata for module: packages/web/src/dom/vibration.dart
[        ] MetadataProvider: Loaded debug metadata for module: packages/web/src/dom/trusted_types.dart
[        ] MetadataProvider: Loaded debug metadata for module: packages/web/src/dom/trust_token_api.dart
[        ] MetadataProvider: Loaded debug metadata for module: packages/web/src/dom/referrer_policy.dart
[        ] MetadataProvider: Loaded debug metadata for module: packages/web/src/dom/private_network_access.dart
[        ] MetadataProvider: Loaded debug metadata for module: packages/web/src/dom/attribution_reporting_api.dart
[        ] MetadataProvider: Loaded debug metadata for module: packages/web/src/dom/requestidlecallback.dart
[        ] MetadataProvider: Loaded debug metadata for module: packages/web/src/dom/mediasession.dart
[        ] MetadataProvider: Loaded debug metadata for module: packages/web/src/dom/screen_capture.dart
[        ] MetadataProvider: Loaded debug metadata for module: packages/web/src/dom/image_capture.dart
[        ] MetadataProvider: Loaded debug metadata for module: packages/web/src/dom/media_playback_quality.dart
[        ] MetadataProvider: Loaded debug metadata for module: packages/web/src/dom/entries_api.dart
[        ] MetadataProvider: Loaded debug metadata for module: packages/web/src/dom/fido.dart
[        ] MetadataProvider: Loaded debug metadata for module: packages/web/src/dom/web_otp.dart
[        ] MetadataProvider: Loaded debug metadata for module: packages/web/src/dom/fedcm.dart
[        ] MetadataProvider: Loaded debug metadata for module: packages/web/src/dom/digital_identities.dart
[        ] MetadataProvider: Loaded debug metadata for module: packages/web/src/dom/webxr_hand_input.dart
[        ] MetadataProvider: Loaded debug metadata for module: packages/web/src/dom/webvtt.dart
[        ] MetadataProvider: Loaded debug metadata for module: packages/web/src/dom/webtransport.dart
[        ] MetadataProvider: Loaded debug metadata for module: packages/web/src/dom/websockets.dart
[        ] MetadataProvider: Loaded debug metadata for module: packages/web/src/dom/webrtc_priority.dart
[  +18 ms] MetadataProvider: Loaded debug metadata for module: packages/web/src/dom/webrtc_identity.dart
[        ] MetadataProvider: Loaded debug metadata for module: packages/web/src/dom/webrtc_encoded_transform.dart
[        ] MetadataProvider: Loaded debug metadata for module: packages/web/src/dom/webrtc.dart
[        ] MetadataProvider: Loaded debug metadata for module: packages/web/src/dom/mst_content_hint.dart
[        ] MetadataProvider: Loaded debug metadata for module: packages/web/src/dom/webgpu.dart
[        ] MetadataProvider: Loaded debug metadata for module: packages/web/src/dom/webgl_multi_draw.dart
[        ] MetadataProvider: Loaded debug metadata for module: packages/web/src/dom/webgl1.dart
[        ] MetadataProvider: Loaded debug metadata for module: packages/web/src/dom/webgl_lose_context.dart
[        ] MetadataProvider: Loaded debug metadata for module: packages/web/src/dom/webgl_draw_buffers.dart
[        ] MetadataProvider: Loaded debug metadata for module: packages/web/src/dom/webgl_depth_texture.dart
[        ] MetadataProvider: Loaded debug metadata for module: packages/web/src/dom/webgl_debug_shaders.dart
[        ] MetadataProvider: Loaded debug metadata for module: packages/web/src/dom/webgl_debug_renderer_info.dart
[        ] MetadataProvider: Loaded debug metadata for module: packages/web/src/dom/webgl_compressed_texture_s3tc_srgb.dart
[        ] MetadataProvider: Loaded debug metadata for module: packages/web/src/dom/webgl_compressed_texture_s3tc.dart
[   +1 ms] MetadataProvider: Loaded debug metadata for module: packages/web/src/dom/webgl_compressed_texture_pvrtc.dart
[        ] MetadataProvider: Loaded debug metadata for module: packages/web/src/dom/webgl_compressed_texture_etc1.dart
[        ] MetadataProvider: Loaded debug metadata for module: packages/web/src/dom/webgl_compressed_texture_etc.dart
[        ] MetadataProvider: Loaded debug metadata for module: packages/web/src/dom/webgl_compressed_texture_astc.dart
[        ] MetadataProvider: Loaded debug metadata for module: packages/web/src/dom/webgl_color_buffer_float.dart
[        ] MetadataProvider: Loaded debug metadata for module: packages/web/src/dom/webgl2.dart
[        ] MetadataProvider: Loaded debug metadata for module: packages/web/src/dom/webcodecs_vp9_codec_registration.dart
[        ] MetadataProvider: Loaded debug metadata for module: packages/web/src/dom/webcodecs_hevc_codec_registration.dart
[        ] MetadataProvider: Loaded debug metadata for module: packages/web/src/dom/webcodecs_avc_codec_registration.dart
[        ] MetadataProvider: Loaded debug metadata for module: packages/web/src/dom/webcodecs_av1_codec_registration.dart
[        ] MetadataProvider: Loaded debug metadata for module: packages/web/src/dom/webcodecs.dart
[        ] MetadataProvider: Loaded debug metadata for module: packages/web/src/dom/webaudio.dart
[        ] MetadataProvider: Loaded debug metadata for module: packages/web/src/dom/web_bluetooth.dart
[        ] MetadataProvider: Loaded debug metadata for module: packages/web/src/dom/wasm_js_api.dart
[        ] MetadataProvider: Loaded debug metadata for module: packages/web/src/dom/url.dart
[        ] MetadataProvider: Loaded debug metadata for module: packages/web/src/dom/touch_events.dart
[        ] MetadataProvider: Loaded debug metadata for module: packages/web/src/dom/svg_animations.dart
[        ] MetadataProvider: Loaded debug metadata for module: packages/web/src/dom/sanitizer_api.dart
[        ] MetadataProvider: Loaded debug metadata for module: packages/web/src/dom/saa_non_cookie_storage.dart
[        ] MetadataProvider: Loaded debug metadata for module: packages/web/src/dom/resize_observer.dart
[        ] MetadataProvider: Loaded debug metadata for module: packages/web/src/dom/reporting.dart
[        ] MetadataProvider: Loaded debug metadata for module: packages/web/src/dom/pointerevents.dart
[        ] MetadataProvider: Loaded debug metadata for module: packages/web/src/dom/paint_timing.dart
[        ] MetadataProvider: Loaded debug metadata for module: packages/web/src/dom/ovr_multiview2.dart
[        ] MetadataProvider: Loaded debug metadata for module: packages/web/src/dom/orientation_sensor.dart
[        ] MetadataProvider: Loaded debug metadata for module: packages/web/src/dom/generic_sensor.dart
[        ] MetadataProvider: Loaded debug metadata for module: packages/web/src/dom/orientation_event.dart
[        ] MetadataProvider: Loaded debug metadata for module: packages/web/src/dom/oes_vertex_array_object.dart
[        ] MetadataProvider: Loaded debug metadata for module: packages/web/src/dom/oes_texture_half_float_linear.dart
[        ] MetadataProvider: Loaded debug metadata for module: packages/web/src/dom/oes_texture_half_float.dart
[        ] MetadataProvider: Loaded debug metadata for module: packages/web/src/dom/oes_texture_float_linear.dart
[        ] MetadataProvider: Loaded debug metadata for module: packages/web/src/dom/oes_texture_float.dart
[        ] MetadataProvider: Loaded debug metadata for module: packages/web/src/dom/oes_standard_derivatives.dart
[        ] MetadataProvider: Loaded debug metadata for module: packages/web/src/dom/oes_fbo_render_mipmap.dart
[        ] MetadataProvider: Loaded debug metadata for module: packages/web/src/dom/oes_element_index_uint.dart
[        ] MetadataProvider: Loaded debug metadata for module: packages/web/src/dom/oes_draw_buffers_indexed.dart
[        ] MetadataProvider: Loaded debug metadata for module: packages/web/src/dom/mediastream_recording.dart
[        ] MetadataProvider: Loaded debug metadata for module: packages/web/src/dom/mediacapture_transform.dart
[        ] MetadataProvider: Loaded debug metadata for module: packages/web/src/dom/mediacapture_fromelement.dart
[        ] MetadataProvider: Loaded debug metadata for module: packages/web/src/dom/mathml_core.dart
[        ] MetadataProvider: Loaded debug metadata for module: packages/web/src/dom/largest_contentful_paint.dart
[        ] MetadataProvider: Loaded debug metadata for module: packages/web/src/dom/khr_parallel_shader_compile.dart
[   +2 ms] MetadataProvider: Loaded debug metadata for module: packages/web/src/dom/intersection_observer.dart
[        ] MetadataProvider: Loaded debug metadata for module: packages/web/src/dom/gyroscope.dart
[        ] MetadataProvider: Loaded debug metadata for module: packages/web/src/dom/filter_effects.dart
[        ] MetadataProvider: Loaded debug metadata for module: packages/web/src/dom/ext_texture_norm16.dart
[        ] MetadataProvider: Loaded debug metadata for module: packages/web/src/dom/ext_texture_filter_anisotropic.dart
[        ] MetadataProvider: Loaded debug metadata for module: packages/web/src/dom/ext_texture_compression_rgtc.dart
[        ] MetadataProvider: Loaded debug metadata for module: packages/web/src/dom/ext_texture_compression_bptc.dart
[        ] MetadataProvider: Loaded debug metadata for module: packages/web/src/dom/ext_srgb.dart
[        ] MetadataProvider: Loaded debug metadata for module: packages/web/src/dom/ext_shader_texture_lod.dart
[        ] MetadataProvider: Loaded debug metadata for module: packages/web/src/dom/ext_frag_depth.dart
[        ] MetadataProvider: Loaded debug metadata for module: packages/web/src/dom/ext_float_blend.dart
[        ] MetadataProvider: Loaded debug metadata for module: packages/web/src/dom/ext_disjoint_timer_query_webgl2.dart
[        ] MetadataProvider: Loaded debug metadata for module: packages/web/src/dom/ext_disjoint_timer_query.dart
[        ] MetadataProvider: Loaded debug metadata for module: packages/web/src/dom/ext_color_buffer_half_float.dart
[        ] MetadataProvider: Loaded debug metadata for module: packages/web/src/dom/ext_color_buffer_float.dart
[        ] MetadataProvider: Loaded debug metadata for module: packages/web/src/dom/ext_blend_minmax.dart
[        ] MetadataProvider: Loaded debug metadata for module: packages/web/src/dom/encoding.dart
[        ] MetadataProvider: Loaded debug metadata for module: packages/web/src/dom/dom_parsing.dart
[        ] MetadataProvider: Loaded debug metadata for module: packages/web/src/dom/css_view_transitions_2.dart
[        ] MetadataProvider: Loaded debug metadata for module: packages/web/src/dom/css_transitions_2.dart
[        ] MetadataProvider: Loaded debug metadata for module: packages/web/src/dom/css_transitions.dart
[        ] MetadataProvider: Loaded debug metadata for module: packages/web/src/dom/css_paint_api.dart
[        ] MetadataProvider: Loaded debug metadata for module: packages/web/src/dom/css_masking.dart
[        ] MetadataProvider: Loaded debug metadata for module: packages/web/src/dom/css_fonts.dart
[        ] MetadataProvider: Loaded debug metadata for module: packages/web/src/dom/css_counter_styles.dart
[        ] MetadataProvider: Loaded debug metadata for module: packages/web/src/dom/css_contain.dart
[        ] MetadataProvider: Loaded debug metadata for module: packages/web/src/dom/css_conditional_5.dart
[        ] MetadataProvider: Loaded debug metadata for module: packages/web/src/dom/css_conditional.dart
[        ] MetadataProvider: Loaded debug metadata for module: packages/web/src/dom/css_cascade_6.dart
[        ] MetadataProvider: Loaded debug metadata for module: packages/web/src/dom/css_cascade.dart
[        ] MetadataProvider: Loaded debug metadata for module: packages/web/src/dom/css_animations_2.dart
[        ] MetadataProvider: Loaded debug metadata for module: packages/web/src/dom/css_animations.dart
[        ] MetadataProvider: Loaded debug metadata for module: packages/web/src/dom/csp.dart
[        ] MetadataProvider: Loaded debug metadata for module: packages/web/src/dom/cookie_store.dart
[        ] MetadataProvider: Loaded debug metadata for module: packages/web/src/dom/console.dart
[        ] MetadataProvider: Loaded debug metadata for module: packages/web/src/dom/compression.dart
[        ] MetadataProvider: Loaded debug metadata for module: packages/web/src/dom/angle_instanced_arrays.dart
[        ] MetadataProvider: Loaded debug metadata for module: packages/web/src/dom/accelerometer.dart
[        ] MetadataProvider: Loaded debug metadata for module: packages/web/src/helpers/enums.dart
[        ] MetadataProvider: Loaded debug metadata for module: packages/web/src/helpers/extensions.dart
[        ] MetadataProvider: Loaded debug metadata for module: packages/web/src/helpers/cross_origin.dart
[        ] MetadataProvider: Loaded debug metadata for module: packages/shared_preferences_platform_interface/types.dart
[        ] MetadataProvider: Loaded debug metadata for module: packages/shared_preferences_platform_interface/method_channel_shared_preferences.dart
[        ] MetadataProvider: Loaded debug metadata for module: packages/plugin_platform_interface/plugin_platform_interface.dart
[        ] MetadataProvider: Loaded debug metadata for module: packages/shared_preferences_platform_interface/shared_preferences_async_platform_interface.dart
[        ] MetadataProvider: Loaded debug metadata for module: packages/calculus_system/main.dart
[        ] MetadataProvider: Loaded debug metadata for module: packages/calculus_system/theme/theme_provider.dart
[        ] MetadataProvider: Loaded debug metadata for module: packages/shared_preferences/src/shared_preferences_legacy.dart
[        ] MetadataProvider: Loaded debug metadata for module: packages/flutter/material.dart
[   +1 ms] MetadataProvider: Loaded debug metadata for module: packages/flutter/src/widgets/unique_widget.dart
[   +2 ms] MetadataProvider: Loaded debug metadata for module: packages/flutter/painting.dart
[        ] MetadataProvider: Loaded debug metadata for module: packages/flutter/src/painting/placeholder_span.dart
[        ] MetadataProvider: Loaded debug metadata for module: packages/flutter/src/painting/text_scaler.dart
[        ] MetadataProvider: Loaded debug metadata for module: packages/flutter/src/painting/basic_types.dart
[        ] MetadataProvider: Loaded debug metadata for module: packages/flutter/src/painting/colors.dart
[        ] MetadataProvider: Loaded debug metadata for module: packages/flutter/src/painting/star_border.dart
[        ] MetadataProvider: Loaded debug metadata for module: packages/flutter/src/painting/stadium_border.dart
[        ] MetadataProvider: Loaded debug metadata for module: packages/flutter/src/painting/rounded_rectangle_border.dart
[        ] MetadataProvider: Loaded debug metadata for module: packages/flutter/src/painting/circle_border.dart
[        ] MetadataProvider: Loaded debug metadata for module: packages/flutter/src/painting/borders.dart
[        ] MetadataProvider: Loaded debug metadata for module: packages/flutter/src/painting/edge_insets.dart
[        ] MetadataProvider: Loaded debug metadata for module: packages/flutter/src/painting/border_radius.dart
[        ] MetadataProvider: Loaded debug metadata for module: packages/flutter/src/painting/shape_decoration.dart
[        ] MetadataProvider: Loaded debug metadata for module: packages/flutter/src/painting/_network_image_web.dart
[        ] MetadataProvider: Loaded debug metadata for module: packages/flutter/src/painting/image_stream.dart
[        ] MetadataProvider: Loaded debug metadata for module: packages/flutter/src/painting/image_cache.dart
[        ] MetadataProvider: Loaded debug metadata for module: packages/flutter/src/painting/binding.dart
[        ] MetadataProvider: Loaded debug metadata for module: packages/flutter/src/painting/shader_warm_up.dart
[        ] MetadataProvider: Loaded debug metadata for module: packages/flutter/src/painting/debug.dart
[        ] MetadataProvider: Loaded debug metadata for module: packages/flutter/src/web.dart
[        ] MetadataProvider: Loaded debug metadata for module: packages/flutter/src/painting/gradient.dart
[        ] MetadataProvider: Loaded debug metadata for module: packages/flutter/src/painting/alignment.dart
[        ] MetadataProvider: Loaded debug metadata for module: packages/flutter/src/painting/decoration_image.dart
[        ] MetadataProvider: Loaded debug metadata for module: packages/flutter/src/painting/box_fit.dart
[        ] MetadataProvider: Loaded debug metadata for module: packages/flutter/src/painting/decoration.dart
[        ] MetadataProvider: Loaded debug metadata for module: packages/flutter/src/painting/box_shadow.dart
[        ] MetadataProvider: Loaded debug metadata for module: packages/flutter/src/painting/box_decoration.dart
[        ] MetadataProvider: Loaded debug metadata for module: packages/flutter/src/painting/box_border.dart
[        ] MetadataProvider: Loaded debug metadata for module: packages/flutter/src/painting/paint_utilities.dart
[        ] MetadataProvider: Loaded debug metadata for module: packages/flutter/src/painting/oval_border.dart
[        ] MetadataProvider: Loaded debug metadata for module: packages/flutter/src/painting/notched_shapes.dart
[        ] MetadataProvider: Loaded debug metadata for module: packages/flutter/src/painting/matrix_utils.dart
[        ] MetadataProvider: Loaded debug metadata for module: packages/flutter/src/painting/linear_border.dart
[        ] MetadataProvider: Loaded debug metadata for module: packages/flutter/src/painting/image_resolution.dart
[        ] MetadataProvider: Loaded debug metadata for module: packages/flutter/src/painting/image_decoder.dart
[        ] MetadataProvider: Loaded debug metadata for module: packages/flutter/src/painting/geometry.dart
[        ] MetadataProvider: Loaded debug metadata for module: packages/flutter/src/painting/fractional_offset.dart
[        ] MetadataProvider: Loaded debug metadata for module: packages/flutter/src/painting/flutter_logo.dart
[        ] MetadataProvider: Loaded debug metadata for module: packages/flutter/src/painting/continuous_rectangle_border.dart
[        ] MetadataProvider: Loaded debug metadata for module: packages/flutter/src/painting/clip.dart
[        ] MetadataProvider: Loaded debug metadata for module: packages/flutter/src/painting/beveled_rectangle_border.dart
[        ] MetadataProvider: Loaded debug metadata for module: packages/flutter/src/rendering/service_extensions.dart
[        ] MetadataProvider: Loaded debug metadata for module: packages/flutter/semantics.dart
[        ] MetadataProvider: Loaded debug metadata for module: packages/flutter/src/semantics/semantics_service.dart
[        ] MetadataProvider: Loaded debug metadata for module: packages/flutter/src/semantics/semantics_event.dart
[        ] MetadataProvider: Loaded debug metadata for module: packages/flutter/src/semantics/semantics.dart
[        ] MetadataProvider: Loaded debug metadata for module: packages/flutter/src/semantics/binding.dart
[        ] MetadataProvider: Loaded debug metadata for module: packages/flutter/src/semantics/debug.dart
[        ] MetadataProvider: Loaded debug metadata for module: packages/flutter/physics.dart
[        ] MetadataProvider: Loaded debug metadata for module: packages/flutter/src/physics/utils.dart
[        ] MetadataProvider: Loaded debug metadata for module: packages/flutter/src/physics/tolerance.dart
[        ] MetadataProvider: Loaded debug metadata for module: packages/flutter/src/physics/spring_simulation.dart
[        ] MetadataProvider: Loaded debug metadata for module: packages/flutter/src/physics/simulation.dart
[        ] MetadataProvider: Loaded debug metadata for module: packages/flutter/src/physics/gravity_simulation.dart
[        ] MetadataProvider: Loaded debug metadata for module: packages/flutter/src/physics/friction_simulation.dart
[        ] MetadataProvider: Loaded debug metadata for module: packages/flutter/src/physics/clamped_simulation.dart
[        ] MetadataProvider: Loaded debug metadata for module: packages/flutter/src/widgets/scroll_simulation.dart
[        ] MetadataProvider: Loaded debug metadata for module: packages/flutter/src/widgets/service_extensions.dart
[        ] MetadataProvider: Loaded debug metadata for module: packages/flutter/src/widgets/constants.dart
[        ] MetadataProvider: Loaded debug metadata for module: packages/flutter/src/rendering/table_border.dart
[        ] MetadataProvider: Loaded debug metadata for module: packages/flutter/src/widgets/standard_component_type.dart
[        ] MetadataProvider: Loaded debug metadata for module: packages/flutter/src/widgets/icon_data.dart
[        ] MetadataProvider: Loaded debug metadata for module: packages/flutter/src/material/user_accounts_drawer_header.dart
[        ] MetadataProvider: Loaded debug metadata for module: packages/flutter/src/material/time.dart
[        ] MetadataProvider: Loaded debug metadata for module: packages/flutter/src/material/colors.dart
[        ] MetadataProvider: Loaded debug metadata for module: packages/material_color_utilities/material_color_utilities.dart
[        ] MetadataProvider: Loaded debug metadata for module: packages/material_color_utilities/utils/string_utils.dart
[        ] MetadataProvider: Loaded debug metadata for module: packages/material_color_utilities/utils/color_utils.dart
[        ] MetadataProvider: Loaded debug metadata for module: packages/material_color_utilities/utils/math_utils.dart
[        ] MetadataProvider: Loaded debug metadata for module: packages/material_color_utilities/temperature/temperature_cache.dart
[        ] MetadataProvider: Loaded debug metadata for module: packages/material_color_utilities/hct/hct.dart
[        ] MetadataProvider: Loaded debug metadata for module: packages/material_color_utilities/hct/viewing_conditions.dart
[        ] MetadataProvider: Loaded debug metadata for module: packages/material_color_utilities/hct/src/hct_solver.dart
[        ] MetadataProvider: Loaded debug metadata for module: packages/material_color_utilities/hct/cam16.dart
[        ] MetadataProvider: Loaded debug metadata for module: packages/material_color_utilities/score/score.dart
[        ] MetadataProvider: Loaded debug metadata for module: packages/material_color_utilities/scheme/scheme_vibrant.dart
[        ] MetadataProvider: Loaded debug metadata for module: packages/material_color_utilities/palettes/tonal_palette.dart
[        ] MetadataProvider: Loaded debug metadata for module: packages/material_color_utilities/dynamiccolor/variant.dart
[        ] MetadataProvider: Loaded debug metadata for module: packages/material_color_utilities/dynamiccolor/src/tone_delta_pair.dart
[        ] MetadataProvider: Loaded debug metadata for module: packages/material_color_utilities/dynamiccolor/src/contrast_curve.dart
[        ] MetadataProvider: Loaded debug metadata for module: packages/material_color_utilities/contrast/contrast.dart
[        ] MetadataProvider: Loaded debug metadata for module: packages/material_color_utilities/dislike/dislike_analyzer.dart
[        ] MetadataProvider: Loaded debug metadata for module: packages/material_color_utilities/scheme/scheme_tonal_spot.dart
[        ] MetadataProvider: Loaded debug metadata for module: packages/material_color_utilities/scheme/scheme_rainbow.dart
[        ] MetadataProvider: Loaded debug metadata for module: packages/material_color_utilities/scheme/scheme_neutral.dart
[        ] MetadataProvider: Loaded debug metadata for module: packages/material_color_utilities/scheme/scheme_monochrome.dart
[        ] MetadataProvider: Loaded debug metadata for module: packages/material_color_utilities/scheme/scheme_fruit_salad.dart
[        ] MetadataProvider: Loaded debug metadata for module: packages/material_color_utilities/scheme/scheme_fidelity.dart
[        ] MetadataProvider: Loaded debug metadata for module: packages/material_color_utilities/scheme/scheme_expressive.dart
[        ] MetadataProvider: Loaded debug metadata for module: packages/material_color_utilities/scheme/scheme_content.dart
[        ] MetadataProvider: Loaded debug metadata for module: packages/material_color_utilities/scheme/scheme.dart
[        ] MetadataProvider: Loaded debug metadata for module: packages/material_color_utilities/palettes/core_palette.dart
[   +1 ms] MetadataProvider: Loaded debug metadata for module: packages/material_color_utilities/quantize/quantizer_wu.dart
[        ] MetadataProvider: Loaded debug metadata for module: packages/material_color_utilities/quantize/quantizer_map.dart
[        ] MetadataProvider: Loaded debug metadata for module: packages/material_color_utilities/quantize/quantizer.dart
[        ] MetadataProvider: Loaded debug metadata for module: packages/material_color_utilities/quantize/quantizer_wsmeans.dart
[        ] MetadataProvider: Loaded debug metadata for module: packages/material_color_utilities/quantize/src/point_provider_lab.dart
[        ] MetadataProvider: Loaded debug metadata for module: packages/material_color_utilities/quantize/src/point_provider.dart
[        ] MetadataProvider: Loaded debug metadata for module: packages/material_color_utilities/quantize/quantizer_celebi.dart
[        ] MetadataProvider: Loaded debug metadata for module: packages/material_color_utilities/blend/blend.dart
[        ] MetadataProvider: Loaded debug metadata for module: packages/flutter/src/material/material_state.dart
[        ] MetadataProvider: Loaded debug metadata for module: packages/flutter/src/material/input_border.dart
[        ] MetadataProvider: Loaded debug metadata for module: packages/flutter/src/material/constants.dart
[        ] MetadataProvider: Loaded debug metadata for module: packages/flutter/src/material/tooltip_visibility.dart
[        ] MetadataProvider: Loaded debug metadata for module: packages/flutter/src/material/icons.dart
[        ] MetadataProvider: Loaded debug metadata for module: packages/flutter/src/material/floating_action_button_theme.dart
[        ] MetadataProvider: Loaded debug metadata for module: packages/flutter/src/material/material_state_mixin.dart
[        ] MetadataProvider: Loaded debug metadata for module: packages/flutter/src/material/curves.dart
[        ] MetadataProvider: Loaded debug metadata for module: packages/flutter/src/material/bottom_sheet_theme.dart
[        ] MetadataProvider: Loaded debug metadata for module: packages/flutter/src/material/tab_indicator.dart
[        ] MetadataProvider: Loaded debug metadata for module: packages/flutter/src/material/tab_controller.dart
[        ] MetadataProvider: Loaded debug metadata for module: packages/flutter/src/material/drawer_header.dart
[        ] MetadataProvider: Loaded debug metadata for module: packages/flutter/src/material/toggle_buttons.dart
[        ] MetadataProvider: Loaded debug metadata for module: packages/flutter/src/material/time_picker.dart
[        ] MetadataProvider: Loaded debug metadata for module: packages/flutter/src/material/text_form_field.dart
[        ] MetadataProvider: Loaded debug metadata for module: packages/flutter/src/material/text_field.dart
[        ] MetadataProvider: Loaded debug metadata for module: packages/flutter/src/material/text_selection.dart
[        ] MetadataProvider: Loaded debug metadata for module: packages/flutter/src/material/text_selection_toolbar_text_button.dart
[        ] MetadataProvider: Loaded debug metadata for module: packages/flutter/src/material/text_selection_toolbar.dart
[        ] MetadataProvider: Loaded debug metadata for module: packages/flutter/src/material/spell_check_suggestions_toolbar.dart
[        ] MetadataProvider: Loaded debug metadata for module: packages/flutter/src/material/spell_check_suggestions_toolbar_layout_delegate.dart
[        ] MetadataProvider: Loaded debug metadata for module: packages/flutter/src/material/adaptive_text_selection_toolbar.dart
[        ] MetadataProvider: Loaded debug metadata for module: packages/flutter/src/material/desktop_text_selection_toolbar_button.dart
[        ] MetadataProvider: Loaded debug metadata for module: packages/flutter/src/material/desktop_text_selection_toolbar.dart
[        ] MetadataProvider: Loaded debug metadata for module: packages/flutter/src/material/selectable_text.dart
[        ] MetadataProvider: Loaded debug metadata for module: packages/flutter/src/material/magnifier.dart
[        ] MetadataProvider: Loaded debug metadata for module: packages/flutter/src/material/desktop_text_selection.dart
[        ] MetadataProvider: Loaded debug metadata for module: packages/flutter/src/material/dialog.dart
[        ] MetadataProvider: Loaded debug metadata for module: packages/flutter/src/material/switch_list_tile.dart
[        ] MetadataProvider: Loaded debug metadata for module: packages/flutter/src/material/switch.dart
[        ] MetadataProvider: Loaded debug metadata for module: packages/flutter/src/material/shadows.dart
[        ] MetadataProvider: Loaded debug metadata for module: packages/flutter/src/material/stepper.dart
[        ] MetadataProvider: Loaded debug metadata for module: packages/flutter/src/material/selection_area.dart
[        ] MetadataProvider: Loaded debug metadata for module: packages/flutter/src/material/segmented_button.dart
[        ] MetadataProvider: Loaded debug metadata for module: packages/flutter/src/material/search_anchor.dart
[        ] MetadataProvider: Loaded debug metadata for module: packages/flutter/src/material/back_button.dart
[        ] MetadataProvider: Loaded debug metadata for module: packages/flutter/src/material/search.dart
[        ] MetadataProvider: Loaded debug metadata for module: packages/flutter/src/material/reorderable_list.dart
[        ] MetadataProvider: Loaded debug metadata for module: packages/flutter/src/material/refresh_indicator.dart
[        ] MetadataProvider: Loaded debug metadata for module: packages/flutter/src/material/progress_indicator.dart
[        ] MetadataProvider: Loaded debug metadata for module: packages/flutter/src/material/range_slider.dart
[        ] MetadataProvider: Loaded debug metadata for module: packages/flutter/src/material/radio_list_tile.dart
[        ] MetadataProvider: Loaded debug metadata for module: packages/flutter/src/material/predictive_back_page_transitions_builder.dart
[        ] MetadataProvider: Loaded debug metadata for module: packages/flutter/src/material/popup_menu.dart
[        ] MetadataProvider: Loaded debug metadata for module: packages/flutter/src/material/paginated_data_table.dart
[        ] MetadataProvider: Loaded debug metadata for module: packages/flutter/src/material/dropdown.dart
[        ] MetadataProvider: Loaded debug metadata for module: packages/flutter/src/material/data_table_source.dart
[        ] MetadataProvider: Loaded debug metadata for module: packages/flutter/src/material/data_table.dart
[        ] MetadataProvider: Loaded debug metadata for module: packages/flutter/src/material/card.dart
[        ] MetadataProvider: Loaded debug metadata for module: packages/flutter/src/material/page.dart
[        ] MetadataProvider: Loaded debug metadata for module: packages/flutter/src/material/no_splash.dart
[        ] MetadataProvider: Loaded debug metadata for module: packages/flutter/src/material/motion.dart
[        ] MetadataProvider: Loaded debug metadata for module: packages/flutter/src/material/mergeable_material.dart
[        ] MetadataProvider: Loaded debug metadata for module: packages/flutter/src/material/input_date_picker_form_field.dart
[        ] MetadataProvider: Loaded debug metadata for module: packages/flutter/src/material/date.dart
[        ] MetadataProvider: Loaded debug metadata for module: packages/flutter/src/material/input_chip.dart
[        ] MetadataProvider: Loaded debug metadata for module: packages/flutter/src/material/chip.dart
[        ] MetadataProvider: Loaded debug metadata for module: packages/flutter/src/material/grid_tile_bar.dart
[        ] MetadataProvider: Loaded debug metadata for module: packages/flutter/src/material/grid_tile.dart
[        ] MetadataProvider: Loaded debug metadata for module: packages/flutter/src/material/filter_chip.dart
[        ] MetadataProvider: Loaded debug metadata for module: packages/flutter/src/material/expansion_tile.dart
[        ] MetadataProvider: Loaded debug metadata for module: packages/flutter/src/material/expansion_panel.dart
[        ] MetadataProvider: Loaded debug metadata for module: packages/flutter/src/material/expand_icon.dart
[        ] MetadataProvider: Loaded debug metadata for module: packages/flutter/src/material/dropdown_menu.dart
[        ] MetadataProvider: Loaded debug metadata for module: packages/flutter/src/material/date_picker.dart
[        ] MetadataProvider: Loaded debug metadata for module: packages/flutter/src/material/calendar_date_picker.dart
[        ] MetadataProvider: Loaded debug metadata for module: packages/flutter/src/material/circle_avatar.dart
[        ] MetadataProvider: Loaded debug metadata for module: packages/flutter/src/material/choice_chip.dart
[        ] MetadataProvider: Loaded debug metadata for module: packages/flutter/src/material/checkbox_list_tile.dart
[        ] MetadataProvider: Loaded debug metadata for module: packages/flutter/src/material/carousel.dart
[        ] MetadataProvider: Loaded debug metadata for module: packages/flutter/src/material/button_bar.dart
[        ] MetadataProvider: Loaded debug metadata for module: packages/flutter/src/material/bottom_app_bar.dart
[        ] MetadataProvider: Loaded debug metadata for module: packages/flutter/src/material/badge.dart
[        ] MetadataProvider: Loaded debug metadata for module: packages/flutter/src/material/autocomplete.dart
[        ] MetadataProvider: Loaded debug metadata for module: packages/flutter/src/material/arc.dart
[        ] MetadataProvider: Loaded debug metadata for module: packages/flutter/src/material/app.dart
[        ] MetadataProvider: Loaded debug metadata for module: packages/flutter/src/material/animated_icons.dart
[        ] MetadataProvider: Loaded debug metadata for module: packages/flutter/src/material/action_chip.dart
[        ] MetadataProvider: Loaded debug metadata for module: packages/flutter/src/material/about.dart
[        ] MetadataProvider: Loaded debug metadata for module: packages/provider/provider.dart
[        ] MetadataProvider: Loaded debug metadata for module: packages/provider/src/value_listenable_provider.dart
[        ] MetadataProvider: Loaded debug metadata for module: packages/provider/src/provider.dart
[        ] MetadataProvider: Loaded debug metadata for module: packages/provider/src/reassemble_handler.dart
[        ] MetadataProvider: Loaded debug metadata for module: packages/nested/nested.dart
[        ] MetadataProvider: Loaded debug metadata for module: packages/provider/src/selector.dart
[        ] MetadataProvider: Loaded debug metadata for module: packages/provider/src/proxy_provider.dart
[        ] MetadataProvider: Loaded debug metadata for module: packages/provider/src/listenable_provider.dart
[        ] MetadataProvider: Loaded debug metadata for module: packages/provider/src/async_provider.dart
[        ] MetadataProvider: Loaded debug metadata for module: packages/calculus_system/app_router.dart
[        ] MetadataProvider: Loaded debug metadata for module: packages/calculus_system/modules/circles/raidus/screen/radiusui.dart
[        ] MetadataProvider: Loaded debug metadata for module: packages/calculus_system/modules/circles/raidus/screen/subscreen/radius_steps.dart
[        ] MetadataProvider: Loaded debug metadata for module: packages/calculus_system/modules/circles/raidus/Theme/radiustheme.dart
[        ] MetadataProvider: Loaded debug metadata for module: packages/calculus_system/modules/circles/raidus/screen/subscreen/radius_result.dart
[        ] MetadataProvider: Loaded debug metadata for module: packages/calculus_system/modules/circles/raidus/screen/subscreen/radius_input_card.dart
[        ] MetadataProvider: Loaded debug metadata for module: packages/calculus_system/modules/circles/raidus/screen/subscreen/radius_header.dart
[        ] MetadataProvider: Loaded debug metadata for module: packages/calculus_system/modules/circles/raidus/screen/subscreen/radius_formula_card.dart
[        ] MetadataProvider: Loaded debug metadata for module: packages/calculus_system/modules/circles/raidus/screen/subscreen/radius_error_card.dart
[        ] MetadataProvider: Loaded debug metadata for module: packages/calculus_system/modules/circles/raidus/screen/subscreen/radius_action_buttons.dart
[        ] MetadataProvider: Loaded debug metadata for module: packages/calculus_system/modules/circles/raidus/controller/radius_controller.dart
[        ] MetadataProvider: Loaded debug metadata for module: packages/calculus_system/modules/circles/raidus/solver/radius_solver.dart
[        ] MetadataProvider: Loaded debug metadata for module: packages/calculus_system/modules/circles/center_raidus_form/screen/center_radiusui.dart
[        ] MetadataProvider: Loaded debug metadata for module: packages/calculus_system/modules/circles/center_raidus_form/screen/subscreen/solution_steps.dart
[        ] MetadataProvider: Loaded debug metadata for module: packages/calculus_system/modules/circles/center_raidus_form/screen/subscreen/step_tile.dart
[        ] MetadataProvider: Loaded debug metadata for module: packages/calculus_system/modules/circles/center_raidus_form/solver/center_radius_solver.dart
[        ] MetadataProvider: Loaded debug metadata for module: packages/calculus_system/modules/circles/center_raidus_form/Theme/center_radius_theme.dart
[        ] MetadataProvider: Loaded debug metadata for module: packages/calculus_system/modules/circles/center_raidus_form/screen/subscreen/input_card.dart
[   +1 ms] MetadataProvider: Loaded debug metadata for module: packages/calculus_system/modules/circles/center_raidus_form/controller/center_radius_controller.dart
[        ] MetadataProvider: Loaded debug metadata for module: packages/calculus_system/modules/circles/center_raidus_form/controller/general_form_parse.dart
[        ] MetadataProvider: Loaded debug metadata for module: packages/calculus_system/modules/circles/card_picker_screen.dart
[        ] MetadataProvider: Loaded debug metadata for module: packages/calculus_system/modules/circles/finding_center_radius_card.dart
[        ] MetadataProvider: Loaded debug metadata for module: packages/go_router/go_router.dart
[        ] MetadataProvider: Loaded debug metadata for module: packages/go_router/src/route_data.dart
[        ] MetadataProvider: Loaded debug metadata for module: packages/go_router/src/misc/errors.dart
[        ] MetadataProvider: Loaded debug metadata for module: packages/go_router/src/logging.dart
[        ] MetadataProvider: Loaded debug metadata for module: packages/logging/logging.dart
[        ] MetadataProvider: Loaded debug metadata for module: packages/logging/src/logger.dart
[        ] MetadataProvider: Loaded debug metadata for module: packages/logging/src/level.dart
[        ] MetadataProvider: Loaded debug metadata for module: packages/go_router/src/pages/custom_transition_page.dart
[        ] MetadataProvider: Loaded debug metadata for module: packages/calculus_system/modules/circles/finding_center_card.dart
[        ] MetadataProvider: Loaded debug metadata for module: packages/calculus_system/modules/circles/finding%20_radius_card.dart
[        ] MetadataProvider: Loaded debug metadata for module: packages/calculus_system/modules/two-point%20slope/ui/twopointslopescreen.dart
[        ] MetadataProvider: Loaded debug metadata for module: packages/calculus_system/modules/two-point%20slope/solver/two_point_slope_steps.dart
[        ] MetadataProvider: Loaded debug metadata for module: packages/calculus_system/modules/two-point%20slope/solver/two_point_slope_solver.dart
[        ] MetadataProvider: Loaded debug metadata for module: packages/calculus_system/modules/two-point%20slope/Theme/two_point_slope_theme.dart
[        ] MetadataProvider: Loaded debug metadata for module: packages/calculus_system/modules/two-point%20slope/graph/two_point_slope_graph.dart
[        ] MetadataProvider: Loaded debug metadata for module: packages/fl_chart/src/chart/scatter_chart/scatter_chart_helper.dart
[        ] MetadataProvider: Loaded debug metadata for module: packages/fl_chart/src/extensions/color_extension.dart
[        ] MetadataProvider: Loaded debug metadata for module: packages/fl_chart/src/utils/list_wrapper.dart
[        ] MetadataProvider: Loaded debug metadata for module: packages/equatable/src/equatable_mixin.dart
[        ] MetadataProvider: Loaded debug metadata for module: packages/fl_chart/src/utils/utils.dart
[        ] MetadataProvider: Loaded debug metadata for module: packages/fl_chart/src/extensions/path_extension.dart
[        ] MetadataProvider: Loaded debug metadata for module: packages/fl_chart/src/utils/path_drawing/dash_path.dart
[        ] MetadataProvider: Loaded debug metadata for module: packages/fl_chart/src/extensions/border_extension.dart
[        ] MetadataProvider: Loaded debug metadata for module: packages/fl_chart/src/extensions/paint_extension.dart
[        ] MetadataProvider: Loaded debug metadata for module: packages/fl_chart/src/extensions/text_align_extension.dart
[        ] MetadataProvider: Loaded debug metadata for module: packages/fl_chart/src/extensions/rrect_extension.dart
[        ] MetadataProvider: Loaded debug metadata for module: packages/fl_chart/src/chart/base/base_chart/fl_touch_event.dart
[        ] MetadataProvider: Loaded debug metadata for module: packages/fl_chart/src/extensions/edge_insets_extension.dart
[        ] MetadataProvider: Loaded debug metadata for module: packages/fl_chart/src/chart/base/axis_chart/side_titles/side_titles_flex.dart
[        ] MetadataProvider: Loaded debug metadata for module: packages/fl_chart/src/chart/base/line.dart
[        ] MetadataProvider: Loaded debug metadata for module: packages/fl_chart/src/extensions/gradient_extension.dart
[        ] MetadataProvider: Loaded debug metadata for module: packages/calculus_system/modules/two-point%20slope/controller/two_point_slope_controller.dart
[        ] MetadataProvider: Loaded debug metadata for module: packages/calculus_system/modules/y-intercept/ui/y_intercept_ui.dart
[        ] MetadataProvider: Loaded debug metadata for module: packages/calculus_system/modules/y-intercept/Graph/graph.dart
[        ] MetadataProvider: Loaded debug metadata for module: packages/calculus_system/modules/y-intercept/solver/parallel_perpendicular.dart
[        ] MetadataProvider: Loaded debug metadata for module: packages/calculus_system/modules/y-intercept/solver/fraction.dart
[        ] MetadataProvider: Loaded debug metadata for module: packages/calculus_system/modules/y-intercept/solver/y-intercpet_solver.dart
[        ] MetadataProvider: Loaded debug metadata for module: packages/calculus_system/modules/y-intercept/Theme/theme.dart
[        ] MetadataProvider: Loaded debug metadata for module: packages/calculus_system/modules/pointslope/ui/pointslopescreen.dart
[        ] MetadataProvider: Loaded debug metadata for module: packages/calculus_system/modules/pointslope/solver/pointslopesteps.dart
[        ] MetadataProvider: Loaded debug metadata for module: packages/calculus_system/modules/pointslope/Theme/pointslopetheme.dart
[        ] MetadataProvider: Loaded debug metadata for module: packages/calculus_system/modules/pointslope/solver/pointslopesolver.dart
[        ] MetadataProvider: Loaded debug metadata for module: packages/calculus_system/modules/pointslope/solver/fractionsolver.dart
[        ] MetadataProvider: Loaded debug metadata for module: packages/calculus_system/modules/pointslope/ui/pointslopesubwidget.dart
[        ] MetadataProvider: Loaded debug metadata for module: packages/calculus_system/modules/midpoint/ui/midpointscreen.dart
[        ] MetadataProvider: Loaded debug metadata for module: packages/calculus_system/modules/midpoint/Theme/midpointtheme.dart
[        ] MetadataProvider: Loaded debug metadata for module: packages/calculus_system/modules/midpoint/Solver/midpointsteps.dart
[        ] MetadataProvider: Loaded debug metadata for module: packages/calculus_system/modules/midpoint/Solver/midpointsolver.dart
[        ] MetadataProvider: Loaded debug metadata for module: packages/calculus_system/modules/slope/ui/slopescreen.dart
[        ] MetadataProvider: Loaded debug metadata for module: packages/calculus_system/modules/slope/ui/slope_step_dialog.dart
[        ] MetadataProvider: Loaded debug metadata for module: packages/calculus_system/modules/slope/ui/slope_step.dart
[        ] MetadataProvider: Loaded debug metadata for module: packages/calculus_system/modules/slope/types/slope_solver.dart
[        ] MetadataProvider: Loaded debug metadata for module: packages/calculus_system/modules/slope/theme/slope_theme.dart
[        ] MetadataProvider: Loaded debug metadata for module: packages/calculus_system/modules/slope/graph/slopegraph.dart
[        ] MetadataProvider: Loaded debug metadata for module: packages/calculus_system/modules/slope/ui/slope_result.dart
[        ] MetadataProvider: Loaded debug metadata for module: packages/calculus_system/modules/slope/ui/slope_input_field.dart
[        ] MetadataProvider: Loaded debug metadata for module: packages/calculus_system/modules/slope/ui/slope_comparison.dart
[        ] MetadataProvider: Loaded debug metadata for module: packages/calculus_system/modules/inequalities/radical/screen/radical_screen.dart
[        ] MetadataProvider: Loaded debug metadata for module: packages/calculus_system/modules/inequalities/radical/solver/radical_solver.dart
[        ] MetadataProvider: Loaded debug metadata for module: packages/calculus_system/modules/inequalities/radical/solver/radical_models.dart
[        ] MetadataProvider: Loaded debug metadata for module: packages/calculus_system/modules/inequalities/radical/solver/radical_parsers.dart
[        ] MetadataProvider: Loaded debug metadata for module: packages/calculus_system/modules/inequalities/core/inequality_core_solver.dart
[        ] MetadataProvider: Loaded debug metadata for module: packages/calculus_system/modules/inequalities/radical/solver/radical_form.dart
[        ] MetadataProvider: Loaded debug metadata for module: packages/calculus_system/modules/inequalities/radical/solver/radical_helpers.dart
[        ] MetadataProvider: Loaded debug metadata for module: packages/calculus_system/core/solve_result.dart
[        ] MetadataProvider: Loaded debug metadata for module: packages/calculus_system/core/step_model.dart
[        ] MetadataProvider: Loaded debug metadata for module: packages/calculus_system/modules/inequalities/core/base_inequality_screen.dart
[        ] MetadataProvider: Loaded debug metadata for module: packages/calculus_system/shared/widgets/steps_drawer.dart
[        ] MetadataProvider: Loaded debug metadata for module: packages/calculus_system/shared/widgets/math_input_field.dart
[        ] MetadataProvider: Loaded debug metadata for module: packages/calculus_system/shared/widgets/graph_widget.dart
[        ] MetadataProvider: Loaded debug metadata for module: packages/calculus_system/shared/widgets/answer_card.dart
[        ] MetadataProvider: Loaded debug metadata for module: packages/calculus_system/modules/inequalities/theme/inequality_theme.dart
[        ] MetadataProvider: Loaded debug metadata for module: packages/calculus_system/modules/inequalities/graph/inequality_graph.dart
[        ] MetadataProvider: Loaded debug metadata for module: packages/calculus_system/core/base_graph.dart
[        ] MetadataProvider: Loaded debug metadata for module: packages/calculus_system/modules/inequalities/quadratic/screen/quadratic_screen.dart
[        ] MetadataProvider: Loaded debug metadata for module: packages/calculus_system/modules/inequalities/quadratic/solver/quadratic_solver.dart
[        ] MetadataProvider: Loaded debug metadata for module: packages/calculus_system/modules/inequalities/rational/screen/rational_screen.dart
[        ] MetadataProvider: Loaded debug metadata for module: packages/calculus_system/modules/inequalities/rational/solver/rational_solver.dart
[        ] MetadataProvider: Loaded debug metadata for module: packages/calculus_system/modules/inequalities/simple/screen/simple_screen.dart
[        ] MetadataProvider: Loaded debug metadata for module: packages/calculus_system/modules/inequalities/core/linear_solver.dart
[        ] MetadataProvider: Loaded debug metadata for module: packages/calculus_system/modules/inequalities/continued/screen/continued_screen.dart
[        ] MetadataProvider: Loaded debug metadata for module: packages/calculus_system/modules/inequalities/absolute/screen/absolute_screen.dart
[        ] MetadataProvider: Loaded debug metadata for module: packages/calculus_system/modules/inequalities/absolute/solver/absolute_solver.dart
[        ] MetadataProvider: Loaded debug metadata for module: packages/calculus_system/modules/inequalities/non_strict/screen/non_strict_screen.dart
[        ] MetadataProvider: Loaded debug metadata for module: packages/calculus_system/modules/inequalities/strict/screen/strict_screen.dart
[        ] MetadataProvider: Loaded debug metadata for module: packages/calculus_system/modules/inequalities/card_picker_screen.dart
[        ] MetadataProvider: Loaded debug metadata for module: packages/calculus_system/modules/inequalities/radical_card.dart
[        ] MetadataProvider: Loaded debug metadata for module: packages/calculus_system/modules/inequalities/core/animated_inequality_card.dart
[        ] MetadataProvider: Loaded debug metadata for module: packages/calculus_system/modules/inequalities/strict_card.dart
[        ] MetadataProvider: Loaded debug metadata for module: packages/calculus_system/modules/inequalities/simple_card.dart
[        ] MetadataProvider: Loaded debug metadata for module: packages/calculus_system/modules/inequalities/rational_card.dart
[        ] MetadataProvider: Loaded debug metadata for module: packages/calculus_system/modules/inequalities/quadratic_card.dart
[        ] MetadataProvider: Loaded debug metadata for module: packages/calculus_system/modules/inequalities/non_strict_card.dart
[        ] MetadataProvider: Loaded debug metadata for module: packages/calculus_system/modules/inequalities/continued_card.dart
[        ] MetadataProvider: Loaded debug metadata for module: packages/calculus_system/modules/inequalities/absolute_card.dart
[        ] MetadataProvider: Loaded debug metadata for module: packages/calculus_system/screens/activation_screen.dart
[        ] MetadataProvider: Loaded debug metadata for module: packages/calculus_system/screens/category_picker_screen.dart
[        ] MetadataProvider: Loaded debug metadata for module: packages/calculus_system/screens/twopointslopecard.dart
[        ] MetadataProvider: Loaded debug metadata for module: packages/calculus_system/core/module_registry.dart
[        ] MetadataProvider: Loaded debug metadata for module: packages/calculus_system/screens/circlecard.dart
[        ] MetadataProvider: Loaded debug metadata for module: packages/calculus_system/screens/y-interceptcard.dart
[        ] MetadataProvider: Loaded debug metadata for module: packages/calculus_system/screens/pointslopecard.dart
[        ] MetadataProvider: Loaded debug metadata for module: packages/calculus_system/screens/midpointcard.dart
[        ] MetadataProvider: Loaded debug metadata for module: packages/calculus_system/screens/slopecard.dart
[        ] MetadataProvider: Loaded debug metadata for module: packages/calculus_system/screens/distancecard.dart
[        ] MetadataProvider: Loaded debug metadata for module: packages/calculus_system/screens/inequality.dart
[        ] MetadataProvider: Loaded debug metadata for module: packages/calculus_system/screens/about_sheets.dart
[        ] MetadataProvider: Loaded debug metadata for module: packages/calculus_system/modules/Distance/ui/distancescreen.dart
[        ] MetadataProvider: Loaded debug metadata for module: packages/calculus_system/modules/Distance/solver/distancesteps.dart
[        ] MetadataProvider: Loaded debug metadata for module: packages/calculus_system/modules/Distance/Theme/distancetheme.dart
[        ] MetadataProvider: Loaded debug metadata for module: packages/calculus_system/modules/Distance/solver/distancesolver.dart
[        ] MetadataProvider: Loaded debug metadata for module: packages/calculus_system/modules/Distance/Graph/distance_graph.dart
[        ] MetadataProvider: Loaded debug metadata for module: packages/calculus_system/modules/circles/center/screen/subscreens/center_screen.dart
[        ] MetadataProvider: Loaded debug metadata for module: packages/calculus_system/modules/circles/center/screen/subscreens/error_section.dart
[        ] MetadataProvider: Loaded debug metadata for module: packages/calculus_system/modules/circles/center/screen/subscreens/result_section.dart
[        ] MetadataProvider: Loaded debug metadata for module: packages/calculus_system/modules/circles/center/solver/centersolver.dart
[        ] MetadataProvider: Loaded debug metadata for module: packages/calculus_system/modules/circles/center/Theme/centertheme.dart
[        ] MetadataProvider: Loaded debug metadata for module: packages/calculus_system/modules/circles/center/screen/subscreens/step_section.dart
[        ] MetadataProvider: Loaded debug metadata for module: packages/calculus_system/modules/circles/center/screen/subscreens/input_section.dart
[        ] MetadataProvider: Loaded debug metadata for module: packages/calculus_system/modules/circles/center/controller/centercontroller.dart
[        ] MetadataProvider: Loaded debug metadata for module: packages/calculus_system/modules/circles/center/screen/subscreens/formula_card.dart
[        ] MetadataProvider: Loaded debug metadata for module: packages/calculus_system/modules/circles/center/screen/subscreens/header_bar.dart
[        ] MetadataProvider: Loaded debug metadata (sound null safety)
[   +8 ms] DwdsInjector: Injected debugging metadata for entrypoint at http://localhost:62368/main_module.bootstrap.js
[+7756 ms] ChromeProxyService: Initializing expression compiler for main_module.bootstrap.js with sound null safety: true
[  +91 ms] ChromeProxyService: Caching package:flutter/src/widgets/widget_inspector.dart in expression compiler worker
[ +169 ms] DevHandler: Debug service listening on ws://127.0.0.1:60525/kxEZW6QKp98=/ws

[  +17 ms] DevHandler: VmService proxy responded with an error:
           {jsonrpc: 2.0, id: 10, error: {code: -32601, message: Method not found, data: {jsonrpc: 2.0, method: _setStreamIncludePrivateMembers, id: 10, params: {streamId: Stdout, includePrivateMembers: false}}}}
[   +6 ms] This app is linked to the debug service: ws://127.0.0.1:60525/kxEZW6QKp98=/ws
[   +1 ms] DevHandler: VmService proxy responded with an error:
           {jsonrpc: 2.0, id: 11, error: {code: -32601, message: Method not found, data: {jsonrpc: 2.0, method: _setStreamIncludePrivateMembers, id: 11, params: {streamId: Stderr, includePrivateMembers: false}}}}
[  +15 ms] DevHandler: VmService proxy responded with an error:
           {jsonrpc: 2.0, id: 13, error: {code: -32601, message: Method not found, data: {jsonrpc: 2.0, method: _setStreamIncludePrivateMembers, id: 13, params: {streamId: Isolate, includePrivateMembers: false}}}}
[   +7 ms] DevHandler: VmService proxy responded with an error:
           {jsonrpc: 2.0, id: 14, error: {code: -32601, message: Method not found, data: {jsonrpc: 2.0, method: _setStreamIncludePrivateMembers, id: 14, params: {streamId: Extension, includePrivateMembers: false}}}}
[   +5 ms] Debug service listening on ws://127.0.0.1:60525/kxEZW6QKp98=/ws
[   +4 ms]   To hot restart changes while running, press "r" or "R".
[        ] For a more detailed help message, press "h". To quit, press "q".
[   +1 ms] A Dart VM Service on Chrome is available at: http://127.0.0.1:60525/kxEZW6QKp98=
[  +14 ms] ExpressionEvaluator: Evaluating "() { return true; }" at packages/flutter/src/widgets/unique_widget.dart
[  +61 ms] ExpressionEvaluator: Evaluating JS: "function () {
             try {
               return   (function() {
                   const dart_sdk = require('dart_sdk');
                   const dart_rti = dart_sdk.dart_rti;
                   const dart = dart_sdk.dart;
                   return dart.fn(() => true, dart_rti._Universe.eval(dart_rti._theUniverse(), "core|bool()", true));
                 }(

                 ))();
             } catch (error) {
               return error.name + ": " + error.message;
             }
           }" with scope: {}
[   +5 ms] ExpressionEvaluator: Evaluated "() { return true; }" to "{type: boolean, value: true}"
[+26026 ms] The Flutter DevTools debugger and profiler on Chrome is available at: http://127.0.0.1:9103?uri=http://127.0.0.1:60525/kxEZW6QKp98=
[ +229 ms] DartError: Unsupported operation: Platform._operatingSystem
           dart-sdk/lib/_internal/js_dev_runtime/private/ddc_runtime/errors.dart 288:3  throw_
           dart-sdk/lib/_internal/js_dev_runtime/private/profile.dart 110:39            _operatingSystem
           dart-sdk/lib/io/platform_impl.dart 56:40                                     get operatingSystem
           dart-sdk/lib/io/platform.dart 83:44                                          get operatingSystem
           dart-sdk/lib/_internal/js_dev_runtime/private/profile.dart 110:39            get
           dart-sdk/lib/io/platform.dart 156:50                                         get isAndroid
           dart-sdk/lib/_internal/js_dev_runtime/private/profile.dart 110:39            get
           packages/calculus_system/main.dart 17:16                                     <fn>
           dart-sdk/lib/_internal/js_dev_runtime/patch/async_patch.dart 610:19          <fn>
           dart-sdk/lib/_internal/js_dev_runtime/patch/async_patch.dart 634:23          <fn>
           dart-sdk/lib/_internal/js_dev_runtime/patch/async_patch.dart 581:31          <fn>
           dart-sdk/lib/async/zone.dart 1676:54                                         runUnary
           dart-sdk/lib/async/future_impl.dart 204:18                                   handleValue
           dart-sdk/lib/async/future_impl.dart 902:44                                   handleValueCallback
           dart-sdk/lib/async/future_impl.dart 931:13                                   _propagateToListeners
           dart-sdk/lib/async/future_impl.dart 707:5                                    [_completeWithValue]
           dart-sdk/lib/_internal/js_dev_runtime/patch/async_patch.dart 496:7           complete
           dart-sdk/lib/_internal/js_dev_runtime/patch/async_patch.dart 558:12          _asyncReturn
           packages/calculus_system/theme/theme_provider.dart 26:3                      <fn>
           dart-sdk/lib/_internal/js_dev_runtime/patch/async_patch.dart 610:19          <fn>
           dart-sdk/lib/_internal/js_dev_runtime/patch/async_patch.dart 634:23          <fn>
           dart-sdk/lib/_internal/js_dev_runtime/patch/async_patch.dart 581:31          <fn>
           dart-sdk/lib/async/zone.dart 1676:54                                         runUnary
           dart-sdk/lib/async/future_impl.dart 204:18                                   handleValue
           dart-sdk/lib/async/future_impl.dart 902:44                                   handleValueCallback
           dart-sdk/lib/async/future_impl.dart 931:13                                   _propagateToListeners
           dart-sdk/lib/async/future_impl.dart 827:9                                    _propagateToListeners
           dart-sdk/lib/async/future_impl.dart 707:5                                    [_completeWithValue]
           dart-sdk/lib/async/future_impl.dart 777:7                                    callback
           dart-sdk/lib/async/schedule_microtask.dart 40:11                             _microtaskLoop
           dart-sdk/lib/async/schedule_microtask.dart 49:5                              _startMicrotaskLoop
           dart-sdk/lib/_internal/js_dev_runtime/patch/async_patch.dart 186:7           <fn>
[+414427 ms] ChromeProxyService: Destroying isolate
[  +19 ms] BatchedExpressionEvaluator: Closed
[ +206 ms] ChromeProxyService: Destroying isolate
[ +248 ms] DevHandler: Stopped debug service on ws://127.0.0.1:44456

[  +23 ms] Shutting down Chromium.
[+4376 ms] Application finished.
[  +67 ms] "flutter run" took 490,164ms.
[  +68 ms] Running 2 shutdown hooks
[  +13 ms] Shutdown hooks complete
[  +23 ms] exiting with code 0
